ARM Linker, 5.03 [Build 76] [MDK-ARM Lite]

==============================================================================

Section Cross References

    startup.o(RESET) refers to startup.o(STACK) for StackMem
    startup.o(RESET) refers to switch.o(i.SysTick_Handler) for SysTick_Handler
    startup.o(RESET) refers to st7735testmain.o(i.Timer0A_Handler) for Timer0A_Handler
    startup.o(RESET) refers to buttons_32.o(i.GPIOPortF_Handler) for GPIOPortF_Handler
    startup.o(RESET) refers to entry.o(.ARM.Collect$$$$00000000) for __main
    st7735.o(i.Output_Clear) refers to st7735.o(i.ST7735_FillScreen) for ST7735_FillScreen
    st7735.o(i.Output_Color) refers to st7735.o(i.ST7735_SetTextColor) for ST7735_SetTextColor
    st7735.o(i.Output_Init) refers to st7735.o(i.ST7735_InitR) for ST7735_InitR
    st7735.o(i.Output_Init) refers to st7735.o(i.ST7735_FillScreen) for ST7735_FillScreen
    st7735.o(i.Output_Off) refers to st7735.o(i.Output_Clear) for Output_Clear
    st7735.o(i.Output_On) refers to st7735.o(i.Output_Init) for Output_Init
    st7735.o(i.ST7735_DrawBitmap) refers to st7735.o(i.setAddrWindow) for setAddrWindow
    st7735.o(i.ST7735_DrawBitmap) refers to st7735.o(i.writedata) for writedata
    st7735.o(i.ST7735_DrawBitmap) refers to st7735.o(.data) for _width
    st7735.o(i.ST7735_DrawChar) refers to st7735.o(i.setAddrWindow) for setAddrWindow
    st7735.o(i.ST7735_DrawChar) refers to st7735.o(i.pushColor) for pushColor
    st7735.o(i.ST7735_DrawChar) refers to st7735.o(.data) for _width
    st7735.o(i.ST7735_DrawChar) refers to st7735.o(.constdata) for Font
    st7735.o(i.ST7735_DrawCharS) refers to st7735.o(i.ST7735_DrawPixel) for ST7735_DrawPixel
    st7735.o(i.ST7735_DrawCharS) refers to st7735.o(i.ST7735_FillRect) for ST7735_FillRect
    st7735.o(i.ST7735_DrawCharS) refers to st7735.o(.data) for _width
    st7735.o(i.ST7735_DrawCharS) refers to st7735.o(.constdata) for Font
    st7735.o(i.ST7735_DrawFastHLine) refers to st7735.o(i.setAddrWindow) for setAddrWindow
    st7735.o(i.ST7735_DrawFastHLine) refers to st7735.o(i.writedata) for writedata
    st7735.o(i.ST7735_DrawFastHLine) refers to st7735.o(.data) for _width
    st7735.o(i.ST7735_DrawFastVLine) refers to st7735.o(i.setAddrWindow) for setAddrWindow
    st7735.o(i.ST7735_DrawFastVLine) refers to st7735.o(i.writedata) for writedata
    st7735.o(i.ST7735_DrawFastVLine) refers to st7735.o(.data) for _width
    st7735.o(i.ST7735_DrawPixel) refers to st7735.o(i.setAddrWindow) for setAddrWindow
    st7735.o(i.ST7735_DrawPixel) refers to st7735.o(i.pushColor) for pushColor
    st7735.o(i.ST7735_DrawPixel) refers to st7735.o(.data) for _width
    st7735.o(i.ST7735_DrawString) refers to st7735.o(i.ST7735_DrawCharS) for ST7735_DrawCharS
    st7735.o(i.ST7735_FillRect) refers to st7735.o(i.setAddrWindow) for setAddrWindow
    st7735.o(i.ST7735_FillRect) refers to st7735.o(i.writedata) for writedata
    st7735.o(i.ST7735_FillRect) refers to st7735.o(.data) for _width
    st7735.o(i.ST7735_FillScreen) refers to st7735.o(i.ST7735_FillRect) for ST7735_FillRect
    st7735.o(i.ST7735_FillScreen) refers to st7735.o(.data) for _height
    st7735.o(i.ST7735_InitB) refers to st7735.o(i.commonInit) for commonInit
    st7735.o(i.ST7735_InitB) refers to st7735.o(i.ST7735_SetCursor) for ST7735_SetCursor
    st7735.o(i.ST7735_InitB) refers to st7735.o(i.ST7735_FillScreen) for ST7735_FillScreen
    st7735.o(i.ST7735_InitB) refers to st7735.o(.constdata) for Bcmd
    st7735.o(i.ST7735_InitB) refers to st7735.o(.data) for StTextColor
    st7735.o(i.ST7735_InitR) refers to st7735.o(i.commonInit) for commonInit
    st7735.o(i.ST7735_InitR) refers to st7735.o(i.commandList) for commandList
    st7735.o(i.ST7735_InitR) refers to st7735.o(i.writecommand) for writecommand
    st7735.o(i.ST7735_InitR) refers to st7735.o(i.writedata) for writedata
    st7735.o(i.ST7735_InitR) refers to st7735.o(i.ST7735_SetCursor) for ST7735_SetCursor
    st7735.o(i.ST7735_InitR) refers to st7735.o(i.ST7735_FillScreen) for ST7735_FillScreen
    st7735.o(i.ST7735_InitR) refers to st7735.o(.constdata) for Rcmd1
    st7735.o(i.ST7735_InitR) refers to st7735.o(.data) for ColStart
    st7735.o(i.ST7735_InvertDisplay) refers to st7735.o(i.writecommand) for writecommand
    st7735.o(i.ST7735_OutChar) refers to st7735.o(i.ST7735_DrawString) for ST7735_DrawString
    st7735.o(i.ST7735_OutChar) refers to st7735.o(i.ST7735_DrawCharS) for ST7735_DrawCharS
    st7735.o(i.ST7735_OutChar) refers to st7735.o(.data) for StY
    st7735.o(i.ST7735_OutString) refers to st7735.o(i.ST7735_OutChar) for ST7735_OutChar
    st7735.o(i.ST7735_OutUDec) refers to st7735.o(i.fillmessage) for fillmessage
    st7735.o(i.ST7735_OutUDec) refers to st7735.o(i.ST7735_DrawString) for ST7735_DrawString
    st7735.o(i.ST7735_OutUDec) refers to st7735.o(i.ST7735_DrawCharS) for ST7735_DrawCharS
    st7735.o(i.ST7735_OutUDec) refers to st7735.o(.data) for Messageindex
    st7735.o(i.ST7735_OutUDec) refers to st7735.o(.bss) for Message
    st7735.o(i.ST7735_PlotBar) refers to st7735.o(i.ST7735_DrawFastVLine) for ST7735_DrawFastVLine
    st7735.o(i.ST7735_PlotBar) refers to st7735.o(.data) for Ymin
    st7735.o(i.ST7735_PlotClear) refers to st7735.o(i.ST7735_Color565) for ST7735_Color565
    st7735.o(i.ST7735_PlotClear) refers to st7735.o(i.ST7735_FillRect) for ST7735_FillRect
    st7735.o(i.ST7735_PlotClear) refers to st7735.o(.data) for Ymax
    st7735.o(i.ST7735_PlotLine) refers to st7735.o(i.ST7735_DrawPixel) for ST7735_DrawPixel
    st7735.o(i.ST7735_PlotLine) refers to st7735.o(.data) for Ymin
    st7735.o(i.ST7735_PlotNext) refers to st7735.o(.data) for X
    st7735.o(i.ST7735_PlotNextErase) refers to st7735.o(i.ST7735_Color565) for ST7735_Color565
    st7735.o(i.ST7735_PlotNextErase) refers to st7735.o(i.ST7735_DrawFastVLine) for ST7735_DrawFastVLine
    st7735.o(i.ST7735_PlotNextErase) refers to st7735.o(.data) for X
    st7735.o(i.ST7735_PlotPoint) refers to st7735.o(i.ST7735_DrawPixel) for ST7735_DrawPixel
    st7735.o(i.ST7735_PlotPoint) refers to st7735.o(.data) for Ymin
    st7735.o(i.ST7735_PlotPoints) refers to st7735.o(i.ST7735_DrawPixel) for ST7735_DrawPixel
    st7735.o(i.ST7735_PlotPoints) refers to st7735.o(.data) for Ymin
    st7735.o(i.ST7735_PlotdBfs) refers to st7735.o(i.ST7735_DrawFastVLine) for ST7735_DrawFastVLine
    st7735.o(i.ST7735_PlotdBfs) refers to st7735.o(.constdata) for dBfs
    st7735.o(i.ST7735_PlotdBfs) refers to st7735.o(.data) for X
    st7735.o(i.ST7735_SetCursor) refers to st7735.o(.data) for StX
    st7735.o(i.ST7735_SetRotation) refers to st7735.o(i.writecommand) for writecommand
    st7735.o(i.ST7735_SetRotation) refers to st7735.o(i.writedata) for writedata
    st7735.o(i.ST7735_SetRotation) refers to st7735.o(.data) for Rotation
    st7735.o(i.ST7735_SetTextColor) refers to st7735.o(.data) for StTextColor
    st7735.o(i.commandList) refers to st7735.o(i.writecommand) for writecommand
    st7735.o(i.commandList) refers to st7735.o(i.writedata) for writedata
    st7735.o(i.commandList) refers to st7735.o(i.Delay1ms) for Delay1ms
    st7735.o(i.commonInit) refers to st7735.o(i.Delay1ms) for Delay1ms
    st7735.o(i.commonInit) refers to st7735.o(i.commandList) for commandList
    st7735.o(i.commonInit) refers to st7735.o(.data) for RowStart
    st7735.o(i.fillmessage) refers to st7735.o(.bss) for Message
    st7735.o(i.fillmessage) refers to st7735.o(.data) for Messageindex
    st7735.o(i.fputc) refers to st7735.o(i.ST7735_OutChar) for ST7735_OutChar
    st7735.o(i.pushColor) refers to st7735.o(i.writedata) for writedata
    st7735.o(i.setAddrWindow) refers to st7735.o(i.writecommand) for writecommand
    st7735.o(i.setAddrWindow) refers to st7735.o(i.writedata) for writedata
    st7735.o(i.setAddrWindow) refers to st7735.o(.data) for ColStart
    st7735testmain.o(i.BS_Find_Dac_Out) refers to dac.o(i.DAC_Out) for DAC_Out
    st7735testmain.o(i.BS_Find_Dac_Out) refers to adcswtrigger.o(i.ADC0_InSeq3) for ADC0_InSeq3
    st7735testmain.o(i.BS_Find_Dac_Out) refers to dflti.o(.text) for __aeabi_i2d
    st7735testmain.o(i.BS_Find_Dac_Out) refers to cdcmple.o(.text) for __aeabi_cdcmple
    st7735testmain.o(i.BS_Find_Dac_Out) refers to buttons_32.o(.data) for error
    st7735testmain.o(i.DrawScreenBase) refers to st7735.o(i.ST7735_FillScreen) for ST7735_FillScreen
    st7735testmain.o(i.DrawScreenBase) refers to st7735.o(i.ST7735_SetCursor) for ST7735_SetCursor
    st7735testmain.o(i.DrawScreenBase) refers to st7735.o(i.ST7735_OutString) for ST7735_OutString
    st7735testmain.o(i.DrawScreenBase) refers to st7735.o(i.ST7735_OutUDec) for ST7735_OutUDec
    st7735testmain.o(i.DrawScreenBase) refers to printfa.o(i.__0printf) for __2printf
    st7735testmain.o(i.DrawScreenBase) refers to st7735testmain.o(.data) for bits
    st7735testmain.o(i.Timer0A_Handler) refers to adcswtrigger.o(i.ADC0_InSeq3) for ADC0_InSeq3
    st7735testmain.o(i.Timer0A_Handler) refers to st7735testmain.o(.data) for ADCvalue
    st7735testmain.o(i.Timer0A_Init100HzInt) refers to startup.o(.text) for DisableInterrupts
    st7735testmain.o(i.getADCOutput) refers to dac.o(i.DAC_Out) for DAC_Out
    st7735testmain.o(i.getADCOutput) refers to adcswtrigger.o(i.ADC0_InSeq3) for ADC0_InSeq3
    st7735testmain.o(i.getADCOutput) refers to st7735.o(i.ST7735_SetCursor) for ST7735_SetCursor
    st7735testmain.o(i.getADCOutput) refers to dfltui.o(.text) for __aeabi_ui2d
    st7735testmain.o(i.getADCOutput) refers to ddiv.o(.text) for __aeabi_ddiv
    st7735testmain.o(i.getADCOutput) refers to dmul.o(.text) for __aeabi_dmul
    st7735testmain.o(i.getADCOutput) refers to dfixui.o(.text) for __aeabi_d2uiz
    st7735testmain.o(i.getADCOutput) refers to st7735.o(i.ST7735_OutUDec) for ST7735_OutUDec
    st7735testmain.o(i.main) refers to startup.o(.text) for DisableInterrupts
    st7735testmain.o(i.main) refers to pll.o(i.PLL_Init) for PLL_Init
    st7735testmain.o(i.main) refers to st7735.o(i.ST7735_InitR) for ST7735_InitR
    st7735testmain.o(i.main) refers to st7735testmain.o(i.Board_Init) for Board_Init
    st7735testmain.o(i.main) refers to dac.o(i.DAC_Init) for DAC_Init
    st7735testmain.o(i.main) refers to adcswtrigger.o(i.ADC0_InitSWTriggerSeq3_Ch9) for ADC0_InitSWTriggerSeq3_Ch9
    st7735testmain.o(i.main) refers to st7735testmain.o(i.Timer0A_Init100HzInt) for Timer0A_Init100HzInt
    st7735testmain.o(i.main) refers to st7735testmain.o(i.Timer1_Init) for Timer1_Init
    st7735testmain.o(i.main) refers to switch.o(i.SwitchInit) for SwitchInit
    st7735testmain.o(i.main) refers to st7735testmain.o(i.getADCOutput) for getADCOutput
    fixed.o(i.ST7735_XYplot) refers to st7735.o(i.ST7735_DrawPixel) for ST7735_DrawPixel
    fixed.o(i.ST7735_XYplot) refers to fixed.o(.data) for MaxX
    fixed.o(i.ST7735_XYplotInit) refers to st7735.o(i.ST7735_FillScreen) for ST7735_FillScreen
    fixed.o(i.ST7735_XYplotInit) refers to st7735.o(i.ST7735_SetCursor) for ST7735_SetCursor
    fixed.o(i.ST7735_XYplotInit) refers to st7735.o(i.ST7735_PlotClear) for ST7735_PlotClear
    fixed.o(i.ST7735_XYplotInit) refers to printfa.o(i.__0printf) for __2printf
    fixed.o(i.ST7735_XYplotInit) refers to fixed.o(.data) for MaxX
    fixed.o(i.ST7735_sDecOut2) refers to printfa.o(i.__0printf) for __2printf
    fixed.o(i.ST7735_sDecOut2) refers to fflti.o(.text) for __aeabi_i2f
    fixed.o(i.ST7735_sDecOut2) refers to f2d.o(.text) for __aeabi_f2d
    fixed.o(i.ST7735_sDecOut2) refers to dmul.o(.text) for __aeabi_dmul
    fixed.o(i.ST7735_uBinOut6) refers to printfa.o(i.__0printf) for __2printf
    fixed.o(i.ST7735_uBinOut6) refers to ffltui.o(.text) for __aeabi_ui2f
    fixed.o(i.ST7735_uBinOut6) refers to fdiv.o(.text) for __aeabi_fdiv
    fixed.o(i.ST7735_uBinOut6) refers to f2d.o(.text) for __aeabi_f2d
    lab1.o(i.Pause) refers to lab1.o(i.DelayWait10ms) for DelayWait10ms
    lab1.o(i.main1) refers to pll.o(i.PLL_Init) for PLL_Init
    lab1.o(i.main1) refers to lab1.o(i.PortF_Init) for PortF_Init
    lab1.o(i.main1) refers to st7735.o(i.ST7735_InitR) for ST7735_InitR
    lab1.o(i.main1) refers to st7735.o(i.ST7735_FillScreen) for ST7735_FillScreen
    lab1.o(i.main1) refers to st7735.o(i.ST7735_SetCursor) for ST7735_SetCursor
    lab1.o(i.main1) refers to printfa.o(i.__0printf) for __2printf
    lab1.o(i.main1) refers to fixed.o(i.ST7735_sDecOut2) for ST7735_sDecOut2
    lab1.o(i.main1) refers to st7735.o(i.ST7735_OutString) for ST7735_OutString
    lab1.o(i.main1) refers to lab1.o(i.Pause) for Pause
    lab1.o(i.main1) refers to fixed.o(i.ST7735_uBinOut6) for ST7735_uBinOut6
    lab1.o(i.main1) refers to fixed.o(i.ST7735_XYplotInit) for ST7735_XYplotInit
    lab1.o(i.main1) refers to fixed.o(i.ST7735_XYplot) for ST7735_XYplot
    lab1.o(i.main1) refers to lab1.o(.constdata) for outTests1
    lab1.o(i.main4) refers to lab1.o(i.PortF_Init) for PortF_Init
    lab1.o(i.main4) refers to lab1.o(i.DelayWait10ms) for DelayWait10ms
    lab1.o(i.main5) refers to lab1.o(i.PortF_Init) for PortF_Init
    lab1.o(i.main5) refers to lab1.o(i.DelayWait10ms) for DelayWait10ms
    buttons_32.o(i.Bit_numbers_active) refers to buttons_32.o(.data) for bit_number
    buttons_32.o(i.Button_input) refers to cdcmple.o(.text) for __aeabi_cdcmpeq
    buttons_32.o(i.Button_input) refers to dadd.o(.text) for __aeabi_dadd
    buttons_32.o(i.Button_input) refers to cdrcmple.o(.text) for __aeabi_cdrcmple
    buttons_32.o(i.Button_input) refers to buttons_32.o(.data) for error
    buttons_32.o(i.GPIOPortF_Handler) refers to buttons_32.o(.data) for trim_status
    buttons_32.o(i.Read_Input) refers to buttons_32.o(.bss) for button_debouncer
    buttons_32.o(i.Trim_Algo) refers to buttons_32.o(.data) for trim_algo
    buttons_32.o(i.Trim_algo_status) refers to buttons_32.o(.data) for trim_status
    buttons_32.o(i.error_return) refers to dfixi.o(.text) for __aeabi_d2iz
    buttons_32.o(i.error_return) refers to buttons_32.o(.data) for error
    linear_case.o(i.Linear_Find_Dac_Out) refers to linear_case.o(i.convert_float_to_fp) for convert_float_to_fp
    linear_case.o(i.Linear_Find_Dac_Out) refers to linear_case.o(i.convert_int_to_fp) for convert_int_to_fp
    linear_case.o(i.Linear_Find_Dac_Out) refers to linear_case.o(i.sub_fp) for sub_fp
    linear_case.o(i.Linear_Find_Dac_Out) refers to linear_case.o(i.div_fp) for div_fp
    linear_case.o(i.Linear_Find_Dac_Out) refers to linear_case.o(i.convert_fp_to_int_rn) for convert_fp_to_int_rn
    linear_case.o(i.add_fp_int) refers to linear_case.o(i.convert_int_to_fp) for convert_int_to_fp
    linear_case.o(i.convert_float_to_fp) refers to fmul.o(.text) for __aeabi_fmul
    linear_case.o(i.convert_float_to_fp) refers to ffixi.o(.text) for __aeabi_f2iz
    linear_case.o(i.convert_fp_to_float_rn) refers to fflti.o(.text) for __aeabi_i2f
    linear_case.o(i.convert_fp_to_float_rn) refers to fdiv.o(.text) for __aeabi_fdiv
    linear_case.o(i.div_fp) refers to ldiv.o(.text) for __aeabi_ldivmod
    linear_case.o(i.fp_exp) refers to linear_case.o(i.fp_ln) for fp_ln
    linear_case.o(i.fp_ln) refers to memcpya.o(.text) for __aeabi_memcpy4
    linear_case.o(i.fp_ln) refers to linear_case.o(i.clz) for clz
    linear_case.o(i.fp_ln) refers to ldiv.o(.text) for __aeabi_ldivmod
    linear_case.o(i.fp_ln) refers to linear_case.o(.constdata) for .constdata
    linear_case.o(i.fp_pow) refers to linear_case.o(i.fp_ln) for fp_ln
    linear_case.o(i.fp_pow) refers to linear_case.o(i.fp_exp) for fp_exp
    linear_case.o(i.fp_sqrt) refers to linear_case.o(i.clz) for clz
    linear_case.o(i.fp_sqrt) refers to uldiv.o(.text) for __aeabi_uldivmod
    linear_case.o(i.mult_fp) refers to ldiv.o(.text) for __aeabi_ldivmod
    linear_case.o(i.sub_fp_int) refers to linear_case.o(i.convert_int_to_fp) for convert_int_to_fp
    trimmingdisplaydriver.o(i.Display_Results) refers to st7735.o(i.ST7735_FillScreen) for ST7735_FillScreen
    trimmingdisplaydriver.o(i.Display_Results) refers to st7735.o(i.ST7735_SetCursor) for ST7735_SetCursor
    trimmingdisplaydriver.o(i.Display_Results) refers to printfa.o(i.__0printf) for __2printf
    trimmingdisplaydriver.o(i.Display_Results) refers to fixed.o(i.ST7735_sDecOut2) for ST7735_sDecOut2
    trimmingdisplaydriver.o(i.Display_Results) refers to lab1.o(i.Pause) for Pause
    trimmingdisplaydriver.o(.data) refers to trimmingdisplaydriver.o(.conststring) for .conststring
    switch.o(i.SwitchInit) refers to switch.o(i.PortB_Init) for PortB_Init
    switch.o(i.SwitchInit) refers to switch.o(i.SysTick_Init) for SysTick_Init
    switch.o(i.SwitchInit) refers to switch.o(.data) for port_data
    switch.o(i.SysTick_Handler) refers to switch.o(.data) for port_data
    switch.o(i.SysTick_Init) refers to startup.o(.text) for StartCritical
    entry.o(.ARM.Collect$$$$00000000) refers (Special) to entry10a.o(.ARM.Collect$$$$0000000D) for __rt_final_cpp
    entry.o(.ARM.Collect$$$$00000000) refers (Special) to entry11a.o(.ARM.Collect$$$$0000000F) for __rt_final_exit
    entry.o(.ARM.Collect$$$$00000000) refers (Special) to entry7b.o(.ARM.Collect$$$$00000008) for _main_clock
    entry.o(.ARM.Collect$$$$00000000) refers (Special) to entry8b.o(.ARM.Collect$$$$0000000A) for _main_cpp_init
    entry.o(.ARM.Collect$$$$00000000) refers (Special) to entry9a.o(.ARM.Collect$$$$0000000B) for _main_init
    entry.o(.ARM.Collect$$$$00000000) refers (Special) to entry5.o(.ARM.Collect$$$$00000004) for _main_scatterload
    entry.o(.ARM.Collect$$$$00000000) refers (Special) to entry2.o(.ARM.Collect$$$$00000001) for _main_stk
    uldiv.o(.text) refers to llushr.o(.text) for __aeabi_llsr
    uldiv.o(.text) refers to llshl.o(.text) for __aeabi_llsl
    ldiv.o(.text) refers to uldiv.o(.text) for __aeabi_uldivmod
    printfb.o(i.__0fprintf$bare) refers to printfb.o(i._printf_core) for _printf_core
    printfb.o(i.__0fprintf$bare) refers to st7735.o(i.fputc) for fputc
    printfb.o(i.__0printf$bare) refers to printfb.o(i._printf_core) for _printf_core
    printfb.o(i.__0printf$bare) refers to st7735.o(i.fputc) for fputc
    printfb.o(i.__0printf$bare) refers to stdout.o(.data) for __stdout
    printfb.o(i.__0snprintf$bare) refers to printfb.o(i._printf_core) for _printf_core
    printfb.o(i.__0snprintf$bare) refers to printfb.o(i._snputc) for _snputc
    printfb.o(i.__0sprintf$bare) refers to printfb.o(i._printf_core) for _printf_core
    printfb.o(i.__0sprintf$bare) refers to printfb.o(i._sputc) for _sputc
    printfb.o(i.__0vfprintf$bare) refers to printfb.o(i._printf_core) for _printf_core
    printfb.o(i.__0vfprintf$bare) refers to st7735.o(i.fputc) for fputc
    printfb.o(i.__0vprintf$bare) refers to printfb.o(i._printf_core) for _printf_core
    printfb.o(i.__0vprintf$bare) refers to st7735.o(i.fputc) for fputc
    printfb.o(i.__0vprintf$bare) refers to stdout.o(.data) for __stdout
    printfb.o(i.__0vsnprintf$bare) refers to printfb.o(i._printf_core) for _printf_core
    printfb.o(i.__0vsnprintf$bare) refers to printfb.o(i._snputc) for _snputc
    printfb.o(i.__0vsprintf$bare) refers to printfb.o(i._printf_core) for _printf_core
    printfb.o(i.__0vsprintf$bare) refers to printfb.o(i._sputc) for _sputc
    printf0.o(i.__0fprintf$0) refers to printf0.o(i._printf_core) for _printf_core
    printf0.o(i.__0fprintf$0) refers to st7735.o(i.fputc) for fputc
    printf0.o(i.__0printf$0) refers to printf0.o(i._printf_core) for _printf_core
    printf0.o(i.__0printf$0) refers to st7735.o(i.fputc) for fputc
    printf0.o(i.__0printf$0) refers to stdout.o(.data) for __stdout
    printf0.o(i.__0snprintf$0) refers to printf0.o(i._printf_core) for _printf_core
    printf0.o(i.__0snprintf$0) refers to printf0.o(i._snputc) for _snputc
    printf0.o(i.__0sprintf$0) refers to printf0.o(i._printf_core) for _printf_core
    printf0.o(i.__0sprintf$0) refers to printf0.o(i._sputc) for _sputc
    printf0.o(i.__0vfprintf$0) refers to printf0.o(i._printf_core) for _printf_core
    printf0.o(i.__0vfprintf$0) refers to st7735.o(i.fputc) for fputc
    printf0.o(i.__0vprintf$0) refers to printf0.o(i._printf_core) for _printf_core
    printf0.o(i.__0vprintf$0) refers to st7735.o(i.fputc) for fputc
    printf0.o(i.__0vprintf$0) refers to stdout.o(.data) for __stdout
    printf0.o(i.__0vsnprintf$0) refers to printf0.o(i._printf_core) for _printf_core
    printf0.o(i.__0vsnprintf$0) refers to printf0.o(i._snputc) for _snputc
    printf0.o(i.__0vsprintf$0) refers to printf0.o(i._printf_core) for _printf_core
    printf0.o(i.__0vsprintf$0) refers to printf0.o(i._sputc) for _sputc
    printf1.o(i.__0fprintf$1) refers to printf1.o(i._printf_core) for _printf_core
    printf1.o(i.__0fprintf$1) refers to st7735.o(i.fputc) for fputc
    printf1.o(i.__0printf$1) refers to printf1.o(i._printf_core) for _printf_core
    printf1.o(i.__0printf$1) refers to st7735.o(i.fputc) for fputc
    printf1.o(i.__0printf$1) refers to stdout.o(.data) for __stdout
    printf1.o(i.__0snprintf$1) refers to printf1.o(i._printf_core) for _printf_core
    printf1.o(i.__0snprintf$1) refers to printf1.o(i._snputc) for _snputc
    printf1.o(i.__0sprintf$1) refers to printf1.o(i._printf_core) for _printf_core
    printf1.o(i.__0sprintf$1) refers to printf1.o(i._sputc) for _sputc
    printf1.o(i.__0vfprintf$1) refers to printf1.o(i._printf_core) for _printf_core
    printf1.o(i.__0vfprintf$1) refers to st7735.o(i.fputc) for fputc
    printf1.o(i.__0vprintf$1) refers to printf1.o(i._printf_core) for _printf_core
    printf1.o(i.__0vprintf$1) refers to st7735.o(i.fputc) for fputc
    printf1.o(i.__0vprintf$1) refers to stdout.o(.data) for __stdout
    printf1.o(i.__0vsnprintf$1) refers to printf1.o(i._printf_core) for _printf_core
    printf1.o(i.__0vsnprintf$1) refers to printf1.o(i._snputc) for _snputc
    printf1.o(i.__0vsprintf$1) refers to printf1.o(i._printf_core) for _printf_core
    printf1.o(i.__0vsprintf$1) refers to printf1.o(i._sputc) for _sputc
    printf1.o(i._printf_core) refers to uidiv.o(.text) for __aeabi_uidivmod
    printf2.o(i.__0fprintf$2) refers to printf2.o(i._printf_core) for _printf_core
    printf2.o(i.__0fprintf$2) refers to st7735.o(i.fputc) for fputc
    printf2.o(i.__0printf$2) refers to printf2.o(i._printf_core) for _printf_core
    printf2.o(i.__0printf$2) refers to st7735.o(i.fputc) for fputc
    printf2.o(i.__0printf$2) refers to stdout.o(.data) for __stdout
    printf2.o(i.__0snprintf$2) refers to printf2.o(i._printf_core) for _printf_core
    printf2.o(i.__0snprintf$2) refers to printf2.o(i._snputc) for _snputc
    printf2.o(i.__0sprintf$2) refers to printf2.o(i._printf_core) for _printf_core
    printf2.o(i.__0sprintf$2) refers to printf2.o(i._sputc) for _sputc
    printf2.o(i.__0vfprintf$2) refers to printf2.o(i._printf_core) for _printf_core
    printf2.o(i.__0vfprintf$2) refers to st7735.o(i.fputc) for fputc
    printf2.o(i.__0vprintf$2) refers to printf2.o(i._printf_core) for _printf_core
    printf2.o(i.__0vprintf$2) refers to st7735.o(i.fputc) for fputc
    printf2.o(i.__0vprintf$2) refers to stdout.o(.data) for __stdout
    printf2.o(i.__0vsnprintf$2) refers to printf2.o(i._printf_core) for _printf_core
    printf2.o(i.__0vsnprintf$2) refers to printf2.o(i._snputc) for _snputc
    printf2.o(i.__0vsprintf$2) refers to printf2.o(i._printf_core) for _printf_core
    printf2.o(i.__0vsprintf$2) refers to printf2.o(i._sputc) for _sputc
    printf3.o(i.__0fprintf$3) refers to printf3.o(i._printf_core) for _printf_core
    printf3.o(i.__0fprintf$3) refers to st7735.o(i.fputc) for fputc
    printf3.o(i.__0printf$3) refers to printf3.o(i._printf_core) for _printf_core
    printf3.o(i.__0printf$3) refers to st7735.o(i.fputc) for fputc
    printf3.o(i.__0printf$3) refers to stdout.o(.data) for __stdout
    printf3.o(i.__0snprintf$3) refers to printf3.o(i._printf_core) for _printf_core
    printf3.o(i.__0snprintf$3) refers to printf3.o(i._snputc) for _snputc
    printf3.o(i.__0sprintf$3) refers to printf3.o(i._printf_core) for _printf_core
    printf3.o(i.__0sprintf$3) refers to printf3.o(i._sputc) for _sputc
    printf3.o(i.__0vfprintf$3) refers to printf3.o(i._printf_core) for _printf_core
    printf3.o(i.__0vfprintf$3) refers to st7735.o(i.fputc) for fputc
    printf3.o(i.__0vprintf$3) refers to printf3.o(i._printf_core) for _printf_core
    printf3.o(i.__0vprintf$3) refers to st7735.o(i.fputc) for fputc
    printf3.o(i.__0vprintf$3) refers to stdout.o(.data) for __stdout
    printf3.o(i.__0vsnprintf$3) refers to printf3.o(i._printf_core) for _printf_core
    printf3.o(i.__0vsnprintf$3) refers to printf3.o(i._snputc) for _snputc
    printf3.o(i.__0vsprintf$3) refers to printf3.o(i._printf_core) for _printf_core
    printf3.o(i.__0vsprintf$3) refers to printf3.o(i._sputc) for _sputc
    printf3.o(i._printf_core) refers to uidiv.o(.text) for __aeabi_uidivmod
    printf4.o(i.__0fprintf$4) refers to printf4.o(i._printf_core) for _printf_core
    printf4.o(i.__0fprintf$4) refers to st7735.o(i.fputc) for fputc
    printf4.o(i.__0printf$4) refers to printf4.o(i._printf_core) for _printf_core
    printf4.o(i.__0printf$4) refers to st7735.o(i.fputc) for fputc
    printf4.o(i.__0printf$4) refers to stdout.o(.data) for __stdout
    printf4.o(i.__0snprintf$4) refers to printf4.o(i._printf_core) for _printf_core
    printf4.o(i.__0snprintf$4) refers to printf4.o(i._snputc) for _snputc
    printf4.o(i.__0sprintf$4) refers to printf4.o(i._printf_core) for _printf_core
    printf4.o(i.__0sprintf$4) refers to printf4.o(i._sputc) for _sputc
    printf4.o(i.__0vfprintf$4) refers to printf4.o(i._printf_core) for _printf_core
    printf4.o(i.__0vfprintf$4) refers to st7735.o(i.fputc) for fputc
    printf4.o(i.__0vprintf$4) refers to printf4.o(i._printf_core) for _printf_core
    printf4.o(i.__0vprintf$4) refers to st7735.o(i.fputc) for fputc
    printf4.o(i.__0vprintf$4) refers to stdout.o(.data) for __stdout
    printf4.o(i.__0vsnprintf$4) refers to printf4.o(i._printf_core) for _printf_core
    printf4.o(i.__0vsnprintf$4) refers to printf4.o(i._snputc) for _snputc
    printf4.o(i.__0vsprintf$4) refers to printf4.o(i._printf_core) for _printf_core
    printf4.o(i.__0vsprintf$4) refers to printf4.o(i._sputc) for _sputc
    printf4.o(i._printf_core) refers to uldiv.o(.text) for __aeabi_uldivmod
    printf5.o(i.__0fprintf$5) refers to printf5.o(i._printf_core) for _printf_core
    printf5.o(i.__0fprintf$5) refers to st7735.o(i.fputc) for fputc
    printf5.o(i.__0printf$5) refers to printf5.o(i._printf_core) for _printf_core
    printf5.o(i.__0printf$5) refers to st7735.o(i.fputc) for fputc
    printf5.o(i.__0printf$5) refers to stdout.o(.data) for __stdout
    printf5.o(i.__0snprintf$5) refers to printf5.o(i._printf_core) for _printf_core
    printf5.o(i.__0snprintf$5) refers to printf5.o(i._snputc) for _snputc
    printf5.o(i.__0sprintf$5) refers to printf5.o(i._printf_core) for _printf_core
    printf5.o(i.__0sprintf$5) refers to printf5.o(i._sputc) for _sputc
    printf5.o(i.__0vfprintf$5) refers to printf5.o(i._printf_core) for _printf_core
    printf5.o(i.__0vfprintf$5) refers to st7735.o(i.fputc) for fputc
    printf5.o(i.__0vprintf$5) refers to printf5.o(i._printf_core) for _printf_core
    printf5.o(i.__0vprintf$5) refers to st7735.o(i.fputc) for fputc
    printf5.o(i.__0vprintf$5) refers to stdout.o(.data) for __stdout
    printf5.o(i.__0vsnprintf$5) refers to printf5.o(i._printf_core) for _printf_core
    printf5.o(i.__0vsnprintf$5) refers to printf5.o(i._snputc) for _snputc
    printf5.o(i.__0vsprintf$5) refers to printf5.o(i._printf_core) for _printf_core
    printf5.o(i.__0vsprintf$5) refers to printf5.o(i._sputc) for _sputc
    printf5.o(i._printf_core) refers to uldiv.o(.text) for __aeabi_uldivmod
    printf6.o(i.__0fprintf$6) refers to printf6.o(i._printf_core) for _printf_core
    printf6.o(i.__0fprintf$6) refers to st7735.o(i.fputc) for fputc
    printf6.o(i.__0printf$6) refers to printf6.o(i._printf_core) for _printf_core
    printf6.o(i.__0printf$6) refers to st7735.o(i.fputc) for fputc
    printf6.o(i.__0printf$6) refers to stdout.o(.data) for __stdout
    printf6.o(i.__0snprintf$6) refers to printf6.o(i._printf_core) for _printf_core
    printf6.o(i.__0snprintf$6) refers to printf6.o(i._snputc) for _snputc
    printf6.o(i.__0sprintf$6) refers to printf6.o(i._printf_core) for _printf_core
    printf6.o(i.__0sprintf$6) refers to printf6.o(i._sputc) for _sputc
    printf6.o(i.__0vfprintf$6) refers to printf6.o(i._printf_core) for _printf_core
    printf6.o(i.__0vfprintf$6) refers to st7735.o(i.fputc) for fputc
    printf6.o(i.__0vprintf$6) refers to printf6.o(i._printf_core) for _printf_core
    printf6.o(i.__0vprintf$6) refers to st7735.o(i.fputc) for fputc
    printf6.o(i.__0vprintf$6) refers to stdout.o(.data) for __stdout
    printf6.o(i.__0vsnprintf$6) refers to printf6.o(i._printf_core) for _printf_core
    printf6.o(i.__0vsnprintf$6) refers to printf6.o(i._snputc) for _snputc
    printf6.o(i.__0vsprintf$6) refers to printf6.o(i._printf_core) for _printf_core
    printf6.o(i.__0vsprintf$6) refers to printf6.o(i._sputc) for _sputc
    printf6.o(i._printf_core) refers to printf6.o(i._printf_pre_padding) for _printf_pre_padding
    printf6.o(i._printf_core) refers to uidiv.o(.text) for __aeabi_uidivmod
    printf6.o(i._printf_core) refers to printf6.o(i._printf_post_padding) for _printf_post_padding
    printf7.o(i.__0fprintf$7) refers to printf7.o(i._printf_core) for _printf_core
    printf7.o(i.__0fprintf$7) refers to st7735.o(i.fputc) for fputc
    printf7.o(i.__0printf$7) refers to printf7.o(i._printf_core) for _printf_core
    printf7.o(i.__0printf$7) refers to st7735.o(i.fputc) for fputc
    printf7.o(i.__0printf$7) refers to stdout.o(.data) for __stdout
    printf7.o(i.__0snprintf$7) refers to printf7.o(i._printf_core) for _printf_core
    printf7.o(i.__0snprintf$7) refers to printf7.o(i._snputc) for _snputc
    printf7.o(i.__0sprintf$7) refers to printf7.o(i._printf_core) for _printf_core
    printf7.o(i.__0sprintf$7) refers to printf7.o(i._sputc) for _sputc
    printf7.o(i.__0vfprintf$7) refers to printf7.o(i._printf_core) for _printf_core
    printf7.o(i.__0vfprintf$7) refers to st7735.o(i.fputc) for fputc
    printf7.o(i.__0vprintf$7) refers to printf7.o(i._printf_core) for _printf_core
    printf7.o(i.__0vprintf$7) refers to st7735.o(i.fputc) for fputc
    printf7.o(i.__0vprintf$7) refers to stdout.o(.data) for __stdout
    printf7.o(i.__0vsnprintf$7) refers to printf7.o(i._printf_core) for _printf_core
    printf7.o(i.__0vsnprintf$7) refers to printf7.o(i._snputc) for _snputc
    printf7.o(i.__0vsprintf$7) refers to printf7.o(i._printf_core) for _printf_core
    printf7.o(i.__0vsprintf$7) refers to printf7.o(i._sputc) for _sputc
    printf7.o(i._printf_core) refers to printf7.o(i._printf_pre_padding) for _printf_pre_padding
    printf7.o(i._printf_core) refers to uldiv.o(.text) for __aeabi_uldivmod
    printf7.o(i._printf_core) refers to printf7.o(i._printf_post_padding) for _printf_post_padding
    printf8.o(i.__0fprintf$8) refers to printf8.o(i._printf_core) for _printf_core
    printf8.o(i.__0fprintf$8) refers to st7735.o(i.fputc) for fputc
    printf8.o(i.__0printf$8) refers to printf8.o(i._printf_core) for _printf_core
    printf8.o(i.__0printf$8) refers to st7735.o(i.fputc) for fputc
    printf8.o(i.__0printf$8) refers to stdout.o(.data) for __stdout
    printf8.o(i.__0snprintf$8) refers to printf8.o(i._printf_core) for _printf_core
    printf8.o(i.__0snprintf$8) refers to printf8.o(i._snputc) for _snputc
    printf8.o(i.__0sprintf$8) refers to printf8.o(i._printf_core) for _printf_core
    printf8.o(i.__0sprintf$8) refers to printf8.o(i._sputc) for _sputc
    printf8.o(i.__0vfprintf$8) refers to printf8.o(i._printf_core) for _printf_core
    printf8.o(i.__0vfprintf$8) refers to st7735.o(i.fputc) for fputc
    printf8.o(i.__0vprintf$8) refers to printf8.o(i._printf_core) for _printf_core
    printf8.o(i.__0vprintf$8) refers to st7735.o(i.fputc) for fputc
    printf8.o(i.__0vprintf$8) refers to stdout.o(.data) for __stdout
    printf8.o(i.__0vsnprintf$8) refers to printf8.o(i._printf_core) for _printf_core
    printf8.o(i.__0vsnprintf$8) refers to printf8.o(i._snputc) for _snputc
    printf8.o(i.__0vsprintf$8) refers to printf8.o(i._printf_core) for _printf_core
    printf8.o(i.__0vsprintf$8) refers to printf8.o(i._sputc) for _sputc
    printf8.o(i._printf_core) refers to printf8.o(i._printf_pre_padding) for _printf_pre_padding
    printf8.o(i._printf_core) refers to uldiv.o(.text) for __aeabi_uldivmod
    printf8.o(i._printf_core) refers to printf8.o(i._printf_post_padding) for _printf_post_padding
    printfa.o(i.__0fprintf) refers (Special) to iusefp.o(.text) for __I$use$fp
    printfa.o(i.__0fprintf) refers to printfa.o(i._printf_core) for _printf_core
    printfa.o(i.__0fprintf) refers to st7735.o(i.fputc) for fputc
    printfa.o(i.__0printf) refers (Special) to iusefp.o(.text) for __I$use$fp
    printfa.o(i.__0printf) refers to printfa.o(i._printf_core) for _printf_core
    printfa.o(i.__0printf) refers to st7735.o(i.fputc) for fputc
    printfa.o(i.__0printf) refers to stdout.o(.data) for __stdout
    printfa.o(i.__0snprintf) refers (Special) to iusefp.o(.text) for __I$use$fp
    printfa.o(i.__0snprintf) refers to printfa.o(i._printf_core) for _printf_core
    printfa.o(i.__0snprintf) refers to printfa.o(i._snputc) for _snputc
    printfa.o(i.__0sprintf) refers (Special) to iusefp.o(.text) for __I$use$fp
    printfa.o(i.__0sprintf) refers to printfa.o(i._printf_core) for _printf_core
    printfa.o(i.__0sprintf) refers to printfa.o(i._sputc) for _sputc
    printfa.o(i.__0vfprintf) refers (Special) to iusefp.o(.text) for __I$use$fp
    printfa.o(i.__0vfprintf) refers to printfa.o(i._printf_core) for _printf_core
    printfa.o(i.__0vfprintf) refers to st7735.o(i.fputc) for fputc
    printfa.o(i.__0vprintf) refers (Special) to iusefp.o(.text) for __I$use$fp
    printfa.o(i.__0vprintf) refers to printfa.o(i._printf_core) for _printf_core
    printfa.o(i.__0vprintf) refers to st7735.o(i.fputc) for fputc
    printfa.o(i.__0vprintf) refers to stdout.o(.data) for __stdout
    printfa.o(i.__0vsnprintf) refers (Special) to iusefp.o(.text) for __I$use$fp
    printfa.o(i.__0vsnprintf) refers to printfa.o(i._printf_core) for _printf_core
    printfa.o(i.__0vsnprintf) refers to printfa.o(i._snputc) for _snputc
    printfa.o(i.__0vsprintf) refers (Special) to iusefp.o(.text) for __I$use$fp
    printfa.o(i.__0vsprintf) refers to printfa.o(i._printf_core) for _printf_core
    printfa.o(i.__0vsprintf) refers to printfa.o(i._sputc) for _sputc
    printfa.o(i._fp_digits) refers (Special) to iusefp.o(.text) for __I$use$fp
    printfa.o(i._fp_digits) refers to dmul.o(.text) for __aeabi_dmul
    printfa.o(i._fp_digits) refers to ddiv.o(.text) for __aeabi_ddiv
    printfa.o(i._fp_digits) refers to cdrcmple.o(.text) for __aeabi_cdrcmple
    printfa.o(i._fp_digits) refers to dadd.o(.text) for __aeabi_dadd
    printfa.o(i._fp_digits) refers to dfixul.o(.text) for __aeabi_d2ulz
    printfa.o(i._fp_digits) refers to uldiv.o(.text) for __aeabi_uldivmod
    printfa.o(i._printf_core) refers (Special) to iusefp.o(.text) for __I$use$fp
    printfa.o(i._printf_core) refers to printfa.o(i._printf_pre_padding) for _printf_pre_padding
    printfa.o(i._printf_core) refers to uldiv.o(.text) for __aeabi_uldivmod
    printfa.o(i._printf_core) refers to printfa.o(i._printf_post_padding) for _printf_post_padding
    printfa.o(i._printf_core) refers to printfa.o(i._fp_digits) for _fp_digits
    printfa.o(i._printf_core) refers to uidiv.o(.text) for __aeabi_uidivmod
    printfa.o(i._printf_post_padding) refers (Special) to iusefp.o(.text) for __I$use$fp
    printfa.o(i._printf_pre_padding) refers (Special) to iusefp.o(.text) for __I$use$fp
    printfa.o(i._snputc) refers (Special) to iusefp.o(.text) for __I$use$fp
    printfa.o(i._sputc) refers (Special) to iusefp.o(.text) for __I$use$fp
    fmul.o(.text) refers (Special) to iusefp.o(.text) for __I$use$fp
    fdiv.o(.text) refers (Special) to iusefp.o(.text) for __I$use$fp
    fdiv.o(.text) refers to fepilogue.o(.text) for _float_round
    dadd.o(.text) refers (Special) to iusefp.o(.text) for __I$use$fp
    dadd.o(.text) refers to llshl.o(.text) for __aeabi_llsl
    dadd.o(.text) refers to llsshr.o(.text) for __aeabi_lasr
    dadd.o(.text) refers to depilogue.o(.text) for _double_epilogue
    dmul.o(.text) refers (Special) to iusefp.o(.text) for __I$use$fp
    dmul.o(.text) refers to depilogue.o(.text) for _double_epilogue
    ddiv.o(.text) refers (Special) to iusefp.o(.text) for __I$use$fp
    ddiv.o(.text) refers to depilogue.o(.text) for _double_round
    fflti.o(.text) refers (Special) to iusefp.o(.text) for __I$use$fp
    fflti.o(.text) refers to fepilogue.o(.text) for _float_epilogue
    ffltui.o(.text) refers (Special) to iusefp.o(.text) for __I$use$fp
    ffltui.o(.text) refers to fepilogue.o(.text) for _float_epilogue
    dflti.o(.text) refers (Special) to iusefp.o(.text) for __I$use$fp
    dflti.o(.text) refers to depilogue.o(.text) for _double_epilogue
    dfltui.o(.text) refers (Special) to iusefp.o(.text) for __I$use$fp
    dfltui.o(.text) refers to depilogue.o(.text) for _double_epilogue
    ffixi.o(.text) refers (Special) to iusefp.o(.text) for __I$use$fp
    dfixi.o(.text) refers (Special) to iusefp.o(.text) for __I$use$fp
    dfixi.o(.text) refers to llushr.o(.text) for __aeabi_llsr
    dfixui.o(.text) refers (Special) to iusefp.o(.text) for __I$use$fp
    dfixui.o(.text) refers to llushr.o(.text) for __aeabi_llsr
    f2d.o(.text) refers (Special) to iusefp.o(.text) for __I$use$fp
    cdcmple.o(.text) refers (Special) to iusefp.o(.text) for __I$use$fp
    cdrcmple.o(.text) refers (Special) to iusefp.o(.text) for __I$use$fp
    entry2.o(.ARM.Collect$$$$00000001) refers to entry2.o(.ARM.Collect$$$$00002712) for __lit__00000000
    entry2.o(.ARM.Collect$$$$00002712) refers to startup.o(STACK) for __initial_sp
    entry2.o(__vectab_stack_and_reset_area) refers to startup.o(STACK) for __initial_sp
    entry2.o(__vectab_stack_and_reset_area) refers to entry.o(.ARM.Collect$$$$00000000) for __main
    entry5.o(.ARM.Collect$$$$00000004) refers to init.o(.text) for __scatterload
    entry9a.o(.ARM.Collect$$$$0000000B) refers to st7735testmain.o(i.main) for main
    entry9b.o(.ARM.Collect$$$$0000000C) refers to st7735testmain.o(i.main) for main
    depilogue.o(.text) refers to llshl.o(.text) for __aeabi_llsl
    depilogue.o(.text) refers to llushr.o(.text) for __aeabi_llsr
    dfixul.o(.text) refers to llushr.o(.text) for __aeabi_llsr
    dfixul.o(.text) refers to llshl.o(.text) for __aeabi_llsl
    init.o(.text) refers to entry5.o(.ARM.Collect$$$$00000004) for __main_after_scatterload


==============================================================================

Removing Unused input sections from the image.

    Removing startup.o(HEAP), (0 bytes).
    Removing st7735.o(i.Output_Clear), (10 bytes).
    Removing st7735.o(i.Output_Color), (12 bytes).
    Removing st7735.o(i.Output_Init), (16 bytes).
    Removing st7735.o(i.Output_Off), (8 bytes).
    Removing st7735.o(i.Output_On), (8 bytes).
    Removing st7735.o(i.ST7735_Color565), (24 bytes).
    Removing st7735.o(i.ST7735_DrawBitmap), (288 bytes).
    Removing st7735.o(i.ST7735_DrawChar), (268 bytes).
    Removing st7735.o(i.ST7735_DrawFastHLine), (124 bytes).
    Removing st7735.o(i.ST7735_DrawFastVLine), (124 bytes).
    Removing st7735.o(i.ST7735_InitB), (40 bytes).
    Removing st7735.o(i.ST7735_InvertDisplay), (22 bytes).
    Removing st7735.o(i.ST7735_OutChar), (212 bytes).
    Removing st7735.o(i.ST7735_OutString), (24 bytes).
    Removing st7735.o(i.ST7735_PlotBar), (88 bytes).
    Removing st7735.o(i.ST7735_PlotClear), (92 bytes).
    Removing st7735.o(i.ST7735_PlotLine), (264 bytes).
    Removing st7735.o(i.ST7735_PlotNext), (32 bytes).
    Removing st7735.o(i.ST7735_PlotNextErase), (64 bytes).
    Removing st7735.o(i.ST7735_PlotPoint), (152 bytes).
    Removing st7735.o(i.ST7735_PlotPoints), (172 bytes).
    Removing st7735.o(i.ST7735_PlotdBfs), (60 bytes).
    Removing st7735.o(i.ST7735_SetRotation), (212 bytes).
    Removing st7735.o(i.ST7735_SetTextColor), (12 bytes).
    Removing st7735.o(i.ST7735_SwapColor), (18 bytes).
    Removing st7735.o(i.ferror), (8 bytes).
    Removing st7735.o(i.fgetc), (6 bytes).
    Removing st7735.o(i.fputc), (16 bytes).
    Removing st7735testmain.o(i.BS_Find_Dac_Out), (128 bytes).
    Removing st7735testmain.o(i.Board_Input), (12 bytes).
    Removing st7735testmain.o(i.DelayWaitms), (32 bytes).
    Removing st7735testmain.o(i.DrawScreenBase), (228 bytes).
    Removing fixed.o(i.ST7735_XYplot), (164 bytes).
    Removing fixed.o(i.ST7735_XYplotInit), (88 bytes).
    Removing fixed.o(i.ST7735_sDecOut2), (160 bytes).
    Removing fixed.o(i.ST7735_uBinOut6), (76 bytes).
    Removing fixed.o(.data), (16 bytes).
    Removing lab1.o(i.DelayWait10ms), (32 bytes).
    Removing lab1.o(i.Pause), (40 bytes).
    Removing lab1.o(i.PortF_Init), (132 bytes).
    Removing lab1.o(i.main1), (304 bytes).
    Removing lab1.o(i.main4), (32 bytes).
    Removing lab1.o(i.main5), (32 bytes).
    Removing lab1.o(.constdata), (2272 bytes).
    Removing buttons_32.o(i.Bit_numbers_active), (12 bytes).
    Removing buttons_32.o(i.Button_input), (352 bytes).
    Removing buttons_32.o(i.EdgeCounter_Init), (200 bytes).
    Removing buttons_32.o(i.Read_Input), (172 bytes).
    Removing buttons_32.o(i.Trim_Algo), (12 bytes).
    Removing buttons_32.o(i.Trim_algo_status), (12 bytes).
    Removing buttons_32.o(i.error_return), (16 bytes).
    Removing buttons_32.o(.bss), (32 bytes).
    Removing linear_case.o(i.Linear_Find_Dac_Out), (92 bytes).
    Removing linear_case.o(i.add_fp), (6 bytes).
    Removing linear_case.o(i.add_fp_int), (16 bytes).
    Removing linear_case.o(i.clz), (62 bytes).
    Removing linear_case.o(i.convert_float_to_fp), (22 bytes).
    Removing linear_case.o(i.convert_fp_to_float_rn), (22 bytes).
    Removing linear_case.o(i.convert_fp_to_int_rn), (14 bytes).
    Removing linear_case.o(i.convert_fp_to_int_rz), (34 bytes).
    Removing linear_case.o(i.convert_int_to_fp), (6 bytes).
    Removing linear_case.o(i.div_fp), (32 bytes).
    Removing linear_case.o(i.div_fp_int), (8 bytes).
    Removing linear_case.o(i.fp_exp), (90 bytes).
    Removing linear_case.o(i.fp_ln), (292 bytes).
    Removing linear_case.o(i.fp_pow), (30 bytes).
    Removing linear_case.o(i.fp_sqrt), (154 bytes).
    Removing linear_case.o(i.mult_fp), (30 bytes).
    Removing linear_case.o(i.mult_fp_int), (8 bytes).
    Removing linear_case.o(i.sub_fp), (6 bytes).
    Removing linear_case.o(i.sub_fp_int), (16 bytes).
    Removing linear_case.o(.constdata), (44 bytes).
    Removing trimmingdisplaydriver.o(i.Display_Results), (84 bytes).
    Removing trimmingdisplaydriver.o(.conststring), (6 bytes).
    Removing trimmingdisplaydriver.o(.data), (8 bytes).
    Removing dac.o(i.DAC_InitRaw), (188 bytes).
    Removing dac.o(i.DAC_Out2), (44 bytes).
    Removing dac.o(i.DAC_OutRaw), (60 bytes).
    Removing fmul.o(.text), (108 bytes).
    Removing fdiv.o(.text), (128 bytes).
    Removing dadd.o(.text), (334 bytes).
    Removing fflti.o(.text), (18 bytes).
    Removing ffltui.o(.text), (10 bytes).
    Removing dflti.o(.text), (34 bytes).
    Removing ffixi.o(.text), (50 bytes).
    Removing dfixi.o(.text), (62 bytes).
    Removing f2d.o(.text), (38 bytes).
    Removing cdcmple.o(.text), (40 bytes).
    Removing cdrcmple.o(.text), (40 bytes).
    Removing fepilogue.o(.text), (108 bytes).
    Removing dfixul.o(.text), (48 bytes).

92 unused section(s) (total 9324 bytes) removed from the image.

==============================================================================

Image Symbol Table

    Local Symbols

    Symbol Name                              Value     Ov Type        Size  Object(Section)

    RESET                                    0x00000000   Section      644  startup.o(RESET)
    ../clib/microlib/division.c              0x00000000   Number         0  uidiv.o ABSOLUTE
    ../clib/microlib/division.c              0x00000000   Number         0  uldiv.o ABSOLUTE
    ../clib/microlib/division.c              0x00000000   Number         0  ldiv.o ABSOLUTE
    ../clib/microlib/init/entry.s            0x00000000   Number         0  entry9b.o ABSOLUTE
    ../clib/microlib/init/entry.s            0x00000000   Number         0  entry7a.o ABSOLUTE
    ../clib/microlib/init/entry.s            0x00000000   Number         0  entry8a.o ABSOLUTE
    ../clib/microlib/init/entry.s            0x00000000   Number         0  entry9a.o ABSOLUTE
    ../clib/microlib/init/entry.s            0x00000000   Number         0  entry7b.o ABSOLUTE
    ../clib/microlib/init/entry.s            0x00000000   Number         0  entry8b.o ABSOLUTE
    ../clib/microlib/init/entry.s            0x00000000   Number         0  entry.o ABSOLUTE
    ../clib/microlib/init/entry.s            0x00000000   Number         0  entry11b.o ABSOLUTE
    ../clib/microlib/init/entry.s            0x00000000   Number         0  entry2.o ABSOLUTE
    ../clib/microlib/init/entry.s            0x00000000   Number         0  entry11a.o ABSOLUTE
    ../clib/microlib/init/entry.s            0x00000000   Number         0  entry10b.o ABSOLUTE
    ../clib/microlib/init/entry.s            0x00000000   Number         0  entry5.o ABSOLUTE
    ../clib/microlib/init/entry.s            0x00000000   Number         0  entry10a.o ABSOLUTE
    ../clib/microlib/longlong.c              0x00000000   Number         0  llsshr.o ABSOLUTE
    ../clib/microlib/longlong.c              0x00000000   Number         0  llshl.o ABSOLUTE
    ../clib/microlib/longlong.c              0x00000000   Number         0  llushr.o ABSOLUTE
    ../clib/microlib/printf/printf.c         0x00000000   Number         0  printf3.o ABSOLUTE
    ../clib/microlib/printf/printf.c         0x00000000   Number         0  printf7.o ABSOLUTE
    ../clib/microlib/printf/printf.c         0x00000000   Number         0  printf6.o ABSOLUTE
    ../clib/microlib/printf/printf.c         0x00000000   Number         0  printf5.o ABSOLUTE
    ../clib/microlib/printf/printf.c         0x00000000   Number         0  printf8.o ABSOLUTE
    ../clib/microlib/printf/printf.c         0x00000000   Number         0  printfb.o ABSOLUTE
    ../clib/microlib/printf/printf.c         0x00000000   Number         0  printfa.o ABSOLUTE
    ../clib/microlib/printf/printf.c         0x00000000   Number         0  printf4.o ABSOLUTE
    ../clib/microlib/printf/printf.c         0x00000000   Number         0  printf0.o ABSOLUTE
    ../clib/microlib/printf/printf.c         0x00000000   Number         0  printf1.o ABSOLUTE
    ../clib/microlib/printf/printf.c         0x00000000   Number         0  printf2.o ABSOLUTE
    ../clib/microlib/printf/stubs.s          0x00000000   Number         0  stubs.o ABSOLUTE
    ../clib/microlib/stdio/streams.c         0x00000000   Number         0  stdout.o ABSOLUTE
    ../clib/microlib/string/memcpy.c         0x00000000   Number         0  memcpyb.o ABSOLUTE
    ../clib/microlib/string/memcpy.c         0x00000000   Number         0  memcpya.o ABSOLUTE
    ../clib/microlib/stubs.s                 0x00000000   Number         0  iusefp.o ABSOLUTE
    ../fplib/microlib/f2d.c                  0x00000000   Number         0  f2d.o ABSOLUTE
    ../fplib/microlib/fpadd.c                0x00000000   Number         0  dadd.o ABSOLUTE
    ../fplib/microlib/fpdiv.c                0x00000000   Number         0  fdiv.o ABSOLUTE
    ../fplib/microlib/fpdiv.c                0x00000000   Number         0  ddiv.o ABSOLUTE
    ../fplib/microlib/fpepilogue.c           0x00000000   Number         0  depilogue.o ABSOLUTE
    ../fplib/microlib/fpepilogue.c           0x00000000   Number         0  fepilogue.o ABSOLUTE
    ../fplib/microlib/fpfix.c                0x00000000   Number         0  dfixui.o ABSOLUTE
    ../fplib/microlib/fpfix.c                0x00000000   Number         0  dfixi.o ABSOLUTE
    ../fplib/microlib/fpfix.c                0x00000000   Number         0  ffixi.o ABSOLUTE
    ../fplib/microlib/fpfix.c                0x00000000   Number         0  dfixul.o ABSOLUTE
    ../fplib/microlib/fpflt.c                0x00000000   Number         0  fflti.o ABSOLUTE
    ../fplib/microlib/fpflt.c                0x00000000   Number         0  dfltui.o ABSOLUTE
    ../fplib/microlib/fpflt.c                0x00000000   Number         0  dflti.o ABSOLUTE
    ../fplib/microlib/fpflt.c                0x00000000   Number         0  ffltui.o ABSOLUTE
    ../fplib/microlib/fpmul.c                0x00000000   Number         0  dmul.o ABSOLUTE
    ../fplib/microlib/fpmul.c                0x00000000   Number         0  fmul.o ABSOLUTE
    ADCSWTrigger.c                           0x00000000   Number         0  adcswtrigger.o ABSOLUTE
    Buttons_32.c                             0x00000000   Number         0  buttons_32.o ABSOLUTE
    DAC.c                                    0x00000000   Number         0  dac.o ABSOLUTE
    Lab1.c                                   0x00000000   Number         0  lab1.o ABSOLUTE
    PLL.c                                    0x00000000   Number         0  pll.o ABSOLUTE
    ST7735.c                                 0x00000000   Number         0  st7735.o ABSOLUTE
    ST7735TestMain.c                         0x00000000   Number         0  st7735testmain.o ABSOLUTE
    Switch.c                                 0x00000000   Number         0  switch.o ABSOLUTE
    TrimmingDisplayDriver.c                  0x00000000   Number         0  trimmingdisplaydriver.o ABSOLUTE
    cdcmple.s                                0x00000000   Number         0  cdcmple.o ABSOLUTE
    cdrcmple.s                               0x00000000   Number         0  cdrcmple.o ABSOLUTE
    dc.s                                     0x00000000   Number         0  dc.o ABSOLUTE
    fixed.c                                  0x00000000   Number         0  fixed.o ABSOLUTE
    handlers.s                               0x00000000   Number         0  handlers.o ABSOLUTE
    init.s                                   0x00000000   Number         0  init.o ABSOLUTE
    linear_case.c                            0x00000000   Number         0  linear_case.o ABSOLUTE
    startup.s                                0x00000000   Number         0  startup.o ABSOLUTE
    .ARM.Collect$$$$00000000                 0x00000284   Section        0  entry.o(.ARM.Collect$$$$00000000)
    .ARM.Collect$$$$00000001                 0x00000284   Section        4  entry2.o(.ARM.Collect$$$$00000001)
    .ARM.Collect$$$$00000004                 0x00000288   Section        4  entry5.o(.ARM.Collect$$$$00000004)
    .ARM.Collect$$$$00000008                 0x0000028c   Section        0  entry7b.o(.ARM.Collect$$$$00000008)
    .ARM.Collect$$$$0000000A                 0x0000028c   Section        0  entry8b.o(.ARM.Collect$$$$0000000A)
    .ARM.Collect$$$$0000000B                 0x0000028c   Section        8  entry9a.o(.ARM.Collect$$$$0000000B)
    .ARM.Collect$$$$0000000D                 0x00000294   Section        0  entry10a.o(.ARM.Collect$$$$0000000D)
    .ARM.Collect$$$$0000000F                 0x00000294   Section        0  entry11a.o(.ARM.Collect$$$$0000000F)
    .ARM.Collect$$$$00002712                 0x00000294   Section        4  entry2.o(.ARM.Collect$$$$00002712)
    __lit__00000000                          0x00000294   Data           4  entry2.o(.ARM.Collect$$$$00002712)
    .text                                    0x00000298   Section       28  startup.o(.text)
    .text                                    0x000002b4   Section        0  dmul.o(.text)
    .text                                    0x00000398   Section        0  ddiv.o(.text)
    .text                                    0x00000476   Section        0  dfltui.o(.text)
    .text                                    0x00000490   Section        0  dfixui.o(.text)
    .text                                    0x000004c2   Section        0  llshl.o(.text)
    .text                                    0x000004e0   Section        0  llushr.o(.text)
    .text                                    0x00000500   Section        0  depilogue.o(.text)
    .text                                    0x00000500   Section        0  iusefp.o(.text)
    .text                                    0x000005c0   Section       36  init.o(.text)
    i.ADC0_InSeq3                            0x000005e4   Section        0  adcswtrigger.o(i.ADC0_InSeq3)
    i.ADC0_InitSWTriggerSeq3_Ch9             0x00000620   Section        0  adcswtrigger.o(i.ADC0_InitSWTriggerSeq3_Ch9)
    i.Board_Init                             0x0000070c   Section        0  st7735testmain.o(i.Board_Init)
    i.DAC_Init                               0x000007a0   Section        0  dac.o(i.DAC_Init)
    i.DAC_Out                                0x00000844   Section        0  dac.o(i.DAC_Out)
    i.Delay1ms                               0x0000085c   Section        0  st7735.o(i.Delay1ms)
    i.GPIOPortF_Handler                      0x0000087c   Section        0  buttons_32.o(i.GPIOPortF_Handler)
    i.PLL_Init                               0x000008ac   Section        0  pll.o(i.PLL_Init)
    i.PortB_Init                             0x00000928   Section        0  switch.o(i.PortB_Init)
    i.ST7735_DrawCharS                       0x00000994   Section        0  st7735.o(i.ST7735_DrawCharS)
    i.ST7735_DrawPixel                       0x00000a88   Section        0  st7735.o(i.ST7735_DrawPixel)
    i.ST7735_DrawString                      0x00000ad0   Section        0  st7735.o(i.ST7735_DrawString)
    i.ST7735_FillRect                        0x00000b28   Section        0  st7735.o(i.ST7735_FillRect)
    i.ST7735_FillScreen                      0x00000bd4   Section        0  st7735.o(i.ST7735_FillScreen)
    i.ST7735_InitR                           0x00000bf8   Section        0  st7735.o(i.ST7735_InitR)
    i.ST7735_OutUDec                         0x00000c74   Section        0  st7735.o(i.ST7735_OutUDec)
    i.ST7735_SetCursor                       0x00000d00   Section        0  st7735.o(i.ST7735_SetCursor)
    i.SwitchInit                             0x00000d20   Section        0  switch.o(i.SwitchInit)
    i.SysTick_Handler                        0x00000d3c   Section        0  switch.o(i.SysTick_Handler)
    i.SysTick_Init                           0x00000d90   Section        0  switch.o(i.SysTick_Init)
    i.Timer0A_Handler                        0x00000dd0   Section        0  st7735testmain.o(i.Timer0A_Handler)
    i.Timer0A_Init100HzInt                   0x00000e10   Section        0  st7735testmain.o(i.Timer0A_Init100HzInt)
    i.Timer1_Init                            0x00000e88   Section        0  st7735testmain.o(i.Timer1_Init)
    i.__scatterload_copy                     0x00000eb8   Section       14  handlers.o(i.__scatterload_copy)
    i.__scatterload_null                     0x00000ec6   Section        2  handlers.o(i.__scatterload_null)
    i.__scatterload_zeroinit                 0x00000ec8   Section       14  handlers.o(i.__scatterload_zeroinit)
    i.commandList                            0x00000ed6   Section        0  st7735.o(i.commandList)
    commandList                              0x00000ed7   Thumb Code    86  st7735.o(i.commandList)
    i.commonInit                             0x00000f2c   Section        0  st7735.o(i.commonInit)
    commonInit                               0x00000f2d   Thumb Code   340  st7735.o(i.commonInit)
    i.fillmessage                            0x000010b0   Section        0  st7735.o(i.fillmessage)
    i.getADCOutput                           0x000010f8   Section        0  st7735testmain.o(i.getADCOutput)
    i.main                                   0x00001168   Section        0  st7735testmain.o(i.main)
    i.pushColor                              0x00001200   Section        0  st7735.o(i.pushColor)
    pushColor                                0x00001201   Thumb Code    18  st7735.o(i.pushColor)
    i.setAddrWindow                          0x00001214   Section        0  st7735.o(i.setAddrWindow)
    setAddrWindow                            0x00001215   Thumb Code   106  st7735.o(i.setAddrWindow)
    i.writecommand                           0x00001288   Section        0  st7735.o(i.writecommand)
    writecommand                             0x00001289   Thumb Code    40  st7735.o(i.writecommand)
    i.writedata                              0x000012b8   Section        0  st7735.o(i.writedata)
    writedata                                0x000012b9   Thumb Code    24  st7735.o(i.writedata)
    .constdata                               0x000012d8   Section     2018  st7735.o(.constdata)
    Font                                     0x000012d8   Data        1275  st7735.o(.constdata)
    Bcmd                                     0x000017d3   Data         103  st7735.o(.constdata)
    Rcmd1                                    0x0000183a   Data          59  st7735.o(.constdata)
    Rcmd2green                               0x00001875   Data          13  st7735.o(.constdata)
    Rcmd2red                                 0x00001882   Data          13  st7735.o(.constdata)
    Rcmd3                                    0x0000188f   Data          43  st7735.o(.constdata)
    .data                                    0x20000000   Section       44  st7735.o(.data)
    _width                                   0x2000000a   Data           2  st7735.o(.data)
    _height                                  0x2000000c   Data           2  st7735.o(.data)
    ColStart                                 0x20000014   Data           1  st7735.o(.data)
    RowStart                                 0x20000015   Data           1  st7735.o(.data)
    Rotation                                 0x20000016   Data           1  st7735.o(.data)
    TabColor                                 0x20000017   Data           1  st7735.o(.data)
    .data                                    0x20000030   Section       96  st7735testmain.o(.data)
    .data                                    0x20000090   Section       32  buttons_32.o(.data)
    .data                                    0x200000b0   Section        8  switch.o(.data)
    .bss                                     0x200000b8   Section       12  st7735.o(.bss)
    STACK                                    0x200000c8   Section     1024  startup.o(STACK)
    StackMem                                 0x200000c8   Data           0  startup.o(STACK)

    Global Symbols

    Symbol Name                              Value     Ov Type        Size  Object(Section)

    BuildAttributes$$THM_ISAv4$E$P$D$K$B$S$7EM$PE$A:L22UL41UL21$X:L11$S22US41US21$IEEE1$IW$USESV6$~STKCKD$USESV7$~SHL$OTIME$ROPI$EBA8$MICROLIB$REQ8$PRES8$EABIv2 0x00000000   Number         0  anon$$obj.o ABSOLUTE
    __ARM_use_no_argv                        0x00000000   Number         0  st7735testmain.o ABSOLUTE
    __Vectors                                0x00000000   Data           0  startup.o(RESET)
    _printf_a                                0x00000000   Number         0  stubs.o ABSOLUTE
    _printf_c                                0x00000000   Number         0  stubs.o ABSOLUTE
    _printf_charcount                        0x00000000   Number         0  stubs.o ABSOLUTE
    _printf_d                                0x00000000   Number         0  stubs.o ABSOLUTE
    _printf_e                                0x00000000   Number         0  stubs.o ABSOLUTE
    _printf_f                                0x00000000   Number         0  stubs.o ABSOLUTE
    _printf_flags                            0x00000000   Number         0  stubs.o ABSOLUTE
    _printf_fp_dec                           0x00000000   Number         0  stubs.o ABSOLUTE
    _printf_fp_hex                           0x00000000   Number         0  stubs.o ABSOLUTE
    _printf_g                                0x00000000   Number         0  stubs.o ABSOLUTE
    _printf_i                                0x00000000   Number         0  stubs.o ABSOLUTE
    _printf_int_dec                          0x00000000   Number         0  stubs.o ABSOLUTE
    _printf_l                                0x00000000   Number         0  stubs.o ABSOLUTE
    _printf_lc                               0x00000000   Number         0  stubs.o ABSOLUTE
    _printf_ll                               0x00000000   Number         0  stubs.o ABSOLUTE
    _printf_lld                              0x00000000   Number         0  stubs.o ABSOLUTE
    _printf_lli                              0x00000000   Number         0  stubs.o ABSOLUTE
    _printf_llo                              0x00000000   Number         0  stubs.o ABSOLUTE
    _printf_llu                              0x00000000   Number         0  stubs.o ABSOLUTE
    _printf_llx                              0x00000000   Number         0  stubs.o ABSOLUTE
    _printf_longlong_dec                     0x00000000   Number         0  stubs.o ABSOLUTE
    _printf_longlong_hex                     0x00000000   Number         0  stubs.o ABSOLUTE
    _printf_longlong_oct                     0x00000000   Number         0  stubs.o ABSOLUTE
    _printf_ls                               0x00000000   Number         0  stubs.o ABSOLUTE
    _printf_mbtowc                           0x00000000   Number         0  stubs.o ABSOLUTE
    _printf_n                                0x00000000   Number         0  stubs.o ABSOLUTE
    _printf_o                                0x00000000   Number         0  stubs.o ABSOLUTE
    _printf_p                                0x00000000   Number         0  stubs.o ABSOLUTE
    _printf_percent                          0x00000000   Number         0  stubs.o ABSOLUTE
    _printf_pre_padding                      0x00000000   Number         0  stubs.o ABSOLUTE
    _printf_return_value                     0x00000000   Number         0  stubs.o ABSOLUTE
    _printf_s                                0x00000000   Number         0  stubs.o ABSOLUTE
    _printf_sizespec                         0x00000000   Number         0  stubs.o ABSOLUTE
    _printf_str                              0x00000000   Number         0  stubs.o ABSOLUTE
    _printf_truncate_signed                  0x00000000   Number         0  stubs.o ABSOLUTE
    _printf_truncate_unsigned                0x00000000   Number         0  stubs.o ABSOLUTE
    _printf_u                                0x00000000   Number         0  stubs.o ABSOLUTE
    _printf_wc                               0x00000000   Number         0  stubs.o ABSOLUTE
    _printf_wctomb                           0x00000000   Number         0  stubs.o ABSOLUTE
    _printf_widthprec                        0x00000000   Number         0  stubs.o ABSOLUTE
    _printf_x                                0x00000000   Number         0  stubs.o ABSOLUTE
    __cpp_initialize__aeabi_                  - Undefined Weak Reference
    __cxa_finalize                            - Undefined Weak Reference
    __decompress                              - Undefined Weak Reference
    _clock_init                               - Undefined Weak Reference
    _microlib_exit                            - Undefined Weak Reference
    Reset_Handler                            0x0000026d   Thumb Code     0  startup.o(RESET)
    NMI_Handler                              0x00000271   Thumb Code     2  startup.o(RESET)
    HardFault_Handler                        0x00000273   Thumb Code     2  startup.o(RESET)
    MemManage_Handler                        0x00000275   Thumb Code     2  startup.o(RESET)
    BusFault_Handler                         0x00000277   Thumb Code     2  startup.o(RESET)
    UsageFault_Handler                       0x00000279   Thumb Code     2  startup.o(RESET)
    SVC_Handler                              0x0000027b   Thumb Code     2  startup.o(RESET)
    DebugMon_Handler                         0x0000027d   Thumb Code     2  startup.o(RESET)
    PendSV_Handler                           0x0000027f   Thumb Code     2  startup.o(RESET)
    ADC0Seq0_Handler                         0x00000283   Thumb Code     0  startup.o(RESET)
    ADC0Seq1_Handler                         0x00000283   Thumb Code     0  startup.o(RESET)
    ADC0Seq2_Handler                         0x00000283   Thumb Code     0  startup.o(RESET)
    ADC0Seq3_Handler                         0x00000283   Thumb Code     0  startup.o(RESET)
    ADC1Seq0_Handler                         0x00000283   Thumb Code     0  startup.o(RESET)
    ADC1Seq1_Handler                         0x00000283   Thumb Code     0  startup.o(RESET)
    ADC1Seq2_Handler                         0x00000283   Thumb Code     0  startup.o(RESET)
    ADC1Seq3_Handler                         0x00000283   Thumb Code     0  startup.o(RESET)
    CAN0_Handler                             0x00000283   Thumb Code     0  startup.o(RESET)
    CAN1_Handler                             0x00000283   Thumb Code     0  startup.o(RESET)
    CAN2_Handler                             0x00000283   Thumb Code     0  startup.o(RESET)
    Comp0_Handler                            0x00000283   Thumb Code     0  startup.o(RESET)
    Comp1_Handler                            0x00000283   Thumb Code     0  startup.o(RESET)
    Comp2_Handler                            0x00000283   Thumb Code     0  startup.o(RESET)
    Ethernet_Handler                         0x00000283   Thumb Code     0  startup.o(RESET)
    ExtBus_Handler                           0x00000283   Thumb Code     0  startup.o(RESET)
    FPU_Handler                              0x00000283   Thumb Code     0  startup.o(RESET)
    Fan0_Handler                             0x00000283   Thumb Code     0  startup.o(RESET)
    FlashCtl_Handler                         0x00000283   Thumb Code     0  startup.o(RESET)
    GPIOPortA_Handler                        0x00000283   Thumb Code     0  startup.o(RESET)
    GPIOPortB_Handler                        0x00000283   Thumb Code     0  startup.o(RESET)
    GPIOPortC_Handler                        0x00000283   Thumb Code     0  startup.o(RESET)
    GPIOPortD_Handler                        0x00000283   Thumb Code     0  startup.o(RESET)
    GPIOPortE_Handler                        0x00000283   Thumb Code     0  startup.o(RESET)
    GPIOPortG_Handler                        0x00000283   Thumb Code     0  startup.o(RESET)
    GPIOPortH_Handler                        0x00000283   Thumb Code     0  startup.o(RESET)
    GPIOPortJ_Handler                        0x00000283   Thumb Code     0  startup.o(RESET)
    GPIOPortK_Handler                        0x00000283   Thumb Code     0  startup.o(RESET)
    GPIOPortL_Handler                        0x00000283   Thumb Code     0  startup.o(RESET)
    GPIOPortM_Handler                        0x00000283   Thumb Code     0  startup.o(RESET)
    GPIOPortN_Handler                        0x00000283   Thumb Code     0  startup.o(RESET)
    GPIOPortP1_Handler                       0x00000283   Thumb Code     0  startup.o(RESET)
    GPIOPortP2_Handler                       0x00000283   Thumb Code     0  startup.o(RESET)
    GPIOPortP3_Handler                       0x00000283   Thumb Code     0  startup.o(RESET)
    GPIOPortP4_Handler                       0x00000283   Thumb Code     0  startup.o(RESET)
    GPIOPortP5_Handler                       0x00000283   Thumb Code     0  startup.o(RESET)
    GPIOPortP6_Handler                       0x00000283   Thumb Code     0  startup.o(RESET)
    GPIOPortP7_Handler                       0x00000283   Thumb Code     0  startup.o(RESET)
    GPIOPortP_Handler                        0x00000283   Thumb Code     0  startup.o(RESET)
    GPIOPortQ1_Handler                       0x00000283   Thumb Code     0  startup.o(RESET)
    GPIOPortQ2_Handler                       0x00000283   Thumb Code     0  startup.o(RESET)
    GPIOPortQ3_Handler                       0x00000283   Thumb Code     0  startup.o(RESET)
    GPIOPortQ4_Handler                       0x00000283   Thumb Code     0  startup.o(RESET)
    GPIOPortQ5_Handler                       0x00000283   Thumb Code     0  startup.o(RESET)
    GPIOPortQ6_Handler                       0x00000283   Thumb Code     0  startup.o(RESET)
    GPIOPortQ7_Handler                       0x00000283   Thumb Code     0  startup.o(RESET)
    GPIOPortQ_Handler                        0x00000283   Thumb Code     0  startup.o(RESET)
    GPIOPortR_Handler                        0x00000283   Thumb Code     0  startup.o(RESET)
    GPIOPortS_Handler                        0x00000283   Thumb Code     0  startup.o(RESET)
    Hibernate_Handler                        0x00000283   Thumb Code     0  startup.o(RESET)
    I2C0_Handler                             0x00000283   Thumb Code     0  startup.o(RESET)
    I2C1_Handler                             0x00000283   Thumb Code     0  startup.o(RESET)
    I2C2_Handler                             0x00000283   Thumb Code     0  startup.o(RESET)
    I2C3_Handler                             0x00000283   Thumb Code     0  startup.o(RESET)
    I2C4_Handler                             0x00000283   Thumb Code     0  startup.o(RESET)
    I2C5_Handler                             0x00000283   Thumb Code     0  startup.o(RESET)
    I2S0_Handler                             0x00000283   Thumb Code     0  startup.o(RESET)
    LPC0_Handler                             0x00000283   Thumb Code     0  startup.o(RESET)
    PECI0_Handler                            0x00000283   Thumb Code     0  startup.o(RESET)
    PWM0Fault_Handler                        0x00000283   Thumb Code     0  startup.o(RESET)
    PWM0Generator0_Handler                   0x00000283   Thumb Code     0  startup.o(RESET)
    PWM0Generator1_Handler                   0x00000283   Thumb Code     0  startup.o(RESET)
    PWM0Generator2_Handler                   0x00000283   Thumb Code     0  startup.o(RESET)
    PWM0Generator3_Handler                   0x00000283   Thumb Code     0  startup.o(RESET)
    PWM1Fault_Handler                        0x00000283   Thumb Code     0  startup.o(RESET)
    PWM1Generator0_Handler                   0x00000283   Thumb Code     0  startup.o(RESET)
    PWM1Generator1_Handler                   0x00000283   Thumb Code     0  startup.o(RESET)
    PWM1Generator2_Handler                   0x00000283   Thumb Code     0  startup.o(RESET)
    PWM1Generator3_Handler                   0x00000283   Thumb Code     0  startup.o(RESET)
    Quadrature0_Handler                      0x00000283   Thumb Code     0  startup.o(RESET)
    Quadrature1_Handler                      0x00000283   Thumb Code     0  startup.o(RESET)
    Quadrature2_Handler                      0x00000283   Thumb Code     0  startup.o(RESET)
    SSI0_Handler                             0x00000283   Thumb Code     0  startup.o(RESET)
    SSI1_Handler                             0x00000283   Thumb Code     0  startup.o(RESET)
    SSI2_Handler                             0x00000283   Thumb Code     0  startup.o(RESET)
    SSI3_Handler                             0x00000283   Thumb Code     0  startup.o(RESET)
    SysCtl_Handler                           0x00000283   Thumb Code     0  startup.o(RESET)
    Timer0B_Handler                          0x00000283   Thumb Code     0  startup.o(RESET)
    Timer1A_Handler                          0x00000283   Thumb Code     0  startup.o(RESET)
    Timer1B_Handler                          0x00000283   Thumb Code     0  startup.o(RESET)
    Timer2A_Handler                          0x00000283   Thumb Code     0  startup.o(RESET)
    Timer2B_Handler                          0x00000283   Thumb Code     0  startup.o(RESET)
    Timer3A_Handler                          0x00000283   Thumb Code     0  startup.o(RESET)
    Timer3B_Handler                          0x00000283   Thumb Code     0  startup.o(RESET)
    Timer4A_Handler                          0x00000283   Thumb Code     0  startup.o(RESET)
    Timer4B_Handler                          0x00000283   Thumb Code     0  startup.o(RESET)
    Timer5A_Handler                          0x00000283   Thumb Code     0  startup.o(RESET)
    Timer5B_Handler                          0x00000283   Thumb Code     0  startup.o(RESET)
    UART0_Handler                            0x00000283   Thumb Code     0  startup.o(RESET)
    UART1_Handler                            0x00000283   Thumb Code     0  startup.o(RESET)
    UART2_Handler                            0x00000283   Thumb Code     0  startup.o(RESET)
    UART3_Handler                            0x00000283   Thumb Code     0  startup.o(RESET)
    UART4_Handler                            0x00000283   Thumb Code     0  startup.o(RESET)
    UART5_Handler                            0x00000283   Thumb Code     0  startup.o(RESET)
    UART6_Handler                            0x00000283   Thumb Code     0  startup.o(RESET)
    UART7_Handler                            0x00000283   Thumb Code     0  startup.o(RESET)
    USB0_Handler                             0x00000283   Thumb Code     0  startup.o(RESET)
    WDT_Handler                              0x00000283   Thumb Code     0  startup.o(RESET)
    WideTimer0A_Handler                      0x00000283   Thumb Code     0  startup.o(RESET)
    WideTimer0B_Handler                      0x00000283   Thumb Code     0  startup.o(RESET)
    WideTimer1A_Handler                      0x00000283   Thumb Code     0  startup.o(RESET)
    WideTimer1B_Handler                      0x00000283   Thumb Code     0  startup.o(RESET)
    WideTimer2A_Handler                      0x00000283   Thumb Code     0  startup.o(RESET)
    WideTimer2B_Handler                      0x00000283   Thumb Code     0  startup.o(RESET)
    WideTimer3A_Handler                      0x00000283   Thumb Code     0  startup.o(RESET)
    WideTimer3B_Handler                      0x00000283   Thumb Code     0  startup.o(RESET)
    WideTimer4A_Handler                      0x00000283   Thumb Code     0  startup.o(RESET)
    WideTimer4B_Handler                      0x00000283   Thumb Code     0  startup.o(RESET)
    WideTimer5A_Handler                      0x00000283   Thumb Code     0  startup.o(RESET)
    WideTimer5B_Handler                      0x00000283   Thumb Code     0  startup.o(RESET)
    uDMA_Error                               0x00000283   Thumb Code     0  startup.o(RESET)
    uDMA_Handler                             0x00000283   Thumb Code     0  startup.o(RESET)
    __main                                   0x00000285   Thumb Code     0  entry.o(.ARM.Collect$$$$00000000)
    _main_stk                                0x00000285   Thumb Code     0  entry2.o(.ARM.Collect$$$$00000001)
    _main_scatterload                        0x00000289   Thumb Code     0  entry5.o(.ARM.Collect$$$$00000004)
    __main_after_scatterload                 0x0000028d   Thumb Code     0  entry5.o(.ARM.Collect$$$$00000004)
    _main_clock                              0x0000028d   Thumb Code     0  entry7b.o(.ARM.Collect$$$$00000008)
    _main_cpp_init                           0x0000028d   Thumb Code     0  entry8b.o(.ARM.Collect$$$$0000000A)
    _main_init                               0x0000028d   Thumb Code     0  entry9a.o(.ARM.Collect$$$$0000000B)
    __rt_final_cpp                           0x00000295   Thumb Code     0  entry10a.o(.ARM.Collect$$$$0000000D)
    __rt_final_exit                          0x00000295   Thumb Code     0  entry11a.o(.ARM.Collect$$$$0000000F)
    DisableInterrupts                        0x00000299   Thumb Code     0  startup.o(.text)
    EnableInterrupts                         0x0000029d   Thumb Code     0  startup.o(.text)
    StartCritical                            0x000002a1   Thumb Code     0  startup.o(.text)
    EndCritical                              0x000002a9   Thumb Code     0  startup.o(.text)
    WaitForInterrupt                         0x000002af   Thumb Code     0  startup.o(.text)
    __aeabi_dmul                             0x000002b5   Thumb Code   228  dmul.o(.text)
    __aeabi_ddiv                             0x00000399   Thumb Code   222  ddiv.o(.text)
    __aeabi_ui2d                             0x00000477   Thumb Code    26  dfltui.o(.text)
    __aeabi_d2uiz                            0x00000491   Thumb Code    50  dfixui.o(.text)
    __aeabi_llsl                             0x000004c3   Thumb Code    30  llshl.o(.text)
    _ll_shift_l                              0x000004c3   Thumb Code     0  llshl.o(.text)
    __aeabi_llsr                             0x000004e1   Thumb Code    32  llushr.o(.text)
    _ll_ushift_r                             0x000004e1   Thumb Code     0  llushr.o(.text)
    __I$use$fp                               0x00000501   Thumb Code     0  iusefp.o(.text)
    _double_round                            0x00000501   Thumb Code    26  depilogue.o(.text)
    _double_epilogue                         0x0000051b   Thumb Code   164  depilogue.o(.text)
    __scatterload                            0x000005c1   Thumb Code    28  init.o(.text)
    __scatterload_rt2                        0x000005c1   Thumb Code     0  init.o(.text)
    ADC0_InSeq3                              0x000005e5   Thumb Code    48  adcswtrigger.o(i.ADC0_InSeq3)
    ADC0_InitSWTriggerSeq3_Ch9               0x00000621   Thumb Code   206  adcswtrigger.o(i.ADC0_InitSWTriggerSeq3_Ch9)
    Board_Init                               0x0000070d   Thumb Code   128  st7735testmain.o(i.Board_Init)
    DAC_Init                                 0x000007a1   Thumb Code   136  dac.o(i.DAC_Init)
    DAC_Out                                  0x00000845   Thumb Code    18  dac.o(i.DAC_Out)
    Delay1ms                                 0x0000085d   Thumb Code    32  st7735.o(i.Delay1ms)
    GPIOPortF_Handler                        0x0000087d   Thumb Code    30  buttons_32.o(i.GPIOPortF_Handler)
    PLL_Init                                 0x000008ad   Thumb Code   118  pll.o(i.PLL_Init)
    PortB_Init                               0x00000929   Thumb Code    92  switch.o(i.PortB_Init)
    ST7735_DrawCharS                         0x00000995   Thumb Code   232  st7735.o(i.ST7735_DrawCharS)
    ST7735_DrawPixel                         0x00000a89   Thumb Code    64  st7735.o(i.ST7735_DrawPixel)
    ST7735_DrawString                        0x00000ad1   Thumb Code    86  st7735.o(i.ST7735_DrawString)
    ST7735_FillRect                          0x00000b29   Thumb Code   164  st7735.o(i.ST7735_FillRect)
    ST7735_FillScreen                        0x00000bd5   Thumb Code    28  st7735.o(i.ST7735_FillScreen)
    ST7735_InitR                             0x00000bf9   Thumb Code    90  st7735.o(i.ST7735_InitR)
    ST7735_OutUDec                           0x00000c75   Thumb Code   118  st7735.o(i.ST7735_OutUDec)
    ST7735_SetCursor                         0x00000d01   Thumb Code    22  st7735.o(i.ST7735_SetCursor)
    SwitchInit                               0x00000d21   Thumb Code    20  switch.o(i.SwitchInit)
    SysTick_Handler                          0x00000d3d   Thumb Code    66  switch.o(i.SysTick_Handler)
    SysTick_Init                             0x00000d91   Thumb Code    58  switch.o(i.SysTick_Init)
    Timer0A_Handler                          0x00000dd1   Thumb Code    52  st7735testmain.o(i.Timer0A_Handler)
    Timer0A_Init100HzInt                     0x00000e11   Thumb Code    98  st7735testmain.o(i.Timer0A_Init100HzInt)
    Timer1_Init                              0x00000e89   Thumb Code    38  st7735testmain.o(i.Timer1_Init)
    __scatterload_copy                       0x00000eb9   Thumb Code    14  handlers.o(i.__scatterload_copy)
    __scatterload_null                       0x00000ec7   Thumb Code     2  handlers.o(i.__scatterload_null)
    __scatterload_zeroinit                   0x00000ec9   Thumb Code    14  handlers.o(i.__scatterload_zeroinit)
    fillmessage                              0x000010b1   Thumb Code    64  st7735.o(i.fillmessage)
    getADCOutput                             0x000010f9   Thumb Code   112  st7735testmain.o(i.getADCOutput)
    main                                     0x00001169   Thumb Code   136  st7735testmain.o(i.main)
    dBfs                                     0x000018ba   Data         512  st7735.o(.constdata)
    Region$$Table$$Base                      0x00001abc   Number         0  anon$$obj.o(Region$$Table)
    Region$$Table$$Limit                     0x00001adc   Number         0  anon$$obj.o(Region$$Table)
    StX                                      0x20000000   Data           4  st7735.o(.data)
    StY                                      0x20000004   Data           4  st7735.o(.data)
    StTextColor                              0x20000008   Data           2  st7735.o(.data)
    lastj                                    0x20000010   Data           4  st7735.o(.data)
    Messageindex                             0x20000018   Data           4  st7735.o(.data)
    Ymax                                     0x2000001c   Data           4  st7735.o(.data)
    Ymin                                     0x20000020   Data           4  st7735.o(.data)
    X                                        0x20000024   Data           4  st7735.o(.data)
    Yrange                                   0x20000028   Data           4  st7735.o(.data)
    start                                    0x20000030   Data           4  st7735testmain.o(.data)
    positivelow                              0x20000034   Data          16  st7735testmain.o(.data)
    positivemid                              0x20000044   Data          16  st7735testmain.o(.data)
    positivehigh                             0x20000054   Data          16  st7735testmain.o(.data)
    bits                                     0x20000064   Data           4  st7735testmain.o(.data)
    degree                                   0x20000068   Data           4  st7735testmain.o(.data)
    target                                   0x20000070   Data           8  st7735testmain.o(.data)
    printError                               0x20000078   Data           8  st7735testmain.o(.data)
    dac_max_v                                0x20000080   Data           4  st7735testmain.o(.data)
    dac_min_v                                0x20000084   Data           4  st7735testmain.o(.data)
    num_bits                                 0x20000088   Data           4  st7735testmain.o(.data)
    ADCvalue                                 0x2000008c   Data           4  st7735testmain.o(.data)
    error                                    0x20000090   Data           8  buttons_32.o(.data)
    target_error                             0x20000098   Data           8  buttons_32.o(.data)
    bit_number                               0x200000a0   Data           4  buttons_32.o(.data)
    trim_status                              0x200000a4   Data           4  buttons_32.o(.data)
    trim_algo                                0x200000a8   Data           4  buttons_32.o(.data)
    counter                                  0x200000ac   Data           4  buttons_32.o(.data)
    heartbeat                                0x200000b0   Data           4  switch.o(.data)
    port_data                                0x200000b4   Data           4  switch.o(.data)
    Message                                  0x200000b8   Data          12  st7735.o(.bss)
    __initial_sp                             0x200004c8   Data           0  startup.o(STACK)



==============================================================================

Memory Map of the image

  Image Entry point : 0x0000026d

  Load Region LR_1 (Base: 0x00000000, Size: 0x00001b94, Max: 0xffffffff, ABSOLUTE)

    Execution Region ER_RO (Base: 0x00000000, Size: 0x00001adc, Max: 0xffffffff, ABSOLUTE)

    Base Addr    Size         Type   Attr      Idx    E Section Name        Object

    0x00000000   0x00000284   Code   RO            3  * RESET               startup.o
    0x00000284   0x00000000   Code   RO          772  * .ARM.Collect$$$$00000000  mc_w.l(entry.o)
    0x00000284   0x00000004   Code   RO         1074    .ARM.Collect$$$$00000001  mc_w.l(entry2.o)
    0x00000288   0x00000004   Code   RO         1077    .ARM.Collect$$$$00000004  mc_w.l(entry5.o)
    0x0000028c   0x00000000   Code   RO         1079    .ARM.Collect$$$$00000008  mc_w.l(entry7b.o)
    0x0000028c   0x00000000   Code   RO         1081    .ARM.Collect$$$$0000000A  mc_w.l(entry8b.o)
    0x0000028c   0x00000008   Code   RO         1082    .ARM.Collect$$$$0000000B  mc_w.l(entry9a.o)
    0x00000294   0x00000000   Code   RO         1084    .ARM.Collect$$$$0000000D  mc_w.l(entry10a.o)
    0x00000294   0x00000000   Code   RO         1086    .ARM.Collect$$$$0000000F  mc_w.l(entry11a.o)
    0x00000294   0x00000004   Code   RO         1075    .ARM.Collect$$$$00002712  mc_w.l(entry2.o)
    0x00000298   0x0000001c   Code   RO            4    .text               startup.o
    0x000002b4   0x000000e4   Code   RO         1050    .text               mf_w.l(dmul.o)
    0x00000398   0x000000de   Code   RO         1052    .text               mf_w.l(ddiv.o)
    0x00000476   0x0000001a   Code   RO         1060    .text               mf_w.l(dfltui.o)
    0x00000490   0x00000032   Code   RO         1066    .text               mf_w.l(dfixui.o)
    0x000004c2   0x0000001e   Code   RO         1091    .text               mc_w.l(llshl.o)
    0x000004e0   0x00000020   Code   RO         1093    .text               mc_w.l(llushr.o)
    0x00000500   0x00000000   Code   RO         1097    .text               mc_w.l(iusefp.o)
    0x00000500   0x000000be   Code   RO         1100    .text               mf_w.l(depilogue.o)
    0x000005be   0x00000002   PAD
    0x000005c0   0x00000024   Code   RO         1104    .text               mc_w.l(init.o)
    0x000005e4   0x0000003c   Code   RO          685    i.ADC0_InSeq3       adcswtrigger.o
    0x00000620   0x000000ec   Code   RO          686    i.ADC0_InitSWTriggerSeq3_Ch9  adcswtrigger.o
    0x0000070c   0x00000094   Code   RO          311    i.Board_Init        st7735testmain.o
    0x000007a0   0x000000a4   Code   RO          703    i.DAC_Init          dac.o
    0x00000844   0x00000018   Code   RO          705    i.DAC_Out           dac.o
    0x0000085c   0x00000020   Code   RO           34    i.Delay1ms          st7735.o
    0x0000087c   0x00000030   Code   RO          490    i.GPIOPortF_Handler  buttons_32.o
    0x000008ac   0x0000007c   Code   RO           12    i.PLL_Init          pll.o
    0x00000928   0x0000006c   Code   RO          739    i.PortB_Init        switch.o
    0x00000994   0x000000f4   Code   RO           43    i.ST7735_DrawCharS  st7735.o
    0x00000a88   0x00000048   Code   RO           46    i.ST7735_DrawPixel  st7735.o
    0x00000ad0   0x00000056   Code   RO           47    i.ST7735_DrawString  st7735.o
    0x00000b26   0x00000002   PAD
    0x00000b28   0x000000ac   Code   RO           48    i.ST7735_FillRect   st7735.o
    0x00000bd4   0x00000024   Code   RO           49    i.ST7735_FillScreen  st7735.o
    0x00000bf8   0x0000007c   Code   RO           51    i.ST7735_InitR      st7735.o
    0x00000c74   0x0000008c   Code   RO           55    i.ST7735_OutUDec    st7735.o
    0x00000d00   0x00000020   Code   RO           64    i.ST7735_SetCursor  st7735.o
    0x00000d20   0x0000001c   Code   RO          740    i.SwitchInit        switch.o
    0x00000d3c   0x00000054   Code   RO          741    i.SysTick_Handler   switch.o
    0x00000d90   0x00000040   Code   RO          742    i.SysTick_Init      switch.o
    0x00000dd0   0x00000040   Code   RO          315    i.Timer0A_Handler   st7735testmain.o
    0x00000e10   0x00000078   Code   RO          316    i.Timer0A_Init100HzInt  st7735testmain.o
    0x00000e88   0x00000030   Code   RO          317    i.Timer1_Init       st7735testmain.o
    0x00000eb8   0x0000000e   Code   RO         1108    i.__scatterload_copy  mc_w.l(handlers.o)
    0x00000ec6   0x00000002   Code   RO         1109    i.__scatterload_null  mc_w.l(handlers.o)
    0x00000ec8   0x0000000e   Code   RO         1110    i.__scatterload_zeroinit  mc_w.l(handlers.o)
    0x00000ed6   0x00000056   Code   RO           68    i.commandList       st7735.o
    0x00000f2c   0x00000184   Code   RO           69    i.commonInit        st7735.o
    0x000010b0   0x00000048   Code   RO           72    i.fillmessage       st7735.o
    0x000010f8   0x00000070   Code   RO          318    i.getADCOutput      st7735testmain.o
    0x00001168   0x00000098   Code   RO          319    i.main              st7735testmain.o
    0x00001200   0x00000012   Code   RO           74    i.pushColor         st7735.o
    0x00001212   0x00000002   PAD
    0x00001214   0x00000074   Code   RO           75    i.setAddrWindow     st7735.o
    0x00001288   0x00000030   Code   RO           76    i.writecommand      st7735.o
    0x000012b8   0x00000020   Code   RO           77    i.writedata         st7735.o
    0x000012d8   0x000007e2   Data   RO           79    .constdata          st7735.o
    0x00001aba   0x00000002   PAD
    0x00001abc   0x00000020   Data   RO         1106    Region$$Table       anon$$obj.o


    Execution Region ER_RW (Base: 0x20000000, Size: 0x000000b8, Max: 0xffffffff, ABSOLUTE)

    Base Addr    Size         Type   Attr      Idx    E Section Name        Object

    0x20000000   0x0000002c   Data   RW           80    .data               st7735.o
    0x2000002c   0x00000004   PAD
    0x20000030   0x00000060   Data   RW          320    .data               st7735testmain.o
    0x20000090   0x00000020   Data   RW          496    .data               buttons_32.o
    0x200000b0   0x00000008   Data   RW          743    .data               switch.o


    Execution Region ER_ZI (Base: 0x200000b8, Size: 0x00000410, Max: 0xffffffff, ABSOLUTE)

    Base Addr    Size         Type   Attr      Idx    E Section Name        Object

    0x200000b8   0x0000000c   Zero   RW           78    .bss                st7735.o
    0x200000c4   0x00000004   PAD
    0x200000c8   0x00000400   Zero   RW            1    STACK               startup.o


==============================================================================

Image component sizes


      Code (inc. data)   RO Data    RW Data    ZI Data      Debug   Object Name

       296         42          0          0          0        975   adcswtrigger.o
        48         18          0         32          0       1307   buttons_32.o
       188         34          0          0          0        873   dac.o
       124          6          0          0          0       4663   pll.o
      1698        184       2018         44         12      12913   st7735.o
       644         80          0         96          0       4575   st7735testmain.o
       672        622          0          0       1024        964   startup.o
       284         48          0          8          0       1993   switch.o

    ----------------------------------------------------------------------
      3958       1034       2052        184       1040      28263   Object Totals
         0          0         32          0          0          0   (incl. Generated)
         4          0          2          4          4          0   (incl. Padding)

    ----------------------------------------------------------------------

      Code (inc. data)   RO Data    RW Data    ZI Data      Debug   Library Member Name

         0          0          0          0          0          0   entry.o
         0          0          0          0          0          0   entry10a.o
         0          0          0          0          0          0   entry11a.o
         8          4          0          0          0          0   entry2.o
         4          0          0          0          0          0   entry5.o
         0          0          0          0          0          0   entry7b.o
         0          0          0          0          0          0   entry8b.o
         8          4          0          0          0          0   entry9a.o
        30          0          0          0          0          0   handlers.o
        36          8          0          0          0         68   init.o
         0          0          0          0          0          0   iusefp.o
        30          0          0          0          0         68   llshl.o
        32          0          0          0          0         68   llushr.o
       222          0          0          0          0        100   ddiv.o
       190          0          0          0          0        176   depilogue.o
        50          0          0          0          0         76   dfixui.o
        26          0          0          0          0         76   dfltui.o
       228          0          0          0          0         96   dmul.o

    ----------------------------------------------------------------------
       866         16          0          0          0        728   Library Totals
         2          0          0          0          0          0   (incl. Padding)

    ----------------------------------------------------------------------

      Code (inc. data)   RO Data    RW Data    ZI Data      Debug   Library Name

       148         16          0          0          0        204   mc_w.l
       716          0          0          0          0        524   mf_w.l

    ----------------------------------------------------------------------
       866         16          0          0          0        728   Library Totals

    ----------------------------------------------------------------------

==============================================================================


      Code (inc. data)   RO Data    RW Data    ZI Data      Debug   

      4824       1050       2052        184       1040      27119   Grand Totals
      4824       1050       2052        184       1040      27119   ELF Image Totals
      4824       1050       2052        184          0          0   ROM Totals

==============================================================================

    Total RO  Size (Code + RO Data)                 6876 (   6.71kB)
    Total RW  Size (RW Data + ZI Data)              1224 (   1.20kB)
    Total ROM Size (Code + RO Data + RW Data)       7060 (   6.89kB)

==============================================================================

