ARM Linker, 5.03 [Build 76] [MDK-ARM Professional]

==============================================================================

Section Cross References

    startup.o(RESET) refers to startup.o(STACK) for StackMem
    startup.o(RESET) refers to switch.o(i.SysTick_Handler) for SysTick_Handler
    startup.o(RESET) refers to st7735testmain.o(i.Timer0A_Handler) for Timer0A_Handler
    startup.o(RESET) refers to buttons_32.o(i.GPIOPortF_Handler) for GPIOPortF_Handler
    startup.o(RESET) refers to entry.o(.ARM.Collect$$$$00000000) for __main
    st7735.o(i.Output_Clear) refers to st7735.o(i.ST7735_FillScreen) for ST7735_FillScreen
    st7735.o(i.Output_Color) refers to st7735.o(i.ST7735_SetTextColor) for ST7735_SetTextColor
    st7735.o(i.Output_Init) refers to st7735.o(i.ST7735_InitR) for ST7735_InitR
    st7735.o(i.Output_Init) refers to st7735.o(i.ST7735_FillScreen) for ST7735_FillScreen
    st7735.o(i.Output_Off) refers to st7735.o(i.Output_Clear) for Output_Clear
    st7735.o(i.Output_On) refers to st7735.o(i.Output_Init) for Output_Init
    st7735.o(i.ST7735_DrawBitmap) refers to st7735.o(i.setAddrWindow) for setAddrWindow
    st7735.o(i.ST7735_DrawBitmap) refers to st7735.o(i.writedata) for writedata
    st7735.o(i.ST7735_DrawBitmap) refers to st7735.o(.data) for _width
    st7735.o(i.ST7735_DrawChar) refers to st7735.o(i.setAddrWindow) for setAddrWindow
    st7735.o(i.ST7735_DrawChar) refers to st7735.o(i.pushColor) for pushColor
    st7735.o(i.ST7735_DrawChar) refers to st7735.o(.data) for _width
    st7735.o(i.ST7735_DrawChar) refers to st7735.o(.constdata) for Font
    st7735.o(i.ST7735_DrawCharS) refers to st7735.o(i.ST7735_DrawPixel) for ST7735_DrawPixel
    st7735.o(i.ST7735_DrawCharS) refers to st7735.o(i.ST7735_FillRect) for ST7735_FillRect
    st7735.o(i.ST7735_DrawCharS) refers to st7735.o(.data) for _width
    st7735.o(i.ST7735_DrawCharS) refers to st7735.o(.constdata) for Font
    st7735.o(i.ST7735_DrawFastHLine) refers to st7735.o(i.setAddrWindow) for setAddrWindow
    st7735.o(i.ST7735_DrawFastHLine) refers to st7735.o(i.writedata) for writedata
    st7735.o(i.ST7735_DrawFastHLine) refers to st7735.o(.data) for _width
    st7735.o(i.ST7735_DrawFastVLine) refers to st7735.o(i.setAddrWindow) for setAddrWindow
    st7735.o(i.ST7735_DrawFastVLine) refers to st7735.o(i.writedata) for writedata
    st7735.o(i.ST7735_DrawFastVLine) refers to st7735.o(.data) for _width
    st7735.o(i.ST7735_DrawPixel) refers to st7735.o(i.setAddrWindow) for setAddrWindow
    st7735.o(i.ST7735_DrawPixel) refers to st7735.o(i.pushColor) for pushColor
    st7735.o(i.ST7735_DrawPixel) refers to st7735.o(.data) for _width
    st7735.o(i.ST7735_DrawString) refers to st7735.o(i.ST7735_DrawCharS) for ST7735_DrawCharS
    st7735.o(i.ST7735_FillRect) refers to st7735.o(i.setAddrWindow) for setAddrWindow
    st7735.o(i.ST7735_FillRect) refers to st7735.o(i.writedata) for writedata
    st7735.o(i.ST7735_FillRect) refers to st7735.o(.data) for _width
    st7735.o(i.ST7735_FillScreen) refers to st7735.o(i.ST7735_FillRect) for ST7735_FillRect
    st7735.o(i.ST7735_FillScreen) refers to st7735.o(.data) for _height
    st7735.o(i.ST7735_InitB) refers to st7735.o(i.commonInit) for commonInit
    st7735.o(i.ST7735_InitB) refers to st7735.o(i.ST7735_SetCursor) for ST7735_SetCursor
    st7735.o(i.ST7735_InitB) refers to st7735.o(i.ST7735_FillScreen) for ST7735_FillScreen
    st7735.o(i.ST7735_InitB) refers to st7735.o(.constdata) for Bcmd
    st7735.o(i.ST7735_InitB) refers to st7735.o(.data) for StTextColor
    st7735.o(i.ST7735_InitR) refers to st7735.o(i.commonInit) for commonInit
    st7735.o(i.ST7735_InitR) refers to st7735.o(i.commandList) for commandList
    st7735.o(i.ST7735_InitR) refers to st7735.o(i.writecommand) for writecommand
    st7735.o(i.ST7735_InitR) refers to st7735.o(i.writedata) for writedata
    st7735.o(i.ST7735_InitR) refers to st7735.o(i.ST7735_SetCursor) for ST7735_SetCursor
    st7735.o(i.ST7735_InitR) refers to st7735.o(i.ST7735_FillScreen) for ST7735_FillScreen
    st7735.o(i.ST7735_InitR) refers to st7735.o(.constdata) for Rcmd1
    st7735.o(i.ST7735_InitR) refers to st7735.o(.data) for ColStart
    st7735.o(i.ST7735_InvertDisplay) refers to st7735.o(i.writecommand) for writecommand
    st7735.o(i.ST7735_OutChar) refers to st7735.o(i.ST7735_DrawString) for ST7735_DrawString
    st7735.o(i.ST7735_OutChar) refers to st7735.o(i.ST7735_DrawCharS) for ST7735_DrawCharS
    st7735.o(i.ST7735_OutChar) refers to st7735.o(.data) for StY
    st7735.o(i.ST7735_OutString) refers to st7735.o(i.ST7735_OutChar) for ST7735_OutChar
    st7735.o(i.ST7735_OutUDec) refers to st7735.o(i.fillmessage) for fillmessage
    st7735.o(i.ST7735_OutUDec) refers to st7735.o(i.ST7735_DrawString) for ST7735_DrawString
    st7735.o(i.ST7735_OutUDec) refers to st7735.o(i.ST7735_DrawCharS) for ST7735_DrawCharS
[...]
    st7735.o(i.ST7735_PlotBar) refers to st7735.o(i.ST7735_DrawFastVLine) for ST7735_DrawFastVLine
    st7735.o(i.ST7735_PlotBar) refers to st7735.o(.data) for Ymin
    st7735.o(i.ST7735_PlotClear) refers to st7735.o(i.ST7735_Color565) for ST7735_Color565
    st7735.o(i.ST7735_PlotClear) refers to st7735.o(i.ST7735_FillRect) for ST7735_FillRect
    st7735.o(i.ST7735_PlotClear) refers to st7735.o(.data) for Ymax
    st7735.o(i.ST7735_PlotLine) refers to st7735.o(i.ST7735_DrawPixel) for ST7735_DrawPixel
    st7735.o(i.ST7735_PlotLine) refers to st7735.o(.data) for Ymin
    st7735.o(i.ST7735_PlotNext) refers to st7735.o(.data) for X
    st7735.o(i.ST7735_PlotNextErase) refers to st7735.o(i.ST7735_Color565) for ST7735_Color565
    st7735.o(i.ST7735_PlotNextErase) refers to st7735.o(i.ST7735_DrawFastVLine) for ST7735_DrawFastVLine
    st7735.o(i.ST7735_PlotNextErase) refers to st7735.o(.data) for X
    st7735.o(i.ST7735_PlotPoint) refers to st7735.o(i.ST7735_DrawPixel) for ST7735_DrawPixel
    st7735.o(i.ST7735_PlotPoint) refers to st7735.o(.data) for Ymin
    st7735.o(i.ST7735_PlotPoints) refers to st7735.o(i.ST7735_DrawPixel) for ST7735_DrawPixel
    st7735.o(i.ST7735_PlotPoints) refers to st7735.o(.data) for Ymin
    st7735.o(i.ST7735_PlotdBfs) refers to st7735.o(i.ST7735_DrawFastVLine) for ST7735_DrawFastVLine
    st7735.o(i.ST7735_PlotdBfs) refers to st7735.o(.constdata) for dBfs
    st7735.o(i.ST7735_PlotdBfs) refers to st7735.o(.data) for X
    st7735.o(i.ST7735_SetCursor) refers to st7735.o(.data) for StX
    st7735.o(i.ST7735_SetRotation) refers to st7735.o(i.writecommand) for writecommand
    st7735.o(i.ST7735_SetRotation) refers to st7735.o(i.writedata) for writedata
    st7735.o(i.ST7735_SetRotation) refers to st7735.o(.data) for Rotation
    st7735.o(i.ST7735_SetTextColor) refers to st7735.o(.data) for StTextColor
    st7735.o(i.commandList) refers to st7735.o(i.writecommand) for writecommand
    st7735.o(i.commandList) refers to st7735.o(i.writedata) for writedata
    st7735.o(i.commandList) refers to st7735.o(i.Delay1ms) for Delay1ms
    st7735.o(i.commonInit) refers to st7735.o(i.Delay1ms) for Delay1ms
    st7735.o(i.commonInit) refers to st7735.o(i.commandList) for commandList
    st7735.o(i.commonInit) refers to st7735.o(.data) for RowStart
    st7735.o(i.fillmessage) refers to st7735.o(.bss) for Message
    st7735.o(i.fillmessage) refers to st7735.o(.data) for Messageindex
    st7735.o(i.fputc) refers to st7735.o(i.ST7735_OutChar) for ST7735_OutChar
    st7735.o(i.pushColor) refers to st7735.o(i.writedata) for writedata
    st7735.o(i.setAddrWindow) refers to st7735.o(i.writecommand) for writecommand
    st7735.o(i.setAddrWindow) refers to st7735.o(i.writedata) for writedata
    st7735.o(i.setAddrWindow) refers to st7735.o(.data) for ColStart
    st7735testmain.o(i.BS_Find_Dac_Out) refers to dac.o(i.DAC_Out) for DAC_Out
    st7735testmain.o(i.BS_Find_Dac_Out) refers to adcswtrigger.o(i.ADC0_InSeq3) for ADC0_InSeq3
    st7735testmain.o(i.BS_Find_Dac_Out) refers to dflti.o(.text) for __aeabi_i2d
    st7735testmain.o(i.BS_Find_Dac_Out) refers to cdcmple.o(.text) for __aeabi_cdcmple
    st7735testmain.o(i.BS_Find_Dac_Out) refers to buttons_32.o(.data) for error
    st7735testmain.o(i.DrawScreenBase) refers to st7735.o(i.ST7735_FillScreen) for ST7735_FillScreen
    st7735testmain.o(i.DrawScreenBase) refers to st7735.o(i.ST7735_SetCursor) for ST7735_SetCursor
    st7735testmain.o(i.DrawScreenBase) refers to st7735.o(i.ST7735_OutString) for ST7735_OutString
    st7735testmain.o(i.DrawScreenBase) refers to st7735.o(i.ST7735_OutUDec) for ST7735_OutUDec
    st7735testmain.o(i.DrawScreenBase) refers to printfa.o(i.__0printf) for __2printf
    st7735testmain.o(i.DrawScreenBase) refers to st7735testmain.o(.data) for bits
    st7735testmain.o(i.DrawSuccessfulResults) refers to st7735testmain.o(i.convert_fp_to_uint64_t_rz) for convert_fp_to_uint64_t_rz
    st7735testmain.o(i.DrawSuccessfulResults) refers to st7735.o(i.ST7735_FillScreen) for ST7735_FillScreen
    st7735testmain.o(i.DrawSuccessfulResults) refers to st7735.o(i.ST7735_SetCursor) for ST7735_SetCursor
    st7735testmain.o(i.DrawSuccessfulResults) refers to printfa.o(i.__0printf) for __2printf
    st7735testmain.o(i.ResultIsCorrect) refers to st7735testmain.o(i.fixedpt_mul) for fixedpt_mul
    st7735testmain.o(i.ResultIsCorrect) refers to st7735testmain.o(i.convert_fp_to_uint64_t_rz) for convert_fp_to_uint64_t_rz
    st7735testmain.o(i.ResultIsCorrect) refers to st7735testmain.o(i.convert_uint64_t_to_fp) for convert_uint64_t_to_fp
    st7735testmain.o(i.ResultIsCorrect) refers to st7735.o(i.ST7735_FillScreen) for ST7735_FillScreen
    st7735testmain.o(i.ResultIsCorrect) refers to st7735.o(i.ST7735_SetCursor) for ST7735_SetCursor
    st7735testmain.o(i.ResultIsCorrect) refers to st7735.o(i.ST7735_OutUDec) for ST7735_OutUDec
    st7735testmain.o(i.ResultIsCorrect) refers to st7735testmain.o(.data) for degree
    st7735testmain.o(i.Timer0A_Handler) refers to adcswtrigger.o(i.ADC0_InSeq3) for ADC0_InSeq3
    st7735testmain.o(i.Timer0A_Handler) refers to st7735testmain.o(.data) for ADCvalue
    st7735testmain.o(i.Timer0A_Init100HzInt) refers to startup.o(.text) for DisableInterrupts
    st7735testmain.o(i.add_fp_uint64_t) refers to st7735testmain.o(i.convert_uint64_t_to_fp) for convert_uint64_t_to_fp
    st7735testmain.o(i.convert_double_to_fp) refers to dmul.o(.text) for __aeabi_dmul
    st7735testmain.o(i.convert_double_to_fp) refers to dfixul.o(.text) for __aeabi_d2ulz
    st7735testmain.o(i.convert_fp_to_uint64_t_rn) refers to uldiv.o(.text) for __aeabi_uldivmod
    st7735testmain.o(i.convert_fp_to_uint64_t_rz) refers to uldiv.o(.text) for __aeabi_uldivmod
    st7735testmain.o(i.div_fp) refers to uldiv.o(.text) for __aeabi_uldivmod
    st7735testmain.o(i.div_fp_uint64_t) refers to uldiv.o(.text) for __aeabi_uldivmod
    st7735testmain.o(i.fixedpt_div) refers to ldiv.o(.text) for __aeabi_ldivmod
    st7735testmain.o(i.getADCOutput) refers to dac.o(i.DAC_Out) for DAC_Out
    st7735testmain.o(i.getADCOutput) refers to adcswtrigger.o(i.ADC0_InSeq3) for ADC0_InSeq3
    st7735testmain.o(i.getADCOutput) refers to st7735.o(i.ST7735_SetCursor) for ST7735_SetCursor
    st7735testmain.o(i.getADCOutput) refers to dfltui.o(.text) for __aeabi_ui2d
    st7735testmain.o(i.getADCOutput) refers to ddiv.o(.text) for __aeabi_ddiv
    st7735testmain.o(i.getADCOutput) refers to dmul.o(.text) for __aeabi_dmul
    st7735testmain.o(i.getADCOutput) refers to dfixui.o(.text) for __aeabi_d2uiz
    st7735testmain.o(i.getADCOutput) refers to st7735.o(i.ST7735_OutUDec) for ST7735_OutUDec
    st7735testmain.o(i.main) refers to startup.o(.text) for DisableInterrupts
    st7735testmain.o(i.main) refers to pll.o(i.PLL_Init) for PLL_Init
    st7735testmain.o(i.main) refers to st7735.o(i.ST7735_InitR) for ST7735_InitR
    st7735testmain.o(i.main) refers to st7735testmain.o(i.Board_Init) for Board_Init
    st7735testmain.o(i.main) refers to switch.o(i.SwitchInit) for SwitchInit
    st7735testmain.o(i.main) refers to dac.o(i.DAC_Init) for DAC_Init
    st7735testmain.o(i.main) refers to adcswtrigger.o(i.ADC0_InitSWTriggerSeq3_Ch9) for ADC0_InitSWTriggerSeq3_Ch9
    st7735testmain.o(i.main) refers to st7735testmain.o(i.Timer0A_Init100HzInt) for Timer0A_Init100HzInt
    st7735testmain.o(i.main) refers to st7735testmain.o(i.Timer1_Init) for Timer1_Init
    st7735testmain.o(i.main) refers to st7735testmain.o(i.DrawScreenBase) for DrawScreenBase
    st7735testmain.o(i.main) refers to st7735testmain.o(i.Board_Input) for Board_Input
    st7735testmain.o(i.main) refers to cdrcmple.o(.text) for __aeabi_cdrcmple
    st7735testmain.o(i.main) refers to dadd.o(.text) for __aeabi_dsub
    st7735testmain.o(i.main) refers to cdcmple.o(.text) for __aeabi_cdcmple
    st7735testmain.o(i.main) refers to st7735testmain.o(i.DelayWaitms) for DelayWaitms
    st7735testmain.o(i.main) refers to st7735testmain.o(i.convert_double_to_fp) for convert_double_to_fp
    st7735testmain.o(i.main) refers to dflti.o(.text) for __aeabi_i2d
    st7735testmain.o(i.main) refers to st7735testmain.o(i.fixedpt_div) for fixedpt_div
    st7735testmain.o(i.main) refers to st7735testmain.o(i.div_fp) for div_fp
    st7735testmain.o(i.main) refers to switch.o(.data) for port_data
    st7735testmain.o(i.main) refers to st7735testmain.o(.data) for bits
    st7735testmain.o(i.main) refers to buttons_32.o(.data) for error
    st7735testmain.o(i.main) refers to st7735testmain.o(i.DrawSuccessfulResults) for DrawSuccessfulResults
    st7735testmain.o(i.main) refers to st7735testmain.o(i.convert_fp_to_uint64_t_rz) for convert_fp_to_uint64_t_rz
    st7735testmain.o(i.main) refers to st7735.o(i.ST7735_FillScreen) for ST7735_FillScreen
    st7735testmain.o(i.main) refers to st7735.o(i.ST7735_SetCursor) for ST7735_SetCursor
    st7735testmain.o(i.main) refers to st7735.o(i.ST7735_OutString) for ST7735_OutString
    st7735testmain.o(i.mult_fp) refers to uldiv.o(.text) for __aeabi_uldivmod
    st7735testmain.o(i.sub_fp_uint64_t) refers to st7735testmain.o(i.convert_uint64_t_to_fp) for convert_uint64_t_to_fp
    buttons_32.o(i.Bit_numbers_active) refers to buttons_32.o(.data) for bit_number
    buttons_32.o(i.Button_input) refers to cdcmple.o(.text) for __aeabi_cdcmpeq
    buttons_32.o(i.Button_input) refers to dadd.o(.text) for __aeabi_dadd
    buttons_32.o(i.Button_input) refers to cdrcmple.o(.text) for __aeabi_cdrcmple
    buttons_32.o(i.Button_input) refers to buttons_32.o(.data) for error
    buttons_32.o(i.GPIOPortF_Handler) refers to buttons_32.o(.data) for trim_status
    buttons_32.o(i.Read_Input) refers to buttons_32.o(.bss) for button_debouncer
    buttons_32.o(i.Trim_Algo) refers to buttons_32.o(.data) for trim_algo
    buttons_32.o(i.Trim_algo_status) refers to buttons_32.o(.data) for trim_status
    buttons_32.o(i.error_return) refers to dfixi.o(.text) for __aeabi_d2iz
    buttons_32.o(i.error_return) refers to buttons_32.o(.data) for error
    switch.o(i.SwitchInit) refers to switch.o(i.PortD_Init) for PortD_Init
    switch.o(i.SwitchInit) refers to switch.o(i.SysTick_Init) for SysTick_Init
    switch.o(i.SwitchInit) refers to switch.o(.data) for port_data
    switch.o(i.SysTick_Handler) refers to switch.o(.data) for port_data
    switch.o(i.SysTick_Init) refers to startup.o(.text) for StartCritical
    entry.o(.ARM.Collect$$$$00000000) refers (Special) to entry10a.o(.ARM.Collect$$$$0000000D) for __rt_final_cpp
    entry.o(.ARM.Collect$$$$00000000) refers (Special) to entry11a.o(.ARM.Collect$$$$0000000F) for __rt_final_exit
    entry.o(.ARM.Collect$$$$00000000) refers (Special) to entry7b.o(.ARM.Collect$$$$00000008) for _main_clock
    entry.o(.ARM.Collect$$$$00000000) refers (Special) to entry8b.o(.ARM.Collect$$$$0000000A) for _main_cpp_init
    entry.o(.ARM.Collect$$$$00000000) refers (Special) to entry9a.o(.ARM.Collect$$$$0000000B) for _main_init
    entry.o(.ARM.Collect$$$$00000000) refers (Special) to entry5.o(.ARM.Collect$$$$00000004) for _main_scatterload
    entry.o(.ARM.Collect$$$$00000000) refers (Special) to entry2.o(.ARM.Collect$$$$00000001) for _main_stk
    uldiv.o(.text) refers to llushr.o(.text) for __aeabi_llsr
    uldiv.o(.text) refers to llshl.o(.text) for __aeabi_llsl
    ldiv.o(.text) refers to uldiv.o(.text) for __aeabi_uldivmod
    printfb.o(i.__0fprintf$bare) refers to printfb.o(i._printf_core) for _printf_core
    printfb.o(i.__0fprintf$bare) refers to st7735.o(i.fputc) for fputc
    printfb.o(i.__0printf$bare) refers to printfb.o(i._printf_core) for _printf_core
    printfb.o(i.__0printf$bare) refers to st7735.o(i.fputc) for fputc
    printfb.o(i.__0printf$bare) refers to stdout.o(.data) for __stdout
    printfb.o(i.__0snprintf$bare) refers to printfb.o(i._printf_core) for _printf_core
    printfb.o(i.__0snprintf$bare) refers to printfb.o(i._snputc) for _snputc
    printfb.o(i.__0sprintf$bare) refers to printfb.o(i._printf_core) for _printf_core
    printfb.o(i.__0sprintf$bare) refers to printfb.o(i._sputc) for _sputc
    printfb.o(i.__0vfprintf$bare) refers to printfb.o(i._printf_core) for _printf_core
    printfb.o(i.__0vfprintf$bare) refers to st7735.o(i.fputc) for fputc
    printfb.o(i.__0vprintf$bare) refers to printfb.o(i._printf_core) for _printf_core
    printfb.o(i.__0vprintf$bare) refers to st7735.o(i.fputc) for fputc
    printfb.o(i.__0vprintf$bare) refers to stdout.o(.data) for __stdout
    printfb.o(i.__0vsnprintf$bare) refers to printfb.o(i._printf_core) for _printf_core
    printfb.o(i.__0vsnprintf$bare) refers to printfb.o(i._snputc) for _snputc
    printfb.o(i.__0vsprintf$bare) refers to printfb.o(i._printf_core) for _printf_core
    printfb.o(i.__0vsprintf$bare) refers to printfb.o(i._sputc) for _sputc
    printf0.o(i.__0fprintf$0) refers to printf0.o(i._printf_core) for _printf_core
    printf0.o(i.__0fprintf$0) refers to st7735.o(i.fputc) for fputc
    printf0.o(i.__0printf$0) refers to printf0.o(i._printf_core) for _printf_core
    printf0.o(i.__0printf$0) refers to st7735.o(i.fputc) for fputc
    printf0.o(i.__0printf$0) refers to stdout.o(.data) for __stdout
    printf0.o(i.__0snprintf$0) refers to printf0.o(i._printf_core) for _printf_core
    printf0.o(i.__0snprintf$0) refers to printf0.o(i._snputc) for _snputc
    printf0.o(i.__0sprintf$0) refers to printf0.o(i._printf_core) for _printf_core
    printf0.o(i.__0sprintf$0) refers to printf0.o(i._sputc) for _sputc
    printf0.o(i.__0vfprintf$0) refers to printf0.o(i._printf_core) for _printf_core
    printf0.o(i.__0vfprintf$0) refers to st7735.o(i.fputc) for fputc
    printf0.o(i.__0vprintf$0) refers to printf0.o(i._printf_core) for _printf_core
    printf0.o(i.__0vprintf$0) refers to st7735.o(i.fputc) for fputc
    printf0.o(i.__0vprintf$0) refers to stdout.o(.data) for __stdout
    printf0.o(i.__0vsnprintf$0) refers to printf0.o(i._printf_core) for _printf_core
    printf0.o(i.__0vsnprintf$0) refers to printf0.o(i._snputc) for _snputc
    printf0.o(i.__0vsprintf$0) refers to printf0.o(i._printf_core) for _printf_core
    printf0.o(i.__0vsprintf$0) refers to printf0.o(i._sputc) for _sputc
    printf1.o(i.__0fprintf$1) refers to printf1.o(i._printf_core) for _printf_core
    printf1.o(i.__0fprintf$1) refers to st7735.o(i.fputc) for fputc
    printf1.o(i.__0printf$1) refers to printf1.o(i._printf_core) for _printf_core
    printf1.o(i.__0printf$1) refers to st7735.o(i.fputc) for fputc
    printf1.o(i.__0printf$1) refers to stdout.o(.data) for __stdout
    printf1.o(i.__0snprintf$1) refers to printf1.o(i._printf_core) for _printf_core
    printf1.o(i.__0snprintf$1) refers to printf1.o(i._snputc) for _snputc
    printf1.o(i.__0sprintf$1) refers to printf1.o(i._printf_core) for _printf_core
    printf1.o(i.__0sprintf$1) refers to printf1.o(i._sputc) for _sputc
    printf1.o(i.__0vfprintf$1) refers to printf1.o(i._printf_core) for _printf_core
    printf1.o(i.__0vfprintf$1) refers to st7735.o(i.fputc) for fputc
    printf1.o(i.__0vprintf$1) refers to printf1.o(i._printf_core) for _printf_core
    printf1.o(i.__0vprintf$1) refers to st7735.o(i.fputc) for fputc
    printf1.o(i.__0vprintf$1) refers to stdout.o(.data) for __stdout
    printf1.o(i.__0vsnprintf$1) refers to printf1.o(i._printf_core) for _printf_core
    printf1.o(i.__0vsnprintf$1) refers to printf1.o(i._snputc) for _snputc
    printf1.o(i.__0vsprintf$1) refers to printf1.o(i._printf_core) for _printf_core
    printf1.o(i.__0vsprintf$1) refers to printf1.o(i._sputc) for _sputc
    printf1.o(i._printf_core) refers to uidiv.o(.text) for __aeabi_uidivmod
    printf2.o(i.__0fprintf$2) refers to printf2.o(i._printf_core) for _printf_core
    printf2.o(i.__0fprintf$2) refers to st7735.o(i.fputc) for fputc
    printf2.o(i.__0printf$2) refers to printf2.o(i._printf_core) for _printf_core
    printf2.o(i.__0printf$2) refers to st7735.o(i.fputc) for fputc
    printf2.o(i.__0printf$2) refers to stdout.o(.data) for __stdout
    printf2.o(i.__0snprintf$2) refers to printf2.o(i._printf_core) for _printf_core
    printf2.o(i.__0snprintf$2) refers to printf2.o(i._snputc) for _snputc
    printf2.o(i.__0sprintf$2) refers to printf2.o(i._printf_core) for _printf_core
    printf2.o(i.__0sprintf$2) refers to printf2.o(i._sputc) for _sputc
    printf2.o(i.__0vfprintf$2) refers to printf2.o(i._printf_core) for _printf_core
    printf2.o(i.__0vfprintf$2) refers to st7735.o(i.fputc) for fputc
    printf2.o(i.__0vprintf$2) refers to printf2.o(i._printf_core) for _printf_core
    printf2.o(i.__0vprintf$2) refers to st7735.o(i.fputc) for fputc
    printf2.o(i.__0vprintf$2) refers to stdout.o(.data) for __stdout
    printf2.o(i.__0vsnprintf$2) refers to printf2.o(i._printf_core) for _printf_core
    printf2.o(i.__0vsnprintf$2) refers to printf2.o(i._snputc) for _snputc
    printf2.o(i.__0vsprintf$2) refers to printf2.o(i._printf_core) for _printf_core
    printf2.o(i.__0vsprintf$2) refers to printf2.o(i._sputc) for _sputc
    printf3.o(i.__0fprintf$3) refers to printf3.o(i._printf_core) for _printf_core
    printf3.o(i.__0fprintf$3) refers to st7735.o(i.fputc) for fputc
    printf3.o(i.__0printf$3) refers to printf3.o(i._printf_core) for _printf_core
    printf3.o(i.__0printf$3) refers to st7735.o(i.fputc) for fputc
    printf3.o(i.__0printf$3) refers to stdout.o(.data) for __stdout
    printf3.o(i.__0snprintf$3) refers to printf3.o(i._printf_core) for _printf_core
    printf3.o(i.__0snprintf$3) refers to printf3.o(i._snputc) for _snputc
    printf3.o(i.__0sprintf$3) refers to printf3.o(i._printf_core) for _printf_core
    printf3.o(i.__0sprintf$3) refers to printf3.o(i._sputc) for _sputc
    printf3.o(i.__0vfprintf$3) refers to printf3.o(i._printf_core) for _printf_core
    printf3.o(i.__0vfprintf$3) refers to st7735.o(i.fputc) for fputc
    printf3.o(i.__0vprintf$3) refers to printf3.o(i._printf_core) for _printf_core
    printf3.o(i.__0vprintf$3) refers to st7735.o(i.fputc) for fputc
    printf3.o(i.__0vprintf$3) refers to stdout.o(.data) for __stdout
    printf3.o(i.__0vsnprintf$3) refers to printf3.o(i._printf_core) for _printf_core
    printf3.o(i.__0vsnprintf$3) refers to printf3.o(i._snputc) for _snputc
    printf3.o(i.__0vsprintf$3) refers to printf3.o(i._printf_core) for _printf_core
    printf3.o(i.__0vsprintf$3) refers to printf3.o(i._sputc) for _sputc
    printf3.o(i._printf_core) refers to uidiv.o(.text) for __aeabi_uidivmod
    printf4.o(i.__0fprintf$4) refers to printf4.o(i._printf_core) for _printf_core
    printf4.o(i.__0fprintf$4) refers to st7735.o(i.fputc) for fputc
    printf4.o(i.__0printf$4) refers to printf4.o(i._printf_core) for _printf_core
    printf4.o(i.__0printf$4) refers to st7735.o(i.fputc) for fputc
    printf4.o(i.__0printf$4) refers to stdout.o(.data) for __stdout
    printf4.o(i.__0snprintf$4) refers to printf4.o(i._printf_core) for _printf_core
    printf4.o(i.__0snprintf$4) refers to printf4.o(i._snputc) for _snputc
    printf4.o(i.__0sprintf$4) refers to printf4.o(i._printf_core) for _printf_core
    printf4.o(i.__0sprintf$4) refers to printf4.o(i._sputc) for _sputc
    printf4.o(i.__0vfprintf$4) refers to printf4.o(i._printf_core) for _printf_core
    printf4.o(i.__0vfprintf$4) refers to st7735.o(i.fputc) for fputc
    printf4.o(i.__0vprintf$4) refers to printf4.o(i._printf_core) for _printf_core
    printf4.o(i.__0vprintf$4) refers to st7735.o(i.fputc) for fputc
    printf4.o(i.__0vprintf$4) refers to stdout.o(.data) for __stdout
    printf4.o(i.__0vsnprintf$4) refers to printf4.o(i._printf_core) for _printf_core
    printf4.o(i.__0vsnprintf$4) refers to printf4.o(i._snputc) for _snputc
    printf4.o(i.__0vsprintf$4) refers to printf4.o(i._printf_core) for _printf_core
    printf4.o(i.__0vsprintf$4) refers to printf4.o(i._sputc) for _sputc
    printf4.o(i._printf_core) refers to uldiv.o(.text) for __aeabi_uldivmod
    printf5.o(i.__0fprintf$5) refers to printf5.o(i._printf_core) for _printf_core
    printf5.o(i.__0fprintf$5) refers to st7735.o(i.fputc) for fputc
    printf5.o(i.__0printf$5) refers to printf5.o(i._printf_core) for _printf_core
    printf5.o(i.__0printf$5) refers to st7735.o(i.fputc) for fputc
    printf5.o(i.__0printf$5) refers to stdout.o(.data) for __stdout
    printf5.o(i.__0snprintf$5) refers to printf5.o(i._printf_core) for _printf_core
    printf5.o(i.__0snprintf$5) refers to printf5.o(i._snputc) for _snputc
    printf5.o(i.__0sprintf$5) refers to printf5.o(i._printf_core) for _printf_core
    printf5.o(i.__0sprintf$5) refers to printf5.o(i._sputc) for _sputc
    printf5.o(i.__0vfprintf$5) refers to printf5.o(i._printf_core) for _printf_core
    printf5.o(i.__0vfprintf$5) refers to st7735.o(i.fputc) for fputc
    printf5.o(i.__0vprintf$5) refers to printf5.o(i._printf_core) for _printf_core
    printf5.o(i.__0vprintf$5) refers to st7735.o(i.fputc) for fputc
    printf5.o(i.__0vprintf$5) refers to stdout.o(.data) for __stdout
    printf5.o(i.__0vsnprintf$5) refers to printf5.o(i._printf_core) for _printf_core
    printf5.o(i.__0vsnprintf$5) refers to printf5.o(i._snputc) for _snputc
    printf5.o(i.__0vsprintf$5) refers to printf5.o(i._printf_core) for _printf_core
    printf5.o(i.__0vsprintf$5) refers to printf5.o(i._sputc) for _sputc
    printf5.o(i._printf_core) refers to uldiv.o(.text) for __aeabi_uldivmod
    printf6.o(i.__0fprintf$6) refers to printf6.o(i._printf_core) for _printf_core
    printf6.o(i.__0fprintf$6) refers to st7735.o(i.fputc) for fputc
    printf6.o(i.__0printf$6) refers to printf6.o(i._printf_core) for _printf_core
    printf6.o(i.__0printf$6) refers to st7735.o(i.fputc) for fputc
    printf6.o(i.__0printf$6) refers to stdout.o(.data) for __stdout
    printf6.o(i.__0snprintf$6) refers to printf6.o(i._printf_core) for _printf_core
    printf6.o(i.__0snprintf$6) refers to printf6.o(i._snputc) for _snputc
    printf6.o(i.__0sprintf$6) refers to printf6.o(i._printf_core) for _printf_core
    printf6.o(i.__0sprintf$6) refers to printf6.o(i._sputc) for _sputc
    printf6.o(i.__0vfprintf$6) refers to printf6.o(i._printf_core) for _printf_core
    printf6.o(i.__0vfprintf$6) refers to st7735.o(i.fputc) for fputc
    printf6.o(i.__0vprintf$6) refers to printf6.o(i._printf_core) for _printf_core
    printf6.o(i.__0vprintf$6) refers to st7735.o(i.fputc) for fputc
    printf6.o(i.__0vprintf$6) refers to stdout.o(.data) for __stdout
    printf6.o(i.__0vsnprintf$6) refers to printf6.o(i._printf_core) for _printf_core
    printf6.o(i.__0vsnprintf$6) refers to printf6.o(i._snputc) for _snputc
    printf6.o(i.__0vsprintf$6) refers to printf6.o(i._printf_core) for _printf_core
    printf6.o(i.__0vsprintf$6) refers to printf6.o(i._sputc) for _sputc
    printf6.o(i._printf_core) refers to printf6.o(i._printf_pre_padding) for _printf_pre_padding
    printf6.o(i._printf_core) refers to uidiv.o(.text) for __aeabi_uidivmod
    printf6.o(i._printf_core) refers to printf6.o(i._printf_post_padding) for _printf_post_padding
    printf7.o(i.__0fprintf$7) refers to printf7.o(i._printf_core) for _printf_core
    printf7.o(i.__0fprintf$7) refers to st7735.o(i.fputc) for fputc
    printf7.o(i.__0printf$7) refers to printf7.o(i._printf_core) for _printf_core
    printf7.o(i.__0printf$7) refers to st7735.o(i.fputc) for fputc
    printf7.o(i.__0printf$7) refers to stdout.o(.data) for __stdout
    printf7.o(i.__0snprintf$7) refers to printf7.o(i._printf_core) for _printf_core
    printf7.o(i.__0snprintf$7) refers to printf7.o(i._snputc) for _snputc
    printf7.o(i.__0sprintf$7) refers to printf7.o(i._printf_core) for _printf_core
    printf7.o(i.__0sprintf$7) refers to printf7.o(i._sputc) for _sputc
    printf7.o(i.__0vfprintf$7) refers to printf7.o(i._printf_core) for _printf_core
    printf7.o(i.__0vfprintf$7) refers to st7735.o(i.fputc) for fputc
    printf7.o(i.__0vprintf$7) refers to printf7.o(i._printf_core) for _printf_core
    printf7.o(i.__0vprintf$7) refers to st7735.o(i.fputc) for fputc
    printf7.o(i.__0vprintf$7) refers to stdout.o(.data) for __stdout
    printf7.o(i.__0vsnprintf$7) refers to printf7.o(i._printf_core) for _printf_core
    printf7.o(i.__0vsnprintf$7) refers to printf7.o(i._snputc) for _snputc
    printf7.o(i.__0vsprintf$7) refers to printf7.o(i._printf_core) for _printf_core
    printf7.o(i.__0vsprintf$7) refers to printf7.o(i._sputc) for _sputc
    printf7.o(i._printf_core) refers to printf7.o(i._printf_pre_padding) for _printf_pre_padding
    printf7.o(i._printf_core) refers to uldiv.o(.text) for __aeabi_uldivmod
    printf7.o(i._printf_core) refers to printf7.o(i._printf_post_padding) for _printf_post_padding
    printf8.o(i.__0fprintf$8) refers to printf8.o(i._printf_core) for _printf_core
    printf8.o(i.__0fprintf$8) refers to st7735.o(i.fputc) for fputc
    printf8.o(i.__0printf$8) refers to printf8.o(i._printf_core) for _printf_core
    printf8.o(i.__0printf$8) refers to st7735.o(i.fputc) for fputc
    printf8.o(i.__0printf$8) refers to stdout.o(.data) for __stdout
    printf8.o(i.__0snprintf$8) refers to printf8.o(i._printf_core) for _printf_core
    printf8.o(i.__0snprintf$8) refers to printf8.o(i._snputc) for _snputc
    printf8.o(i.__0sprintf$8) refers to printf8.o(i._printf_core) for _printf_core
    printf8.o(i.__0sprintf$8) refers to printf8.o(i._sputc) for _sputc
    printf8.o(i.__0vfprintf$8) refers to printf8.o(i._printf_core) for _printf_core
    printf8.o(i.__0vfprintf$8) refers to st7735.o(i.fputc) for fputc
    printf8.o(i.__0vprintf$8) refers to printf8.o(i._printf_core) for _printf_core
    printf8.o(i.__0vprintf$8) refers to st7735.o(i.fputc) for fputc
    printf8.o(i.__0vprintf$8) refers to stdout.o(.data) for __stdout
    printf8.o(i.__0vsnprintf$8) refers to printf8.o(i._printf_core) for _printf_core
    printf8.o(i.__0vsnprintf$8) refers to printf8.o(i._snputc) for _snputc
    printf8.o(i.__0vsprintf$8) refers to printf8.o(i._printf_core) for _printf_core
    printf8.o(i.__0vsprintf$8) refers to printf8.o(i._sputc) for _sputc
    printf8.o(i._printf_core) refers to printf8.o(i._printf_pre_padding) for _printf_pre_padding
    printf8.o(i._printf_core) refers to uldiv.o(.text) for __aeabi_uldivmod
    printf8.o(i._printf_core) refers to printf8.o(i._printf_post_padding) for _printf_post_padding
    printfa.o(i.__0fprintf) refers (Special) to iusefp.o(.text) for __I$use$fp
    printfa.o(i.__0fprintf) refers to printfa.o(i._printf_core) for _printf_core
    printfa.o(i.__0fprintf) refers to st7735.o(i.fputc) for fputc
    printfa.o(i.__0printf) refers (Special) to iusefp.o(.text) for __I$use$fp
    printfa.o(i.__0printf) refers to printfa.o(i._printf_core) for _printf_core
    printfa.o(i.__0printf) refers to st7735.o(i.fputc) for fputc
    printfa.o(i.__0printf) refers to stdout.o(.data) for __stdout
    printfa.o(i.__0snprintf) refers (Special) to iusefp.o(.text) for __I$use$fp
    printfa.o(i.__0snprintf) refers to printfa.o(i._printf_core) for _printf_core
    printfa.o(i.__0snprintf) refers to printfa.o(i._snputc) for _snputc
    printfa.o(i.__0sprintf) refers (Special) to iusefp.o(.text) for __I$use$fp
    printfa.o(i.__0sprintf) refers to printfa.o(i._printf_core) for _printf_core
    printfa.o(i.__0sprintf) refers to printfa.o(i._sputc) for _sputc
    printfa.o(i.__0vfprintf) refers (Special) to iusefp.o(.text) for __I$use$fp
    printfa.o(i.__0vfprintf) refers to printfa.o(i._printf_core) for _printf_core
    printfa.o(i.__0vfprintf) refers to st7735.o(i.fputc) for fputc
    printfa.o(i.__0vprintf) refers (Special) to iusefp.o(.text) for __I$use$fp
    printfa.o(i.__0vprintf) refers to printfa.o(i._printf_core) for _printf_core
    printfa.o(i.__0vprintf) refers to st7735.o(i.fputc) for fputc
    printfa.o(i.__0vprintf) refers to stdout.o(.data) for __stdout
    printfa.o(i.__0vsnprintf) refers (Special) to iusefp.o(.text) for __I$use$fp
    printfa.o(i.__0vsnprintf) refers to printfa.o(i._printf_core) for _printf_core
    printfa.o(i.__0vsnprintf) refers to printfa.o(i._snputc) for _snputc
    printfa.o(i.__0vsprintf) refers (Special) to iusefp.o(.text) for __I$use$fp
    printfa.o(i.__0vsprintf) refers to printfa.o(i._printf_core) for _printf_core
    printfa.o(i.__0vsprintf) refers to printfa.o(i._sputc) for _sputc
    printfa.o(i._fp_digits) refers (Special) to iusefp.o(.text) for __I$use$fp
    printfa.o(i._fp_digits) refers to dmul.o(.text) for __aeabi_dmul
    printfa.o(i._fp_digits) refers to ddiv.o(.text) for __aeabi_ddiv
    printfa.o(i._fp_digits) refers to cdrcmple.o(.text) for __aeabi_cdrcmple
    printfa.o(i._fp_digits) refers to dadd.o(.text) for __aeabi_dadd
    printfa.o(i._fp_digits) refers to dfixul.o(.text) for __aeabi_d2ulz
    printfa.o(i._fp_digits) refers to uldiv.o(.text) for __aeabi_uldivmod
    printfa.o(i._printf_core) refers (Special) to iusefp.o(.text) for __I$use$fp
    printfa.o(i._printf_core) refers to printfa.o(i._printf_pre_padding) for _printf_pre_padding
    printfa.o(i._printf_core) refers to uldiv.o(.text) for __aeabi_uldivmod
    printfa.o(i._printf_core) refers to printfa.o(i._printf_post_padding) for _printf_post_padding
    printfa.o(i._printf_core) refers to printfa.o(i._fp_digits) for _fp_digits
    printfa.o(i._printf_core) refers to uidiv.o(.text) for __aeabi_uidivmod
    printfa.o(i._printf_post_padding) refers (Special) to iusefp.o(.text) for __I$use$fp
    printfa.o(i._printf_pre_padding) refers (Special) to iusefp.o(.text) for __I$use$fp
    printfa.o(i._snputc) refers (Special) to iusefp.o(.text) for __I$use$fp
    printfa.o(i._sputc) refers (Special) to iusefp.o(.text) for __I$use$fp
    dadd.o(.text) refers (Special) to iusefp.o(.text) for __I$use$fp
    dadd.o(.text) refers to llshl.o(.text) for __aeabi_llsl
    dadd.o(.text) refers to llsshr.o(.text) for __aeabi_lasr
    dadd.o(.text) refers to depilogue.o(.text) for _double_epilogue
    dmul.o(.text) refers (Special) to iusefp.o(.text) for __I$use$fp
    dmul.o(.text) refers to depilogue.o(.text) for _double_epilogue
    ddiv.o(.text) refers (Special) to iusefp.o(.text) for __I$use$fp
    ddiv.o(.text) refers to depilogue.o(.text) for _double_round
    dflti.o(.text) refers (Special) to iusefp.o(.text) for __I$use$fp
    dflti.o(.text) refers to depilogue.o(.text) for _double_epilogue
    dfltui.o(.text) refers (Special) to iusefp.o(.text) for __I$use$fp
    dfltui.o(.text) refers to depilogue.o(.text) for _double_epilogue
    dfixi.o(.text) refers (Special) to iusefp.o(.text) for __I$use$fp
    dfixi.o(.text) refers to llushr.o(.text) for __aeabi_llsr
    dfixui.o(.text) refers (Special) to iusefp.o(.text) for __I$use$fp
    dfixui.o(.text) refers to llushr.o(.text) for __aeabi_llsr
    dfixul.o(.text) refers (Special) to iusefp.o(.text) for __I$use$fp
    dfixul.o(.text) refers to llushr.o(.text) for __aeabi_llsr
    dfixul.o(.text) refers to llshl.o(.text) for __aeabi_llsl
    cdcmple.o(.text) refers (Special) to iusefp.o(.text) for __I$use$fp
    cdrcmple.o(.text) refers (Special) to iusefp.o(.text) for __I$use$fp
    entry2.o(.ARM.Collect$$$$00000001) refers to entry2.o(.ARM.Collect$$$$00002712) for __lit__00000000
    entry2.o(.ARM.Collect$$$$00002712) refers to startup.o(STACK) for __initial_sp
    entry2.o(__vectab_stack_and_reset_area) refers to startup.o(STACK) for __initial_sp
    entry2.o(__vectab_stack_and_reset_area) refers to entry.o(.ARM.Collect$$$$00000000) for __main
    entry5.o(.ARM.Collect$$$$00000004) refers to init.o(.text) for __scatterload
    entry9a.o(.ARM.Collect$$$$0000000B) refers to st7735testmain.o(i.main) for main
    entry9b.o(.ARM.Collect$$$$0000000C) refers to st7735testmain.o(i.main) for main
    depilogue.o(.text) refers to llshl.o(.text) for __aeabi_llsl
    depilogue.o(.text) refers to llushr.o(.text) for __aeabi_llsr
    init.o(.text) refers to entry5.o(.ARM.Collect$$$$00000004) for __main_after_scatterload


==============================================================================

Removing Unused input sections from the image.

    Removing startup.o(HEAP), (0 bytes).
    Removing st7735.o(i.Output_Clear), (10 bytes).
    Removing st7735.o(i.Output_Color), (12 bytes).
    Removing st7735.o(i.Output_Init), (16 bytes).
    Removing st7735.o(i.Output_Off), (8 bytes).
    Removing st7735.o(i.Output_On), (8 bytes).
    Removing st7735.o(i.ST7735_Color565), (24 bytes).
    Removing st7735.o(i.ST7735_DrawBitmap), (288 bytes).
    Removing st7735.o(i.ST7735_DrawChar), (268 bytes).
    Removing st7735.o(i.ST7735_DrawFastHLine), (124 bytes).
    Removing st7735.o(i.ST7735_DrawFastVLine), (124 bytes).
    Removing st7735.o(i.ST7735_InitB), (40 bytes).
    Removing st7735.o(i.ST7735_InvertDisplay), (22 bytes).
    Removing st7735.o(i.ST7735_PlotBar), (88 bytes).
    Removing st7735.o(i.ST7735_PlotClear), (92 bytes).
    Removing st7735.o(i.ST7735_PlotLine), (264 bytes).
    Removing st7735.o(i.ST7735_PlotNext), (32 bytes).
    Removing st7735.o(i.ST7735_PlotNextErase), (64 bytes).
    Removing st7735.o(i.ST7735_PlotPoint), (152 bytes).
    Removing st7735.o(i.ST7735_PlotPoints), (172 bytes).
    Removing st7735.o(i.ST7735_PlotdBfs), (60 bytes).
    Removing st7735.o(i.ST7735_SetRotation), (212 bytes).
    Removing st7735.o(i.ST7735_SetTextColor), (12 bytes).
    Removing st7735.o(i.ST7735_SwapColor), (18 bytes).
    Removing st7735.o(i.ferror), (8 bytes).
    Removing st7735.o(i.fgetc), (6 bytes).
    Removing st7735testmain.o(i.BS_Find_Dac_Out), (128 bytes).
    Removing st7735testmain.o(i.ResultIsCorrect), (180 bytes).
    Removing st7735testmain.o(i.add_fp), (14 bytes).
    Removing st7735testmain.o(i.add_fp_uint64_t), (24 bytes).
    Removing st7735testmain.o(i.convert_fp_to_uint64_t_rn), (24 bytes).
    Removing st7735testmain.o(i.convert_uint64_t_to_fp), (32 bytes).
    Removing st7735testmain.o(i.div_fp_uint64_t), (28 bytes).
    Removing st7735testmain.o(i.fixedpt_mul), (16 bytes).
    Removing st7735testmain.o(i.getADCOutput), (112 bytes).
    Removing st7735testmain.o(i.mult_fp), (42 bytes).
    Removing st7735testmain.o(i.mult_fp_uint64_t), (20 bytes).
    Removing st7735testmain.o(i.sub_fp), (14 bytes).
    Removing st7735testmain.o(i.sub_fp_uint64_t), (26 bytes).
    Removing buttons_32.o(i.Bit_numbers_active), (12 bytes).
    Removing buttons_32.o(i.Button_input), (352 bytes).
    Removing buttons_32.o(i.EdgeCounter_Init), (200 bytes).
    Removing buttons_32.o(i.Read_Input), (172 bytes).
    Removing buttons_32.o(i.Trim_Algo), (12 bytes).
    Removing buttons_32.o(i.Trim_algo_status), (12 bytes).
    Removing buttons_32.o(i.error_return), (16 bytes).
    Removing buttons_32.o(.bss), (32 bytes).
    Removing dac.o(i.DAC_InitRaw), (188 bytes).
    Removing dac.o(i.DAC_Out), (24 bytes).
    Removing dac.o(i.DAC_Out2), (44 bytes).
    Removing dac.o(i.DAC_OutRaw), (60 bytes).
    Removing dfltui.o(.text), (26 bytes).
    Removing dfixi.o(.text), (62 bytes).
    Removing dfixui.o(.text), (50 bytes).

54 unused section(s) (total 4046 bytes) removed from the image.

==============================================================================

Image Symbol Table

    Local Symbols

    Symbol Name                              Value     Ov Type        Size  Object(Section)

    RESET                                    0x00000000   Section      644  startup.o(RESET)
    ../clib/../cmprslib/zerorunl2.c          0x00000000   Number         0  __dczerorl2.o ABSOLUTE
    ../clib/microlib/division.c              0x00000000   Number         0  uldiv.o ABSOLUTE
    ../clib/microlib/division.c              0x00000000   Number         0  ldiv.o ABSOLUTE
    ../clib/microlib/division.c              0x00000000   Number         0  uidiv.o ABSOLUTE
    ../clib/microlib/init/entry.s            0x00000000   Number         0  entry11a.o ABSOLUTE
    ../clib/microlib/init/entry.s            0x00000000   Number         0  entry10b.o ABSOLUTE
    ../clib/microlib/init/entry.s            0x00000000   Number         0  entry2.o ABSOLUTE
    ../clib/microlib/init/entry.s            0x00000000   Number         0  entry10a.o ABSOLUTE
    ../clib/microlib/init/entry.s            0x00000000   Number         0  entry9b.o ABSOLUTE
    ../clib/microlib/init/entry.s            0x00000000   Number         0  entry7a.o ABSOLUTE
    ../clib/microlib/init/entry.s            0x00000000   Number         0  entry5.o ABSOLUTE
    ../clib/microlib/init/entry.s            0x00000000   Number         0  entry.o ABSOLUTE
    ../clib/microlib/init/entry.s            0x00000000   Number         0  entry9a.o ABSOLUTE
    ../clib/microlib/init/entry.s            0x00000000   Number         0  entry8b.o ABSOLUTE
    ../clib/microlib/init/entry.s            0x00000000   Number         0  entry8a.o ABSOLUTE
    ../clib/microlib/init/entry.s            0x00000000   Number         0  entry7b.o ABSOLUTE
    ../clib/microlib/init/entry.s            0x00000000   Number         0  entry11b.o ABSOLUTE
    ../clib/microlib/longlong.c              0x00000000   Number         0  llushr.o ABSOLUTE
    ../clib/microlib/longlong.c              0x00000000   Number         0  llsshr.o ABSOLUTE
    ../clib/microlib/longlong.c              0x00000000   Number         0  llshl.o ABSOLUTE
    ../clib/microlib/printf/printf.c         0x00000000   Number         0  printf7.o ABSOLUTE
    ../clib/microlib/printf/printf.c         0x00000000   Number         0  printf6.o ABSOLUTE
    ../clib/microlib/printf/printf.c         0x00000000   Number         0  printf5.o ABSOLUTE
    ../clib/microlib/printf/printf.c         0x00000000   Number         0  printf4.o ABSOLUTE
    ../clib/microlib/printf/printf.c         0x00000000   Number         0  printf3.o ABSOLUTE
    ../clib/microlib/printf/printf.c         0x00000000   Number         0  printf2.o ABSOLUTE
    ../clib/microlib/printf/printf.c         0x00000000   Number         0  printf1.o ABSOLUTE
    ../clib/microlib/printf/printf.c         0x00000000   Number         0  printf0.o ABSOLUTE
    ../clib/microlib/printf/printf.c         0x00000000   Number         0  printfb.o ABSOLUTE
    ../clib/microlib/printf/printf.c         0x00000000   Number         0  printfa.o ABSOLUTE
    ../clib/microlib/printf/printf.c         0x00000000   Number         0  printf8.o ABSOLUTE
    ../clib/microlib/printf/stubs.s          0x00000000   Number         0  stubs.o ABSOLUTE
    ../clib/microlib/stdio/streams.c         0x00000000   Number         0  stdout.o ABSOLUTE
    ../clib/microlib/stubs.s                 0x00000000   Number         0  iusefp.o ABSOLUTE
    ../fplib/microlib/fpadd.c                0x00000000   Number         0  dadd.o ABSOLUTE
    ../fplib/microlib/fpdiv.c                0x00000000   Number         0  ddiv.o ABSOLUTE
    ../fplib/microlib/fpepilogue.c           0x00000000   Number         0  depilogue.o ABSOLUTE
    ../fplib/microlib/fpfix.c                0x00000000   Number         0  dfixul.o ABSOLUTE
    ../fplib/microlib/fpfix.c                0x00000000   Number         0  dfixui.o ABSOLUTE
    ../fplib/microlib/fpfix.c                0x00000000   Number         0  dfixi.o ABSOLUTE
    ../fplib/microlib/fpflt.c                0x00000000   Number         0  dfltui.o ABSOLUTE
    ../fplib/microlib/fpflt.c                0x00000000   Number         0  dflti.o ABSOLUTE
    ../fplib/microlib/fpmul.c                0x00000000   Number         0  dmul.o ABSOLUTE
    ADCSWTrigger.c                           0x00000000   Number         0  adcswtrigger.o ABSOLUTE
    Buttons_32.c                             0x00000000   Number         0  buttons_32.o ABSOLUTE
    DAC.c                                    0x00000000   Number         0  dac.o ABSOLUTE
    Lab1.c                                   0x00000000   Number         0  lab1.o ABSOLUTE
    PLL.c                                    0x00000000   Number         0  pll.o ABSOLUTE
    ST7735.c                                 0x00000000   Number         0  st7735.o ABSOLUTE
    ST7735TestMain.c                         0x00000000   Number         0  st7735testmain.o ABSOLUTE
    Switch.c                                 0x00000000   Number         0  switch.o ABSOLUTE
    TrimmingDisplayDriver.c                  0x00000000   Number         0  trimmingdisplaydriver.o ABSOLUTE
    cdcmple.s                                0x00000000   Number         0  cdcmple.o ABSOLUTE
    cdrcmple.s                               0x00000000   Number         0  cdrcmple.o ABSOLUTE
    dc.s                                     0x00000000   Number         0  dc.o ABSOLUTE
    fixed.c                                  0x00000000   Number         0  fixed.o ABSOLUTE
    handlers.s                               0x00000000   Number         0  handlers.o ABSOLUTE
    init.s                                   0x00000000   Number         0  init.o ABSOLUTE
    linear_case.c                            0x00000000   Number         0  linear_case.o ABSOLUTE
    startup.s                                0x00000000   Number         0  startup.o ABSOLUTE
    .ARM.Collect$$$$00000000                 0x00000284   Section        0  entry.o(.ARM.Collect$$$$00000000)
    .ARM.Collect$$$$00000001                 0x00000284   Section        4  entry2.o(.ARM.Collect$$$$00000001)
    .ARM.Collect$$$$00000004                 0x00000288   Section        4  entry5.o(.ARM.Collect$$$$00000004)
    .ARM.Collect$$$$00000008                 0x0000028c   Section        0  entry7b.o(.ARM.Collect$$$$00000008)
    .ARM.Collect$$$$0000000A                 0x0000028c   Section        0  entry8b.o(.ARM.Collect$$$$0000000A)
    .ARM.Collect$$$$0000000B                 0x0000028c   Section        8  entry9a.o(.ARM.Collect$$$$0000000B)
    .ARM.Collect$$$$0000000D                 0x00000294   Section        0  entry10a.o(.ARM.Collect$$$$0000000D)
    .ARM.Collect$$$$0000000F                 0x00000294   Section        0  entry11a.o(.ARM.Collect$$$$0000000F)
    .ARM.Collect$$$$00002712                 0x00000294   Section        4  entry2.o(.ARM.Collect$$$$00002712)
    __lit__00000000                          0x00000294   Data           4  entry2.o(.ARM.Collect$$$$00002712)
    .text                                    0x00000298   Section       28  startup.o(.text)
    .text                                    0x000002b4   Section        0  uldiv.o(.text)
    .text                                    0x00000316   Section        0  ldiv.o(.text)
    .text                                    0x00000370   Section        0  dadd.o(.text)
    .text                                    0x000004be   Section        0  dmul.o(.text)
    .text                                    0x000005a2   Section        0  ddiv.o(.text)
    .text                                    0x00000680   Section        0  dflti.o(.text)
    .text                                    0x000006a2   Section        0  dfixul.o(.text)
    .text                                    0x000006d4   Section       40  cdcmple.o(.text)
    .text                                    0x000006fc   Section       40  cdrcmple.o(.text)
    .text                                    0x00000724   Section        0  uidiv.o(.text)
    .text                                    0x00000750   Section        0  llshl.o(.text)
    .text                                    0x0000076e   Section        0  llushr.o(.text)
    .text                                    0x0000078e   Section        0  llsshr.o(.text)
    .text                                    0x000007b2   Section        0  iusefp.o(.text)
    .text                                    0x000007b2   Section        0  depilogue.o(.text)
    .text                                    0x00000870   Section       36  init.o(.text)
    .text                                    0x00000894   Section        0  __dczerorl2.o(.text)
    i.ADC0_InSeq3                            0x000008f0   Section        0  adcswtrigger.o(i.ADC0_InSeq3)
    i.ADC0_InitSWTriggerSeq3_Ch9             0x0000092c   Section        0  adcswtrigger.o(i.ADC0_InitSWTriggerSeq3_Ch9)
    i.Board_Init                             0x00000a18   Section        0  st7735testmain.o(i.Board_Init)
    i.Board_Input                            0x00000aac   Section        0  st7735testmain.o(i.Board_Input)
    i.DAC_Init                               0x00000ab8   Section        0  dac.o(i.DAC_Init)
    i.Delay1ms                               0x00000b5c   Section        0  st7735.o(i.Delay1ms)
    i.DelayWaitms                            0x00000b7c   Section        0  st7735testmain.o(i.DelayWaitms)
    i.DrawScreenBase                         0x00000b9c   Section        0  st7735testmain.o(i.DrawScreenBase)
    i.DrawSuccessfulResults                  0x00000c80   Section        0  st7735testmain.o(i.DrawSuccessfulResults)
    i.GPIOPortF_Handler                      0x00000d84   Section        0  buttons_32.o(i.GPIOPortF_Handler)
    i.PLL_Init                               0x00000db4   Section        0  pll.o(i.PLL_Init)
    i.PortD_Init                             0x00000e30   Section        0  switch.o(i.PortD_Init)
    i.ST7735_DrawCharS                       0x00000e9c   Section        0  st7735.o(i.ST7735_DrawCharS)
    i.ST7735_DrawPixel                       0x00000f90   Section        0  st7735.o(i.ST7735_DrawPixel)
    i.ST7735_DrawString                      0x00000fd8   Section        0  st7735.o(i.ST7735_DrawString)
    i.ST7735_FillRect                        0x00001030   Section        0  st7735.o(i.ST7735_FillRect)
    i.ST7735_FillScreen                      0x000010dc   Section        0  st7735.o(i.ST7735_FillScreen)
    i.ST7735_InitR                           0x00001100   Section        0  st7735.o(i.ST7735_InitR)
    i.ST7735_OutChar                         0x0000117c   Section        0  st7735.o(i.ST7735_OutChar)
    i.ST7735_OutString                       0x00001250   Section        0  st7735.o(i.ST7735_OutString)
    i.ST7735_OutUDec                         0x00001268   Section        0  st7735.o(i.ST7735_OutUDec)
    i.ST7735_SetCursor                       0x000012f4   Section        0  st7735.o(i.ST7735_SetCursor)
    i.SwitchInit                             0x00001314   Section        0  switch.o(i.SwitchInit)
    i.SysTick_Handler                        0x00001330   Section        0  switch.o(i.SysTick_Handler)
    i.SysTick_Init                           0x00001374   Section        0  switch.o(i.SysTick_Init)
    i.Timer0A_Handler                        0x000013b4   Section        0  st7735testmain.o(i.Timer0A_Handler)
    i.Timer0A_Init100HzInt                   0x000013f4   Section        0  st7735testmain.o(i.Timer0A_Init100HzInt)
    i.Timer1_Init                            0x0000146c   Section        0  st7735testmain.o(i.Timer1_Init)
    i.__0printf                              0x0000149c   Section        0  printfa.o(i.__0printf)
    i.__scatterload_copy                     0x000014bc   Section       14  handlers.o(i.__scatterload_copy)
    i.__scatterload_null                     0x000014ca   Section        2  handlers.o(i.__scatterload_null)
    i.__scatterload_zeroinit                 0x000014cc   Section       14  handlers.o(i.__scatterload_zeroinit)
    i._fp_digits                             0x000014dc   Section        0  printfa.o(i._fp_digits)
    _fp_digits                               0x000014dd   Thumb Code   326  printfa.o(i._fp_digits)
    i._printf_core                           0x00001638   Section        0  printfa.o(i._printf_core)
    _printf_core                             0x00001639   Thumb Code  1762  printfa.o(i._printf_core)
    i._printf_post_padding                   0x00001d28   Section        0  printfa.o(i._printf_post_padding)
    _printf_post_padding                     0x00001d29   Thumb Code    38  printfa.o(i._printf_post_padding)
    i._printf_pre_padding                    0x00001d4e   Section        0  printfa.o(i._printf_pre_padding)
    _printf_pre_padding                      0x00001d4f   Thumb Code    48  printfa.o(i._printf_pre_padding)
    i.commandList                            0x00001d7e   Section        0  st7735.o(i.commandList)
    commandList                              0x00001d7f   Thumb Code    86  st7735.o(i.commandList)
    i.commonInit                             0x00001dd4   Section        0  st7735.o(i.commonInit)
    commonInit                               0x00001dd5   Thumb Code   340  st7735.o(i.commonInit)
    i.convert_double_to_fp                   0x00001f58   Section        0  st7735testmain.o(i.convert_double_to_fp)
    i.convert_fp_to_uint64_t_rz              0x00001f7c   Section        0  st7735testmain.o(i.convert_fp_to_uint64_t_rz)
    i.div_fp                                 0x00001f9e   Section        0  st7735testmain.o(i.div_fp)
    i.fillmessage                            0x00001fcc   Section        0  st7735.o(i.fillmessage)
    i.fixedpt_div                            0x00002014   Section        0  st7735testmain.o(i.fixedpt_div)
    fixedpt_div                              0x00002015   Thumb Code    32  st7735testmain.o(i.fixedpt_div)
    i.fputc                                  0x00002034   Section        0  st7735.o(i.fputc)
    i.main                                   0x00002044   Section        0  st7735testmain.o(i.main)
    i.pushColor                              0x000027d8   Section        0  st7735.o(i.pushColor)
    pushColor                                0x000027d9   Thumb Code    18  st7735.o(i.pushColor)
    i.setAddrWindow                          0x000027ec   Section        0  st7735.o(i.setAddrWindow)
    setAddrWindow                            0x000027ed   Thumb Code   106  st7735.o(i.setAddrWindow)
    i.writecommand                           0x00002860   Section        0  st7735.o(i.writecommand)
    writecommand                             0x00002861   Thumb Code    40  st7735.o(i.writecommand)
    i.writedata                              0x00002890   Section        0  st7735.o(i.writedata)
    writedata                                0x00002891   Thumb Code    24  st7735.o(i.writedata)
    .constdata                               0x000028b0   Section     2018  st7735.o(.constdata)
    Font                                     0x000028b0   Data        1275  st7735.o(.constdata)
    Bcmd                                     0x00002dab   Data         103  st7735.o(.constdata)
    Rcmd1                                    0x00002e12   Data          59  st7735.o(.constdata)
    Rcmd2green                               0x00002e4d   Data          13  st7735.o(.constdata)
    Rcmd2red                                 0x00002e5a   Data          13  st7735.o(.constdata)
    Rcmd3                                    0x00002e67   Data          43  st7735.o(.constdata)
    .data                                    0x20000000   Section       44  st7735.o(.data)
    _width                                   0x2000000a   Data           2  st7735.o(.data)
    _height                                  0x2000000c   Data           2  st7735.o(.data)
    ColStart                                 0x20000014   Data           1  st7735.o(.data)
    RowStart                                 0x20000015   Data           1  st7735.o(.data)
    Rotation                                 0x20000016   Data           1  st7735.o(.data)
    TabColor                                 0x20000017   Data           1  st7735.o(.data)
    .data                                    0x20000030   Section    16600  st7735testmain.o(.data)
    sqrt_11_bits                             0x200000ac   Data        8192  st7735testmain.o(.data)
    cubic_11_bits                            0x200020ac   Data        8192  st7735testmain.o(.data)
    .data                                    0x20004108   Section       32  buttons_32.o(.data)
    .data                                    0x20004128   Section        8  switch.o(.data)
    .data                                    0x20004130   Section        4  stdout.o(.data)
    .bss                                     0x20004134   Section       12  st7735.o(.bss)
    STACK                                    0x20004140   Section     1024  startup.o(STACK)
    StackMem                                 0x20004140   Data           0  startup.o(STACK)

    Global Symbols

    Symbol Name                              Value     Ov Type        Size  Object(Section)

    BuildAttributes$$THM_ISAv4$E$P$D$K$B$S$7EM$PE$A:L22UL41UL21$X:L11$S22US41US21$IEEE1$IW$USESV6$~STKCKD$USESV7$~SHL$OSPACE$ROPI$EBA8$MICROLIB$REQ8$PRES8$EABIv2 0x00000000   Number         0  anon$$obj.o ABSOLUTE
    __ARM_use_no_argv                        0x00000000   Number         0  st7735testmain.o ABSOLUTE
    __Vectors                                0x00000000   Data           0  startup.o(RESET)
    _printf_a                                0x00000000   Number         0  stubs.o ABSOLUTE
    _printf_c                                0x00000000   Number         0  stubs.o ABSOLUTE
    _printf_charcount                        0x00000000   Number         0  stubs.o ABSOLUTE
    _printf_d                                0x00000000   Number         0  stubs.o ABSOLUTE
    _printf_e                                0x00000000   Number         0  stubs.o ABSOLUTE
    _printf_f                                0x00000000   Number         0  stubs.o ABSOLUTE
    _printf_flags                            0x00000000   Number         0  stubs.o ABSOLUTE
    _printf_fp_dec                           0x00000000   Number         0  stubs.o ABSOLUTE
    _printf_fp_hex                           0x00000000   Number         0  stubs.o ABSOLUTE
    _printf_g                                0x00000000   Number         0  stubs.o ABSOLUTE
    _printf_i                                0x00000000   Number         0  stubs.o ABSOLUTE
    _printf_int_dec                          0x00000000   Number         0  stubs.o ABSOLUTE
    _printf_l                                0x00000000   Number         0  stubs.o ABSOLUTE
    _printf_lc                               0x00000000   Number         0  stubs.o ABSOLUTE
    _printf_ll                               0x00000000   Number         0  stubs.o ABSOLUTE
    _printf_lld                              0x00000000   Number         0  stubs.o ABSOLUTE
    _printf_lli                              0x00000000   Number         0  stubs.o ABSOLUTE
    _printf_llo                              0x00000000   Number         0  stubs.o ABSOLUTE
    _printf_llu                              0x00000000   Number         0  stubs.o ABSOLUTE
    _printf_llx                              0x00000000   Number         0  stubs.o ABSOLUTE
    _printf_longlong_dec                     0x00000000   Number         0  stubs.o ABSOLUTE
    _printf_longlong_hex                     0x00000000   Number         0  stubs.o ABSOLUTE
    _printf_longlong_oct                     0x00000000   Number         0  stubs.o ABSOLUTE
    _printf_ls                               0x00000000   Number         0  stubs.o ABSOLUTE
    _printf_mbtowc                           0x00000000   Number         0  stubs.o ABSOLUTE
    _printf_n                                0x00000000   Number         0  stubs.o ABSOLUTE
    _printf_o                                0x00000000   Number         0  stubs.o ABSOLUTE
    _printf_p                                0x00000000   Number         0  stubs.o ABSOLUTE
    _printf_percent                          0x00000000   Number         0  stubs.o ABSOLUTE
    _printf_pre_padding                      0x00000000   Number         0  stubs.o ABSOLUTE
    _printf_return_value                     0x00000000   Number         0  stubs.o ABSOLUTE
    _printf_s                                0x00000000   Number         0  stubs.o ABSOLUTE
    _printf_sizespec                         0x00000000   Number         0  stubs.o ABSOLUTE
    _printf_str                              0x00000000   Number         0  stubs.o ABSOLUTE
    _printf_truncate_signed                  0x00000000   Number         0  stubs.o ABSOLUTE
    _printf_truncate_unsigned                0x00000000   Number         0  stubs.o ABSOLUTE
    _printf_u                                0x00000000   Number         0  stubs.o ABSOLUTE
    _printf_wc                               0x00000000   Number         0  stubs.o ABSOLUTE
    _printf_wctomb                           0x00000000   Number         0  stubs.o ABSOLUTE
    _printf_widthprec                        0x00000000   Number         0  stubs.o ABSOLUTE
    _printf_x                                0x00000000   Number         0  stubs.o ABSOLUTE
    __cpp_initialize__aeabi_                  - Undefined Weak Reference
    __cxa_finalize                            - Undefined Weak Reference
    _clock_init                               - Undefined Weak Reference
    _microlib_exit                            - Undefined Weak Reference
    Reset_Handler                            0x0000026d   Thumb Code     0  startup.o(RESET)
    NMI_Handler                              0x00000271   Thumb Code     2  startup.o(RESET)
    HardFault_Handler                        0x00000273   Thumb Code     2  startup.o(RESET)
    MemManage_Handler                        0x00000275   Thumb Code     2  startup.o(RESET)
    BusFault_Handler                         0x00000277   Thumb Code     2  startup.o(RESET)
    UsageFault_Handler                       0x00000279   Thumb Code     2  startup.o(RESET)
    SVC_Handler                              0x0000027b   Thumb Code     2  startup.o(RESET)
    DebugMon_Handler                         0x0000027d   Thumb Code     2  startup.o(RESET)
    PendSV_Handler                           0x0000027f   Thumb Code     2  startup.o(RESET)
    ADC0Seq0_Handler                         0x00000283   Thumb Code     0  startup.o(RESET)
    ADC0Seq1_Handler                         0x00000283   Thumb Code     0  startup.o(RESET)
    ADC0Seq2_Handler                         0x00000283   Thumb Code     0  startup.o(RESET)
    ADC0Seq3_Handler                         0x00000283   Thumb Code     0  startup.o(RESET)
    ADC1Seq0_Handler                         0x00000283   Thumb Code     0  startup.o(RESET)
    ADC1Seq1_Handler                         0x00000283   Thumb Code     0  startup.o(RESET)
    ADC1Seq2_Handler                         0x00000283   Thumb Code     0  startup.o(RESET)
    ADC1Seq3_Handler                         0x00000283   Thumb Code     0  startup.o(RESET)
    CAN0_Handler                             0x00000283   Thumb Code     0  startup.o(RESET)
    CAN1_Handler                             0x00000283   Thumb Code     0  startup.o(RESET)
    CAN2_Handler                             0x00000283   Thumb Code     0  startup.o(RESET)
    Comp0_Handler                            0x00000283   Thumb Code     0  startup.o(RESET)
    Comp1_Handler                            0x00000283   Thumb Code     0  startup.o(RESET)
    Comp2_Handler                            0x00000283   Thumb Code     0  startup.o(RESET)
    Ethernet_Handler                         0x00000283   Thumb Code     0  startup.o(RESET)
    ExtBus_Handler                           0x00000283   Thumb Code     0  startup.o(RESET)
    FPU_Handler                              0x00000283   Thumb Code     0  startup.o(RESET)
    Fan0_Handler                             0x00000283   Thumb Code     0  startup.o(RESET)
    FlashCtl_Handler                         0x00000283   Thumb Code     0  startup.o(RESET)
    GPIOPortA_Handler                        0x00000283   Thumb Code     0  startup.o(RESET)
    GPIOPortB_Handler                        0x00000283   Thumb Code     0  startup.o(RESET)
    GPIOPortC_Handler                        0x00000283   Thumb Code     0  startup.o(RESET)
    GPIOPortD_Handler                        0x00000283   Thumb Code     0  startup.o(RESET)
    GPIOPortE_Handler                        0x00000283   Thumb Code     0  startup.o(RESET)
    GPIOPortG_Handler                        0x00000283   Thumb Code     0  startup.o(RESET)
    GPIOPortH_Handler                        0x00000283   Thumb Code     0  startup.o(RESET)
    GPIOPortJ_Handler                        0x00000283   Thumb Code     0  startup.o(RESET)
    GPIOPortK_Handler                        0x00000283   Thumb Code     0  startup.o(RESET)
    GPIOPortL_Handler                        0x00000283   Thumb Code     0  startup.o(RESET)
    GPIOPortM_Handler                        0x00000283   Thumb Code     0  startup.o(RESET)
    GPIOPortN_Handler                        0x00000283   Thumb Code     0  startup.o(RESET)
    GPIOPortP1_Handler                       0x00000283   Thumb Code     0  startup.o(RESET)
    GPIOPortP2_Handler                       0x00000283   Thumb Code     0  startup.o(RESET)
    GPIOPortP3_Handler                       0x00000283   Thumb Code     0  startup.o(RESET)
    GPIOPortP4_Handler                       0x00000283   Thumb Code     0  startup.o(RESET)
    GPIOPortP5_Handler                       0x00000283   Thumb Code     0  startup.o(RESET)
    GPIOPortP6_Handler                       0x00000283   Thumb Code     0  startup.o(RESET)
    GPIOPortP7_Handler                       0x00000283   Thumb Code     0  startup.o(RESET)
    GPIOPortP_Handler                        0x00000283   Thumb Code     0  startup.o(RESET)
    GPIOPortQ1_Handler                       0x00000283   Thumb Code     0  startup.o(RESET)
    GPIOPortQ2_Handler                       0x00000283   Thumb Code     0  startup.o(RESET)
    GPIOPortQ3_Handler                       0x00000283   Thumb Code     0  startup.o(RESET)
    GPIOPortQ4_Handler                       0x00000283   Thumb Code     0  startup.o(RESET)
    GPIOPortQ5_Handler                       0x00000283   Thumb Code     0  startup.o(RESET)
    GPIOPortQ6_Handler                       0x00000283   Thumb Code     0  startup.o(RESET)
    GPIOPortQ7_Handler                       0x00000283   Thumb Code     0  startup.o(RESET)
    GPIOPortQ_Handler                        0x00000283   Thumb Code     0  startup.o(RESET)
    GPIOPortR_Handler                        0x00000283   Thumb Code     0  startup.o(RESET)
    GPIOPortS_Handler                        0x00000283   Thumb Code     0  startup.o(RESET)
    Hibernate_Handler                        0x00000283   Thumb Code     0  startup.o(RESET)
    I2C0_Handler                             0x00000283   Thumb Code     0  startup.o(RESET)
    I2C1_Handler                             0x00000283   Thumb Code     0  startup.o(RESET)
    I2C2_Handler                             0x00000283   Thumb Code     0  startup.o(RESET)
    I2C3_Handler                             0x00000283   Thumb Code     0  startup.o(RESET)
    I2C4_Handler                             0x00000283   Thumb Code     0  startup.o(RESET)
    I2C5_Handler                             0x00000283   Thumb Code     0  startup.o(RESET)
    I2S0_Handler                             0x00000283   Thumb Code     0  startup.o(RESET)
    LPC0_Handler                             0x00000283   Thumb Code     0  startup.o(RESET)
    PECI0_Handler                            0x00000283   Thumb Code     0  startup.o(RESET)
    PWM0Fault_Handler                        0x00000283   Thumb Code     0  startup.o(RESET)
    PWM0Generator0_Handler                   0x00000283   Thumb Code     0  startup.o(RESET)
    PWM0Generator1_Handler                   0x00000283   Thumb Code     0  startup.o(RESET)
    PWM0Generator2_Handler                   0x00000283   Thumb Code     0  startup.o(RESET)
    PWM0Generator3_Handler                   0x00000283   Thumb Code     0  startup.o(RESET)
    PWM1Fault_Handler                        0x00000283   Thumb Code     0  startup.o(RESET)
    PWM1Generator0_Handler                   0x00000283   Thumb Code     0  startup.o(RESET)
    PWM1Generator1_Handler                   0x00000283   Thumb Code     0  startup.o(RESET)
    PWM1Generator2_Handler                   0x00000283   Thumb Code     0  startup.o(RESET)
    PWM1Generator3_Handler                   0x00000283   Thumb Code     0  startup.o(RESET)
    Quadrature0_Handler                      0x00000283   Thumb Code     0  startup.o(RESET)
    Quadrature1_Handler                      0x00000283   Thumb Code     0  startup.o(RESET)
    Quadrature2_Handler                      0x00000283   Thumb Code     0  startup.o(RESET)
    SSI0_Handler                             0x00000283   Thumb Code     0  startup.o(RESET)
    SSI1_Handler                             0x00000283   Thumb Code     0  startup.o(RESET)
    SSI2_Handler                             0x00000283   Thumb Code     0  startup.o(RESET)
    SSI3_Handler                             0x00000283   Thumb Code     0  startup.o(RESET)
    SysCtl_Handler                           0x00000283   Thumb Code     0  startup.o(RESET)
    Timer0B_Handler                          0x00000283   Thumb Code     0  startup.o(RESET)
    Timer1A_Handler                          0x00000283   Thumb Code     0  startup.o(RESET)
    Timer1B_Handler                          0x00000283   Thumb Code     0  startup.o(RESET)
    Timer2A_Handler                          0x00000283   Thumb Code     0  startup.o(RESET)
    Timer2B_Handler                          0x00000283   Thumb Code     0  startup.o(RESET)
    Timer3A_Handler                          0x00000283   Thumb Code     0  startup.o(RESET)
    Timer3B_Handler                          0x00000283   Thumb Code     0  startup.o(RESET)
    Timer4A_Handler                          0x00000283   Thumb Code     0  startup.o(RESET)
    Timer4B_Handler                          0x00000283   Thumb Code     0  startup.o(RESET)
    Timer5A_Handler                          0x00000283   Thumb Code     0  startup.o(RESET)
    Timer5B_Handler                          0x00000283   Thumb Code     0  startup.o(RESET)
    UART0_Handler                            0x00000283   Thumb Code     0  startup.o(RESET)
    UART1_Handler                            0x00000283   Thumb Code     0  startup.o(RESET)
    UART2_Handler                            0x00000283   Thumb Code     0  startup.o(RESET)
    UART3_Handler                            0x00000283   Thumb Code     0  startup.o(RESET)
    UART4_Handler                            0x00000283   Thumb Code     0  startup.o(RESET)
    UART5_Handler                            0x00000283   Thumb Code     0  startup.o(RESET)
    UART6_Handler                            0x00000283   Thumb Code     0  startup.o(RESET)
    UART7_Handler                            0x00000283   Thumb Code     0  startup.o(RESET)
    USB0_Handler                             0x00000283   Thumb Code     0  startup.o(RESET)
    WDT_Handler                              0x00000283   Thumb Code     0  startup.o(RESET)
    WideTimer0A_Handler                      0x00000283   Thumb Code     0  startup.o(RESET)
    WideTimer0B_Handler                      0x00000283   Thumb Code     0  startup.o(RESET)
    WideTimer1A_Handler                      0x00000283   Thumb Code     0  startup.o(RESET)
    WideTimer1B_Handler                      0x00000283   Thumb Code     0  startup.o(RESET)
    WideTimer2A_Handler                      0x00000283   Thumb Code     0  startup.o(RESET)
    WideTimer2B_Handler                      0x00000283   Thumb Code     0  startup.o(RESET)
    WideTimer3A_Handler                      0x00000283   Thumb Code     0  startup.o(RESET)
    WideTimer3B_Handler                      0x00000283   Thumb Code     0  startup.o(RESET)
    WideTimer4A_Handler                      0x00000283   Thumb Code     0  startup.o(RESET)
    WideTimer4B_Handler                      0x00000283   Thumb Code     0  startup.o(RESET)
    WideTimer5A_Handler                      0x00000283   Thumb Code     0  startup.o(RESET)
    WideTimer5B_Handler                      0x00000283   Thumb Code     0  startup.o(RESET)
    uDMA_Error                               0x00000283   Thumb Code     0  startup.o(RESET)
    uDMA_Handler                             0x00000283   Thumb Code     0  startup.o(RESET)
    __main                                   0x00000285   Thumb Code     0  entry.o(.ARM.Collect$$$$00000000)
    _main_stk                                0x00000285   Thumb Code     0  entry2.o(.ARM.Collect$$$$00000001)
    _main_scatterload                        0x00000289   Thumb Code     0  entry5.o(.ARM.Collect$$$$00000004)
    __main_after_scatterload                 0x0000028d   Thumb Code     0  entry5.o(.ARM.Collect$$$$00000004)
    _main_clock                              0x0000028d   Thumb Code     0  entry7b.o(.ARM.Collect$$$$00000008)
    _main_cpp_init                           0x0000028d   Thumb Code     0  entry8b.o(.ARM.Collect$$$$0000000A)
    _main_init                               0x0000028d   Thumb Code     0  entry9a.o(.ARM.Collect$$$$0000000B)
    __rt_final_cpp                           0x00000295   Thumb Code     0  entry10a.o(.ARM.Collect$$$$0000000D)
    __rt_final_exit                          0x00000295   Thumb Code     0  entry11a.o(.ARM.Collect$$$$0000000F)
    DisableInterrupts                        0x00000299   Thumb Code     0  startup.o(.text)
    EnableInterrupts                         0x0000029d   Thumb Code     0  startup.o(.text)
    StartCritical                            0x000002a1   Thumb Code     0  startup.o(.text)
    EndCritical                              0x000002a9   Thumb Code     0  startup.o(.text)
    WaitForInterrupt                         0x000002af   Thumb Code     0  startup.o(.text)
    __aeabi_uldivmod                         0x000002b5   Thumb Code    98  uldiv.o(.text)
    __aeabi_ldivmod                          0x00000317   Thumb Code    90  ldiv.o(.text)
    __aeabi_dadd                             0x00000371   Thumb Code   322  dadd.o(.text)
    __aeabi_dsub                             0x000004b3   Thumb Code     6  dadd.o(.text)
    __aeabi_drsub                            0x000004b9   Thumb Code     6  dadd.o(.text)
    __aeabi_dmul                             0x000004bf   Thumb Code   228  dmul.o(.text)
    __aeabi_ddiv                             0x000005a3   Thumb Code   222  ddiv.o(.text)
    __aeabi_i2d                              0x00000681   Thumb Code    34  dflti.o(.text)
    __aeabi_d2ulz                            0x000006a3   Thumb Code    48  dfixul.o(.text)
    __aeabi_cdcmpeq                          0x000006d5   Thumb Code     0  cdcmple.o(.text)
    __aeabi_cdcmple                          0x000006d5   Thumb Code    38  cdcmple.o(.text)
    __aeabi_cdrcmple                         0x000006fd   Thumb Code    38  cdrcmple.o(.text)
    __aeabi_uidiv                            0x00000725   Thumb Code     0  uidiv.o(.text)
    __aeabi_uidivmod                         0x00000725   Thumb Code    44  uidiv.o(.text)
    __aeabi_llsl                             0x00000751   Thumb Code    30  llshl.o(.text)
    _ll_shift_l                              0x00000751   Thumb Code     0  llshl.o(.text)
    __aeabi_llsr                             0x0000076f   Thumb Code    32  llushr.o(.text)
    _ll_ushift_r                             0x0000076f   Thumb Code     0  llushr.o(.text)
    __aeabi_lasr                             0x0000078f   Thumb Code    36  llsshr.o(.text)
    _ll_sshift_r                             0x0000078f   Thumb Code     0  llsshr.o(.text)
    __I$use$fp                               0x000007b3   Thumb Code     0  iusefp.o(.text)
    _double_round                            0x000007b3   Thumb Code    26  depilogue.o(.text)
    _double_epilogue                         0x000007cd   Thumb Code   164  depilogue.o(.text)
    __scatterload                            0x00000871   Thumb Code    28  init.o(.text)
    __scatterload_rt2                        0x00000871   Thumb Code     0  init.o(.text)
    __decompress                             0x00000895   Thumb Code     0  __dczerorl2.o(.text)
    __decompress1                            0x00000895   Thumb Code    92  __dczerorl2.o(.text)
    ADC0_InSeq3                              0x000008f1   Thumb Code    48  adcswtrigger.o(i.ADC0_InSeq3)
    ADC0_InitSWTriggerSeq3_Ch9               0x0000092d   Thumb Code   206  adcswtrigger.o(i.ADC0_InitSWTriggerSeq3_Ch9)
    Board_Init                               0x00000a19   Thumb Code   128  st7735testmain.o(i.Board_Init)
    Board_Input                              0x00000aad   Thumb Code     6  st7735testmain.o(i.Board_Input)
    DAC_Init                                 0x00000ab9   Thumb Code   136  dac.o(i.DAC_Init)
    Delay1ms                                 0x00000b5d   Thumb Code    32  st7735.o(i.Delay1ms)
    DelayWaitms                              0x00000b7d   Thumb Code    32  st7735testmain.o(i.DelayWaitms)
    DrawScreenBase                           0x00000b9d   Thumb Code   116  st7735testmain.o(i.DrawScreenBase)
    DrawSuccessfulResults                    0x00000c81   Thumb Code   204  st7735testmain.o(i.DrawSuccessfulResults)
    GPIOPortF_Handler                        0x00000d85   Thumb Code    30  buttons_32.o(i.GPIOPortF_Handler)
    PLL_Init                                 0x00000db5   Thumb Code   118  pll.o(i.PLL_Init)
    PortD_Init                               0x00000e31   Thumb Code    92  switch.o(i.PortD_Init)
    ST7735_DrawCharS                         0x00000e9d   Thumb Code   232  st7735.o(i.ST7735_DrawCharS)
    ST7735_DrawPixel                         0x00000f91   Thumb Code    64  st7735.o(i.ST7735_DrawPixel)
    ST7735_DrawString                        0x00000fd9   Thumb Code    86  st7735.o(i.ST7735_DrawString)
    ST7735_FillRect                          0x00001031   Thumb Code   164  st7735.o(i.ST7735_FillRect)
    ST7735_FillScreen                        0x000010dd   Thumb Code    28  st7735.o(i.ST7735_FillScreen)
    ST7735_InitR                             0x00001101   Thumb Code    90  st7735.o(i.ST7735_InitR)
    ST7735_OutChar                           0x0000117d   Thumb Code   176  st7735.o(i.ST7735_OutChar)
    ST7735_OutString                         0x00001251   Thumb Code    24  st7735.o(i.ST7735_OutString)
    ST7735_OutUDec                           0x00001269   Thumb Code   118  st7735.o(i.ST7735_OutUDec)
    ST7735_SetCursor                         0x000012f5   Thumb Code    22  st7735.o(i.ST7735_SetCursor)
    SwitchInit                               0x00001315   Thumb Code    20  switch.o(i.SwitchInit)
    SysTick_Handler                          0x00001331   Thumb Code    50  switch.o(i.SysTick_Handler)
    SysTick_Init                             0x00001375   Thumb Code    58  switch.o(i.SysTick_Init)
    Timer0A_Handler                          0x000013b5   Thumb Code    52  st7735testmain.o(i.Timer0A_Handler)
    Timer0A_Init100HzInt                     0x000013f5   Thumb Code    98  st7735testmain.o(i.Timer0A_Init100HzInt)
    Timer1_Init                              0x0000146d   Thumb Code    38  st7735testmain.o(i.Timer1_Init)
    __0printf                                0x0000149d   Thumb Code    22  printfa.o(i.__0printf)
    __1printf                                0x0000149d   Thumb Code     0  printfa.o(i.__0printf)
    __2printf                                0x0000149d   Thumb Code     0  printfa.o(i.__0printf)
    __c89printf                              0x0000149d   Thumb Code     0  printfa.o(i.__0printf)
    printf                                   0x0000149d   Thumb Code     0  printfa.o(i.__0printf)
    __scatterload_copy                       0x000014bd   Thumb Code    14  handlers.o(i.__scatterload_copy)
    __scatterload_null                       0x000014cb   Thumb Code     2  handlers.o(i.__scatterload_null)
    __scatterload_zeroinit                   0x000014cd   Thumb Code    14  handlers.o(i.__scatterload_zeroinit)
    convert_double_to_fp                     0x00001f59   Thumb Code    32  st7735testmain.o(i.convert_double_to_fp)
    convert_fp_to_uint64_t_rz                0x00001f7d   Thumb Code    34  st7735testmain.o(i.convert_fp_to_uint64_t_rz)
    div_fp                                   0x00001f9f   Thumb Code    46  st7735testmain.o(i.div_fp)
    fillmessage                              0x00001fcd   Thumb Code    64  st7735.o(i.fillmessage)
    fputc                                    0x00002035   Thumb Code    16  st7735.o(i.fputc)
    main                                     0x00002045   Thumb Code  1868  st7735testmain.o(i.main)
    dBfs                                     0x00002e92   Data         512  st7735.o(.constdata)
    Region$$Table$$Base                      0x00003094   Number         0  anon$$obj.o(Region$$Table)
    Region$$Table$$Limit                     0x000030b4   Number         0  anon$$obj.o(Region$$Table)
    StX                                      0x20000000   Data           4  st7735.o(.data)
    StY                                      0x20000004   Data           4  st7735.o(.data)
    StTextColor                              0x20000008   Data           2  st7735.o(.data)
    lastj                                    0x20000010   Data           4  st7735.o(.data)
    Messageindex                             0x20000018   Data           4  st7735.o(.data)
    Ymax                                     0x2000001c   Data           4  st7735.o(.data)
    Ymin                                     0x20000020   Data           4  st7735.o(.data)
    X                                        0x20000024   Data           4  st7735.o(.data)
    Yrange                                   0x20000028   Data           4  st7735.o(.data)
    quadratic11                              0x20000030   Data          98  st7735testmain.o(.data)
    cubic11                                  0x20000092   Data          24  st7735testmain.o(.data)
    start                                    0x200040ac   Data           4  st7735testmain.o(.data)
    positivelow                              0x200040b0   Data          16  st7735testmain.o(.data)
    positivemid                              0x200040c0   Data          16  st7735testmain.o(.data)
    positivehigh                             0x200040d0   Data          16  st7735testmain.o(.data)
    bits                                     0x200040e0   Data           4  st7735testmain.o(.data)
    degree                                   0x200040e4   Data           4  st7735testmain.o(.data)
    target                                   0x200040e8   Data           8  st7735testmain.o(.data)
    printError                               0x200040f0   Data           8  st7735testmain.o(.data)
    dac_max_v                                0x200040f8   Data           4  st7735testmain.o(.data)
    dac_min_v                                0x200040fc   Data           4  st7735testmain.o(.data)
    num_bits                                 0x20004100   Data           4  st7735testmain.o(.data)
    ADCvalue                                 0x20004104   Data           4  st7735testmain.o(.data)
    error                                    0x20004108   Data           8  buttons_32.o(.data)
    target_error                             0x20004110   Data           8  buttons_32.o(.data)
    bit_number                               0x20004118   Data           4  buttons_32.o(.data)
    trim_status                              0x2000411c   Data           4  buttons_32.o(.data)
    trim_algo                                0x20004120   Data           4  buttons_32.o(.data)
    counter                                  0x20004124   Data           4  buttons_32.o(.data)
    heartbeat                                0x20004128   Data           4  switch.o(.data)
    port_data                                0x2000412c   Data           4  switch.o(.data)
    __stdout                                 0x20004130   Data           4  stdout.o(.data)
    Message                                  0x20004134   Data          12  st7735.o(.bss)
    __initial_sp                             0x20004540   Data           0  startup.o(STACK)



==============================================================================

Memory Map of the image

  Image Entry point : 0x0000026d

  Load Region LR_1 (Base: 0x00000000, Size: 0x000071e8, Max: 0xffffffff, ABSOLUTE, COMPRESSED[0x0000648c])

    Execution Region ER_RO (Base: 0x00000000, Size: 0x000030b4, Max: 0xffffffff, ABSOLUTE)

    Base Addr    Size         Type   Attr      Idx    E Section Name        Object

    0x00000000   0x00000284   Code   RO            3  * RESET               startup.o
    0x00000284   0x00000000   Code   RO          669  * .ARM.Collect$$$$00000000  mc_w.l(entry.o)
    0x00000284   0x00000004   Code   RO          957    .ARM.Collect$$$$00000001  mc_w.l(entry2.o)
    0x00000288   0x00000004   Code   RO          960    .ARM.Collect$$$$00000004  mc_w.l(entry5.o)
    0x0000028c   0x00000000   Code   RO          962    .ARM.Collect$$$$00000008  mc_w.l(entry7b.o)
    0x0000028c   0x00000000   Code   RO          964    .ARM.Collect$$$$0000000A  mc_w.l(entry8b.o)
    0x0000028c   0x00000008   Code   RO          965    .ARM.Collect$$$$0000000B  mc_w.l(entry9a.o)
    0x00000294   0x00000000   Code   RO          967    .ARM.Collect$$$$0000000D  mc_w.l(entry10a.o)
    0x00000294   0x00000000   Code   RO          969    .ARM.Collect$$$$0000000F  mc_w.l(entry11a.o)
    0x00000294   0x00000004   Code   RO          958    .ARM.Collect$$$$00002712  mc_w.l(entry2.o)
    0x00000298   0x0000001c   Code   RO            4    .text               startup.o
    0x000002b4   0x00000062   Code   RO          672    .text               mc_w.l(uldiv.o)
    0x00000316   0x0000005a   Code   RO          674    .text               mc_w.l(ldiv.o)
    0x00000370   0x0000014e   Code   RO          937    .text               mf_w.l(dadd.o)
    0x000004be   0x000000e4   Code   RO          939    .text               mf_w.l(dmul.o)
    0x000005a2   0x000000de   Code   RO          941    .text               mf_w.l(ddiv.o)
    0x00000680   0x00000022   Code   RO          943    .text               mf_w.l(dflti.o)
    0x000006a2   0x00000030   Code   RO          951    .text               mf_w.l(dfixul.o)
    0x000006d2   0x00000002   PAD
    0x000006d4   0x00000028   Code   RO          953    .text               mf_w.l(cdcmple.o)
    0x000006fc   0x00000028   Code   RO          955    .text               mf_w.l(cdrcmple.o)
    0x00000724   0x0000002c   Code   RO          972    .text               mc_w.l(uidiv.o)
    0x00000750   0x0000001e   Code   RO          974    .text               mc_w.l(llshl.o)
    0x0000076e   0x00000020   Code   RO          976    .text               mc_w.l(llushr.o)
    0x0000078e   0x00000024   Code   RO          978    .text               mc_w.l(llsshr.o)
    0x000007b2   0x00000000   Code   RO          980    .text               mc_w.l(iusefp.o)
    0x000007b2   0x000000be   Code   RO          981    .text               mf_w.l(depilogue.o)
    0x00000870   0x00000024   Code   RO          983    .text               mc_w.l(init.o)
    0x00000894   0x0000005c   Code   RO          993    .text               mc_w.l(__dczerorl2.o)
    0x000008f0   0x0000003c   Code   RO          582    i.ADC0_InSeq3       adcswtrigger.o
    0x0000092c   0x000000ec   Code   RO          583    i.ADC0_InitSWTriggerSeq3_Ch9  adcswtrigger.o
    0x00000a18   0x00000094   Code   RO          311    i.Board_Init        st7735testmain.o
    0x00000aac   0x0000000c   Code   RO          312    i.Board_Input       st7735testmain.o
    0x00000ab8   0x000000a4   Code   RO          600    i.DAC_Init          dac.o
    0x00000b5c   0x00000020   Code   RO           34    i.Delay1ms          st7735.o
    0x00000b7c   0x00000020   Code   RO          313    i.DelayWaitms       st7735testmain.o
    0x00000b9c   0x000000e4   Code   RO          314    i.DrawScreenBase    st7735testmain.o
    0x00000c80   0x00000104   Code   RO          315    i.DrawSuccessfulResults  st7735testmain.o
    0x00000d84   0x00000030   Code   RO          515    i.GPIOPortF_Handler  buttons_32.o
    0x00000db4   0x0000007c   Code   RO           12    i.PLL_Init          pll.o
    0x00000e30   0x0000006c   Code   RO          636    i.PortD_Init        switch.o
    0x00000e9c   0x000000f4   Code   RO           43    i.ST7735_DrawCharS  st7735.o
    0x00000f90   0x00000048   Code   RO           46    i.ST7735_DrawPixel  st7735.o
    0x00000fd8   0x00000056   Code   RO           47    i.ST7735_DrawString  st7735.o
    0x0000102e   0x00000002   PAD
    0x00001030   0x000000ac   Code   RO           48    i.ST7735_FillRect   st7735.o
    0x000010dc   0x00000024   Code   RO           49    i.ST7735_FillScreen  st7735.o
    0x00001100   0x0000007c   Code   RO           51    i.ST7735_InitR      st7735.o
    0x0000117c   0x000000d4   Code   RO           53    i.ST7735_OutChar    st7735.o
    0x00001250   0x00000018   Code   RO           54    i.ST7735_OutString  st7735.o
    0x00001268   0x0000008c   Code   RO           55    i.ST7735_OutUDec    st7735.o
    0x000012f4   0x00000020   Code   RO           64    i.ST7735_SetCursor  st7735.o
    0x00001314   0x0000001c   Code   RO          637    i.SwitchInit        switch.o
    0x00001330   0x00000044   Code   RO          638    i.SysTick_Handler   switch.o
    0x00001374   0x00000040   Code   RO          639    i.SysTick_Init      switch.o
    0x000013b4   0x00000040   Code   RO          317    i.Timer0A_Handler   st7735testmain.o
    0x000013f4   0x00000078   Code   RO          318    i.Timer0A_Init100HzInt  st7735testmain.o
    0x0000146c   0x00000030   Code   RO          319    i.Timer1_Init       st7735testmain.o
    0x0000149c   0x00000020   Code   RO          909    i.__0printf         mc_w.l(printfa.o)
    0x000014bc   0x0000000e   Code   RO          987    i.__scatterload_copy  mc_w.l(handlers.o)
    0x000014ca   0x00000002   Code   RO          988    i.__scatterload_null  mc_w.l(handlers.o)
    0x000014cc   0x0000000e   Code   RO          989    i.__scatterload_zeroinit  mc_w.l(handlers.o)
    0x000014da   0x00000002   PAD
    0x000014dc   0x0000015c   Code   RO          916    i._fp_digits        mc_w.l(printfa.o)
    0x00001638   0x000006f0   Code   RO          917    i._printf_core      mc_w.l(printfa.o)
    0x00001d28   0x00000026   Code   RO          918    i._printf_post_padding  mc_w.l(printfa.o)
    0x00001d4e   0x00000030   Code   RO          919    i._printf_pre_padding  mc_w.l(printfa.o)
    0x00001d7e   0x00000056   Code   RO           68    i.commandList       st7735.o
    0x00001dd4   0x00000184   Code   RO           69    i.commonInit        st7735.o
    0x00001f58   0x00000024   Code   RO          322    i.convert_double_to_fp  st7735testmain.o
    0x00001f7c   0x00000022   Code   RO          324    i.convert_fp_to_uint64_t_rz  st7735testmain.o
    0x00001f9e   0x0000002e   Code   RO          326    i.div_fp            st7735testmain.o
    0x00001fcc   0x00000048   Code   RO           72    i.fillmessage       st7735.o
    0x00002014   0x00000020   Code   RO          328    i.fixedpt_div       st7735testmain.o
    0x00002034   0x00000010   Code   RO           73    i.fputc             st7735.o
    0x00002044   0x00000794   Code   RO          331    i.main              st7735testmain.o
    0x000027d8   0x00000012   Code   RO           74    i.pushColor         st7735.o
    0x000027ea   0x00000002   PAD
    0x000027ec   0x00000074   Code   RO           75    i.setAddrWindow     st7735.o
    0x00002860   0x00000030   Code   RO           76    i.writecommand      st7735.o
    0x00002890   0x00000020   Code   RO           77    i.writedata         st7735.o
    0x000028b0   0x000007e2   Data   RO           79    .constdata          st7735.o
    0x00003092   0x00000002   PAD
    0x00003094   0x00000020   Data   RO          985    Region$$Table       anon$$obj.o


    Execution Region ER_RW (Base: 0x20000000, Size: 0x00004134, Max: 0xffffffff, ABSOLUTE, COMPRESSED[0x000033d8])

    Base Addr    Size         Type   Attr      Idx    E Section Name        Object

    0x20000000   0x0000002c   Data   RW           80    .data               st7735.o
    0x2000002c   0x00000004   PAD
    0x20000030   0x000040d8   Data   RW          336    .data               st7735testmain.o
    0x20004108   0x00000020   Data   RW          521    .data               buttons_32.o
    0x20004128   0x00000008   Data   RW          640    .data               switch.o
    0x20004130   0x00000004   Data   RW          971    .data               mc_w.l(stdout.o)


    Execution Region ER_ZI (Base: 0x20004134, Size: 0x0000040c, Max: 0xffffffff, ABSOLUTE)

    Base Addr    Size         Type   Attr      Idx    E Section Name        Object

    0x20004134   0x0000000c   Zero   RW           78    .bss                st7735.o
    0x20004140   0x00000400   Zero   RW            1    STACK               startup.o


==============================================================================

Image component sizes


      Code (inc. data)   RO Data    RW Data    ZI Data      Debug   Object Name

       296         42          0          0          0        983   adcswtrigger.o
        48         18          0         32          0       1327   buttons_32.o
       164         28          0          0          0        463   dac.o
       124          6          0          0          0       4667   pll.o
      1950        220       2018         44         12      15713   st7735.o
      3000        418          0      16600          0      12793   st7735testmain.o
       672        622          0          0       1024        980   startup.o
       268         48          0          8          0       2001   switch.o

    ----------------------------------------------------------------------
      6526       1402       2052      16688       1036      38927   Object Totals
         0          0         32          0          0          0   (incl. Generated)
         4          0          2          4          0          0   (incl. Padding)

    ----------------------------------------------------------------------

      Code (inc. data)   RO Data    RW Data    ZI Data      Debug   Library Member Name

        92          0          0          0          0          0   __dczerorl2.o
         0          0          0          0          0          0   entry.o
         0          0          0          0          0          0   entry10a.o
         0          0          0          0          0          0   entry11a.o
         8          4          0          0          0          0   entry2.o
         4          0          0          0          0          0   entry5.o
         0          0          0          0          0          0   entry7b.o
         0          0          0          0          0          0   entry8b.o
         8          4          0          0          0          0   entry9a.o
        30          0          0          0          0          0   handlers.o
        36          8          0          0          0         68   init.o
         0          0          0          0          0          0   iusefp.o
        90          0          0          0          0         84   ldiv.o
        30          0          0          0          0         68   llshl.o
        36          0          0          0          0         68   llsshr.o
        32          0          0          0          0         68   llushr.o
      2242         90          0          0          0        444   printfa.o
         0          0          0          4          0          0   stdout.o
        44          0          0          0          0         80   uidiv.o
        98          0          0          0          0         92   uldiv.o
        40          2          0          0          0         68   cdcmple.o
        40          2          0          0          0         68   cdrcmple.o
       334          0          0          0          0        148   dadd.o
       222          0          0          0          0        100   ddiv.o
       190          0          0          0          0        176   depilogue.o
        48          0          0          0          0         68   dfixul.o
        34          0          0          0          0         76   dflti.o
       228          0          0          0          0         96   dmul.o

    ----------------------------------------------------------------------
      3890        110          0          4          0       1772   Library Totals
         4          0          0          0          0          0   (incl. Padding)

    ----------------------------------------------------------------------

      Code (inc. data)   RO Data    RW Data    ZI Data      Debug   Library Name

      2750        106          0          4          0        972   mc_w.l
      1136          4          0          0          0        800   mf_w.l

    ----------------------------------------------------------------------
      3890        110          0          4          0       1772   Library Totals

    ----------------------------------------------------------------------

==============================================================================


      Code (inc. data)   RO Data    RW Data    ZI Data      Debug   

     10416       1512       2052      16692       1036      37787   Grand Totals
     10416       1512       2052      13272       1036      37787   ELF Image Totals (compressed)
     10416       1512       2052      13272          0          0   ROM Totals

==============================================================================

    Total RO  Size (Code + RO Data)                12468 (  12.18kB)
    Total RW  Size (RW Data + ZI Data)             17728 (  17.31kB)
    Total ROM Size (Code + RO Data + RW Data)      25740 (  25.14kB)

==============================================================================

