<html>
<body>
<pre>
<h1>µVision Build Log</h1>
<h2>Project:</h2>
C:\Users\Samuel\Desktop\Senior-Design\Senior_Design_Midsemester_Demo\Midsemester Demo Project\ST7735.uvproj
Project File Date:  04/24/2018

<h2>Output:</h2>
Build target 'ST7735'
linking...
Program Size: Code=10416 RO-data=2052 RW-data=16692 ZI-data=1036  
".\MidSemDemo.axf" - 0 Error(s), 0 Warning(s).
Load "C:\\Users\\Samuel\\Desktop\\Senior-Design\\Senior_Design_Midsemester_Demo\\Midsemester Demo Project\\MidSemDemo.axf" 
Connecting: Mode=JTAG, Speed=1000000Hz
Erase Done.
Programming Done.
Verify OK.
